Archive member included to satisfy reference by file (symbol)

app/libapp.a(main.c.obj)      (--whole-archive)
zephyr/libzephyr.a(cbprintf.c.obj)
                              (--whole-archive)
zephyr/libzephyr.a(cbprintf_packaged.c.obj)
                              (--whole-archive)
zephyr/libzephyr.a(crc32c_sw.c.obj)
                              (--whole-archive)
zephyr/libzephyr.a(crc32_sw.c.obj)
                              (--whole-archive)
zephyr/libzephyr.a(crc16_sw.c.obj)
                              (--whole-archive)
zephyr/libzephyr.a(crc8_sw.c.obj)
                              (--whole-archive)
zephyr/libzephyr.a(crc7_sw.c.obj)
                              (--whole-archive)
zephyr/libzephyr.a(dec.c.obj)
                              (--whole-archive)
zephyr/libzephyr.a(fdtable.c.obj)
                              (--whole-archive)
zephyr/libzephyr.a(hex.c.obj)
                              (--whole-archive)
zephyr/libzephyr.a(notify.c.obj)
                              (--whole-archive)
zephyr/libzephyr.a(printk.c.obj)
                              (--whole-archive)
zephyr/libzephyr.a(onoff.c.obj)
                              (--whole-archive)
zephyr/libzephyr.a(rb.c.obj)  (--whole-archive)
zephyr/libzephyr.a(sem.c.obj)
                              (--whole-archive)
zephyr/libzephyr.a(thread_entry.c.obj)
                              (--whole-archive)
zephyr/libzephyr.a(timeutil.c.obj)
                              (--whole-archive)
zephyr/libzephyr.a(heap.c.obj)
                              (--whole-archive)
zephyr/libzephyr.a(heap-validate.c.obj)
                              (--whole-archive)
zephyr/libzephyr.a(bitarray.c.obj)
                              (--whole-archive)
zephyr/libzephyr.a(multi_heap.c.obj)
                              (--whole-archive)
zephyr/libzephyr.a(cbprintf_complete.c.obj)
                              (--whole-archive)
zephyr/libzephyr.a(assert.c.obj)
                              (--whole-archive)
zephyr/libzephyr.a(reboot.c.obj)
                              (--whole-archive)
zephyr/libzephyr.a(configs.c.obj)
                              (--whole-archive)
zephyr/libzephyr.a(soc.c.obj)
                              (--whole-archive)
zephyr/libzephyr.a(power.c.obj)
                              (--whole-archive)
zephyr/libzephyr.a(soc_nrf_common.S.obj)
                              (--whole-archive)
zephyr/libzephyr.a(validate_base_addresses.c.obj)
                              (--whole-archive)
zephyr/libzephyr.a(validate_enabled_instances.c.obj)
                              (--whole-archive)
zephyr/libzephyr.a(log_minimal.c.obj)
                              (--whole-archive)
zephyr/libzephyr.a(pm.c.obj)  (--whole-archive)
zephyr/libzephyr.a(constraint.c.obj)
                              (--whole-archive)
zephyr/libzephyr.a(residency.c.obj)
                              (--whole-archive)
zephyr/libzephyr.a(tracing_none.c.obj)
                              (--whole-archive)
zephyr/libzephyr.a(spm.c.obj)
                              (--whole-archive)
zephyr/libzephyr.a(secure_services.c.obj)
                              (--whole-archive)
zephyr/libzephyr.a(flash_map_partition_manager.c.obj)
                              (--whole-archive)
zephyr/libzephyr.a(nrf_cc3xx_platform_abort_zephyr.c.obj)
                              (--whole-archive)
zephyr/libzephyr.a(nrf_cc3xx_platform_mutex_zephyr.c.obj)
                              (--whole-archive)
zephyr/arch/common/libarch__common.a(sw_isr_common.c.obj)
                              (--whole-archive)
zephyr/arch/arch/arm/core/aarch32/libarch__arm__core__aarch32.a(cpu_idle.S.obj)
                              (--whole-archive)
zephyr/arch/arch/arm/core/aarch32/libarch__arm__core__aarch32.a(fatal.c.obj)
                              (--whole-archive)
zephyr/arch/arch/arm/core/aarch32/libarch__arm__core__aarch32.a(irq_manage.c.obj)
                              (--whole-archive)
zephyr/arch/arch/arm/core/aarch32/libarch__arm__core__aarch32.a(nmi.c.obj)
                              (--whole-archive)
zephyr/arch/arch/arm/core/aarch32/libarch__arm__core__aarch32.a(nmi_on_reset.S.obj)
                              (--whole-archive)
zephyr/arch/arch/arm/core/aarch32/libarch__arm__core__aarch32.a(prep_c.c.obj)
                              (--whole-archive)
zephyr/arch/arch/arm/core/aarch32/libarch__arm__core__aarch32.a(swap.c.obj)
                              (--whole-archive)
zephyr/arch/arch/arm/core/aarch32/libarch__arm__core__aarch32.a(swap_helper.S.obj)
                              (--whole-archive)
zephyr/arch/arch/arm/core/aarch32/libarch__arm__core__aarch32.a(thread.c.obj)
                              (--whole-archive)
zephyr/arch/arch/arm/core/aarch32/libarch__arm__core__aarch32.a(isr_wrapper.S.obj)
                              (--whole-archive)
zephyr/arch/arch/arm/core/aarch32/cortex_m/libarch__arm__core__aarch32__cortex_m.a(exc_exit.S.obj)
                              (--whole-archive)
[...]
Memory Configuration

Name             Origin             Length             Attributes
FLASH            0x00000000         0x00010000         xr
SRAM             0x20000000         0x00008000         xw
IDT_LIST         0xfffff7ff         0x00000800         xw
*default*        0x00000000         0xffffffff

Linker script and memory map

LOAD zephyr/CMakeFiles/zephyr_pre0.dir/misc/empty_file.c.obj
                0x00000020                _region_min_align = 0x20

.rel.plt        0x00000000        0x0
 *(SORT_BY_ALIGNMENT(.rel.plt))
                [!provide]                PROVIDE (__rel_iplt_start = .)
 *(SORT_BY_ALIGNMENT(.rel.iplt))
 .rel.iplt      0x00000000        0x0 app/libapp.a(main.c.obj)
                [!provide]                PROVIDE (__rel_iplt_end = .)

.rela.plt       0x00000000        0x0
 *(SORT_BY_ALIGNMENT(.rela.plt))
                [!provide]                PROVIDE (__rela_iplt_start = .)
 *(SORT_BY_ALIGNMENT(.rela.iplt))
                [!provide]                PROVIDE (__rela_iplt_end = .)

.rel.dyn
 *(SORT_BY_ALIGNMENT(.rel.*))

.rela.dyn
 *(SORT_BY_ALIGNMENT(.rela.*))

/DISCARD/
 *(SORT_BY_ALIGNMENT(.plt))
 *(SORT_BY_ALIGNMENT(.iplt))
 *(SORT_BY_ALIGNMENT(.got.plt))
 *(SORT_BY_ALIGNMENT(.igot.plt))
 *(SORT_BY_ALIGNMENT(.got))
 *(SORT_BY_ALIGNMENT(.igot))
 *(SORT_BY_ALIGNMENT(.note.GNU-stack))
                0x00000000                __rom_region_start = 0x0

rom_start       0x00000000      0x23c
                0x00000000                . = 0x0
                0x00000000                . = ALIGN (0x4)
                0x00000000                . = ALIGN (0x80)
                0x00000000                . = ALIGN (0x200)
                0x00000000                _vector_start = .
 *(SORT_BY_ALIGNMENT(.exc_vector_table))
 *(SORT_BY_ALIGNMENT(.exc_vector_table.*))
 .exc_vector_table._vector_table_section
                0x00000000       0x40 zephyr/arch/arch/arm/core/aarch32/cortex_m/libarch__arm__core__aarch32__cortex_m.a(vector_table.S.obj)
                0x00000000                _vector_table
 *(SORT_BY_ALIGNMENT(.gnu.linkonce.irq_vector_table*))
 .gnu.linkonce.irq_vector_table
                0x00000040      0x104 zephyr/arch/common/libisr_tables.a(isr_tables.c.obj)
                0x00000040                _irq_vector_table
 *(SORT_BY_ALIGNMENT(.vectors))
                0x00000144                _vector_end = .
                0x00000200                . = 0x200
 *fill*         0x00000144       0xbc 
                0x00000200                _fw_info_start = .
 *(SORT_BY_NAME(SORT_BY_ALIGNMENT(.firmware_info*)))
 .firmware_info
                0x00000200       0x3c modules/nrf/subsys/fw_info/lib..__nrf__subsys__fw_info.a(fw_info.c.obj)
                0x00000200                m_firmware_info
                0x0000003c                _fw_info_size = ABSOLUTE ((. - _fw_info_start))

text            0x0000023c     0x8d64
                0x0000023c                __text_region_start = .
 *(SORT_BY_ALIGNMENT(.text))
 .text          0x0000023c       0x30 c:/nordicsdk/v1.9.1/toolchain/opt/bin/../lib/gcc/arm-none-eabi/9.2.1/thumb/v8-m.main/nofp\libgcc.a(_aeabi_uldivmod.o)
                0x0000023c                __aeabi_uldivmod
 .text          0x0000026c      0x2c8 c:/nordicsdk/v1.9.1/toolchain/opt/bin/../lib/gcc/arm-none-eabi/9.2.1/thumb/v8-m.main/nofp\libgcc.a(_udivmoddi4.o)
                0x0000026c                __udivmoddi4
 .text          0x00000534        0x4 c:/nordicsdk/v1.9.1/toolchain/opt/bin/../lib/gcc/arm-none-eabi/9.2.1/thumb/v8-m.main/nofp\libgcc.a(_dvmd_tls.o)
                0x00000534                __aeabi_idiv0
                0x00000534                __aeabi_ldiv0
 .text          0x00000538       0x2a c:/nordicsdk/v1.9.1/toolchain/opt/bin/../lib/gcc/arm-none-eabi/9.2.1/thumb/v8-m.main/nofp\libgcc.a(cmse_nonsecure_call.o)
                0x00000538                __gnu_cmse_nonsecure_call
 *(SORT_BY_ALIGNMENT(.text.*))
 *fill*         0x00000562        0x2 
 .text.char_out
                0x00000564       0x10 zephyr/libzephyr.a(printk.c.obj)
 .text.__printk_hook_install
                0x00000574        0xc zephyr/libzephyr.a(printk.c.obj)
                0x00000574                __printk_hook_install
 .text.vprintk  0x00000580       0x1c zephyr/libzephyr.a(printk.c.obj)
                0x00000580                vprintk
 .text.cbvprintf
                0x0000059c      0x780 zephyr/libzephyr.a(cbprintf_complete.c.obj)
                0x0000059c                cbvprintf
 .text.sys_reboot
                0x00000d1c       0x30 zephyr/libzephyr.a(reboot.c.obj)
                0x00000d1c                sys_reboot
 .text.nordicsemi_nrf91_init
                0x00000d4c       0x28 zephyr/libzephyr.a(soc.c.obj)
 .text.arch_busy_wait
                0x00000d74       0x14 zephyr/libzephyr.a(soc.c.obj)
                0x00000d74                arch_busy_wait
 .text.pm_power_state_set
                0x00000d88       0x28 zephyr/libzephyr.a(power.c.obj)
                0x00000d88                pm_power_state_set
 .text.pm_state_notify
                0x00000db0       0xa8 zephyr/libzephyr.a(pm.c.obj)
 .text.atomic_test_and_set_bit.constprop.0
                0x00000e58       0x30 zephyr/libzephyr.a(pm.c.obj)
 .text.pm_system_resume
                0x00000e88       0x80 zephyr/libzephyr.a(pm.c.obj)
                0x00000e88                pm_system_resume
 .text.pm_system_suspend
                0x00000f08       0xf0 zephyr/libzephyr.a(pm.c.obj)
                0x00000f08                pm_system_suspend
 .text.__NVIC_DisableIRQ
                0x00000ff8       0x28 zephyr/libzephyr.a(spm.c.obj)
 .text.config_regions
                0x00001020       0xd8 zephyr/libzephyr.a(spm.c.obj)
 .text.spm_jump
                0x000010f8       0xc0 zephyr/libzephyr.a(spm.c.obj)
                0x000010f8                spm_jump
 .text.spm_config
                0x000011b8      0x1d4 zephyr/libzephyr.a(spm.c.obj)
                0x000011b8                spm_config
 .text.spm_secure_services_init
                0x0000138c       0x10 zephyr/libzephyr.a(secure_services.c.obj)
                0x0000138c                spm_secure_services_init
 .text.spm_request_read_nse
                0x0000139c       0x68 zephyr/libzephyr.a(secure_services.c.obj)
                0x0000139c                __acle_se_spm_request_read_nse
 .text.spm_request_random_number_nse
                0x00001404       0x48 zephyr/libzephyr.a(secure_services.c.obj)
                0x00001404                __acle_se_spm_request_random_number_nse
 .text.spm_firmware_info_nse
                0x0000144c       0x88 zephyr/libzephyr.a(secure_services.c.obj)
                0x0000144c                __acle_se_spm_firmware_info_nse
 .text.nrf_cc3xx_platform_abort_init
                0x000014d4        0xc zephyr/libzephyr.a(nrf_cc3xx_platform_abort_zephyr.c.obj)
                0x000014d4                nrf_cc3xx_platform_abort_init
 .text.mutex_unlock_platform
                0x000014e0       0x44 zephyr/libzephyr.a(nrf_cc3xx_platform_mutex_zephyr.c.obj)
 .text.mutex_free_platform
                0x00001524       0x48 zephyr/libzephyr.a(nrf_cc3xx_platform_mutex_zephyr.c.obj)
 .text.mutex_init_platform
                0x0000156c       0x70 zephyr/libzephyr.a(nrf_cc3xx_platform_mutex_zephyr.c.obj)
 .text.mutex_lock_platform
                0x000015dc       0x50 zephyr/libzephyr.a(nrf_cc3xx_platform_mutex_zephyr.c.obj)
 .text.nrf_cc3xx_platform_mutex_init
                0x0000162c       0x2c zephyr/libzephyr.a(nrf_cc3xx_platform_mutex_zephyr.c.obj)
                0x0000162c                nrf_cc3xx_platform_mutex_init
 .text.z_arm_cpu_idle_init
                0x00001658        0xc zephyr/arch/arch/arm/core/aarch32/libarch__arm__core__aarch32.a(cpu_idle.S.obj)
                0x00001658                z_arm_cpu_idle_init
 .text.arch_cpu_idle
                0x00001664       0x1c zephyr/arch/arch/arm/core/aarch32/libarch__arm__core__aarch32.a(cpu_idle.S.obj)
                0x00001664                arch_cpu_idle
 .text.z_arm_fatal_error
                0x00001680       0x5c zephyr/arch/arch/arm/core/aarch32/libarch__arm__core__aarch32.a(fatal.c.obj)
                0x00001680                z_arm_fatal_error
 .text.arch_irq_enable
                0x000016dc       0x20 zephyr/arch/arch/arm/core/aarch32/libarch__arm__core__aarch32.a(irq_manage.c.obj)
                0x000016dc                arch_irq_enable
 .text.arch_irq_is_enabled
                0x000016fc       0x1c zephyr/arch/arch/arm/core/aarch32/libarch__arm__core__aarch32.a(irq_manage.c.obj)
                0x000016fc                arch_irq_is_enabled
 .text.z_arm_irq_priority_set
                0x00001718       0x4c zephyr/arch/arch/arm/core/aarch32/libarch__arm__core__aarch32.a(irq_manage.c.obj)
                0x00001718                z_arm_irq_priority_set
 .text.z_SysNmiOnReset
                0x00001764        0x8 zephyr/arch/arch/arm/core/aarch32/libarch__arm__core__aarch32.a(nmi_on_reset.S.obj)
                0x00001764                z_SysNmiOnReset
 .text.z_arm_prep_c
                0x0000176c       0x38 zephyr/arch/arch/arm/core/aarch32/libarch__arm__core__aarch32.a(prep_c.c.obj)
                0x0000176c                z_arm_prep_c
 .text.arch_swap
                0x000017a4       0x34 zephyr/arch/arch/arm/core/aarch32/libarch__arm__core__aarch32.a(swap.c.obj)
                0x000017a4                arch_swap
 .text.z_arm_pendsv
                0x000017d8       0x58 zephyr/arch/arch/arm/core/aarch32/libarch__arm__core__aarch32.a(swap_helper.S.obj)
                0x000017d8                z_arm_pendsv
 .text.z_arm_svc
                0x00001830       0x20 zephyr/arch/arch/arm/core/aarch32/libarch__arm__core__aarch32.a(swap_helper.S.obj)
                0x00001830                z_arm_svc
 .text.arch_new_thread
                0x00001850       0x38 zephyr/arch/arch/arm/core/aarch32/libarch__arm__core__aarch32.a(thread.c.obj)
                0x00001850                arch_new_thread
 .text.arch_switch_to_main_thread
                0x00001888       0x28 zephyr/arch/arch/arm/core/aarch32/libarch__arm__core__aarch32.a(thread.c.obj)
                0x00001888                arch_switch_to_main_thread
 .text._isr_wrapper
                0x000018b0       0x40 zephyr/arch/arch/arm/core/aarch32/libarch__arm__core__aarch32.a(isr_wrapper.S.obj)
                0x000018b0                _isr_wrapper
 .text._HandlerModeExit
                0x000018f0       0x1c zephyr/arch/arch/arm/core/aarch32/cortex_m/libarch__arm__core__aarch32__cortex_m.a(exc_exit.S.obj)
                0x000018f0                z_arm_int_exit
                0x000018f0                z_arm_exc_exit
 .text.mem_manage_fault.isra.0
                0x0000190c       0xd8 zephyr/arch/arch/arm/core/aarch32/cortex_m/libarch__arm__core__aarch32__cortex_m.a(fault.c.obj)
 .text.bus_fault.isra.0
                0x000019e4       0xb4 zephyr/arch/arch/arm/core/aarch32/cortex_m/libarch__arm__core__aarch32__cortex_m.a(fault.c.obj)
 .text.usage_fault.isra.0
                0x00001a98       0xac zephyr/arch/arch/arm/core/aarch32/cortex_m/libarch__arm__core__aarch32__cortex_m.a(fault.c.obj)
 .text.secure_fault.isra.0
                0x00001b44       0xa4 zephyr/arch/arch/arm/core/aarch32/cortex_m/libarch__arm__core__aarch32__cortex_m.a(fault.c.obj)
 .text.z_arm_fault
                0x00001be8      0x234 zephyr/arch/arch/arm/core/aarch32/cortex_m/libarch__arm__core__aarch32__cortex_m.a(fault.c.obj)
                0x00001be8                z_arm_fault
 .text.z_arm_fault_init
                0x00001e1c       0x18 zephyr/arch/arch/arm/core/aarch32/cortex_m/libarch__arm__core__aarch32__cortex_m.a(fault.c.obj)
                0x00001e1c                z_arm_fault_init
 .text.__fault  0x00001e34       0x14 zephyr/arch/arch/arm/core/aarch32/cortex_m/libarch__arm__core__aarch32__cortex_m.a(fault_s.S.obj)
                0x00001e34                z_arm_bus_fault
                0x00001e34                z_arm_usage_fault
                0x00001e34                z_arm_mpu_fault
                0x00001e34                z_arm_exc_spurious
                0x00001e34                z_arm_debug_monitor
                0x00001e34                z_arm_hard_fault
                0x00001e34                z_arm_secure_fault
 .text.z_arm_interrupt_init
                0x00001e48       0x18 zephyr/arch/arch/arm/core/aarch32/cortex_m/libarch__arm__core__aarch32__cortex_m.a(irq_init.c.obj)
                0x00001e48                z_arm_interrupt_init
 .text._reset_section
                0x00001e60       0x60 zephyr/arch/arch/arm/core/aarch32/cortex_m/libarch__arm__core__aarch32__cortex_m.a(reset.S.obj)
                0x00001e60                __start
                0x00001e60                z_arm_reset
 .text.sys_arch_reboot
                0x00001ec0       0x24 zephyr/arch/arch/arm/core/aarch32/cortex_m/libarch__arm__core__aarch32__cortex_m.a(scb.c.obj)
                0x00001ec0                sys_arch_reboot
 .text.z_arm_clear_arm_mpu_config
                0x00001ee4       0x20 zephyr/arch/arch/arm/core/aarch32/cortex_m/libarch__arm__core__aarch32__cortex_m.a(scb.c.obj)
                0x00001ee4                z_arm_clear_arm_mpu_config
 .text.z_arm_init_arch_hw_at_boot
                0x00001f04       0x4c zephyr/arch/arch/arm/core/aarch32/cortex_m/libarch__arm__core__aarch32__cortex_m.a(scb.c.obj)
                0x00001f04                z_arm_init_arch_hw_at_boot
 .text.z_impl_k_thread_abort
                0x00001f50       0x24 zephyr/arch/arch/arm/core/aarch32/cortex_m/libarch__arm__core__aarch32__cortex_m.a(thread_abort.c.obj)
                0x00001f50                z_impl_k_thread_abort
 .text.tz_nonsecure_state_setup
                0x00001f74       0x3c zephyr/arch/arch/arm/core/aarch32/cortex_m/tz/libarch__arm__core__aarch32__cortex_m__tz.a(arm_core_tz.c.obj)
                0x00001f74                tz_nonsecure_state_setup
 .text.tz_nbanked_exception_target_state_set
                0x00001fb0       0x28 zephyr/arch/arch/arm/core/aarch32/cortex_m/tz/libarch__arm__core__aarch32__cortex_m__tz.a(arm_core_tz.c.obj)
                0x00001fb0                tz_nbanked_exception_target_state_set
 .text.tz_nonsecure_exception_prio_config
                0x00001fd8       0x28 zephyr/arch/arch/arm/core/aarch32/cortex_m/tz/libarch__arm__core__aarch32__cortex_m__tz.a(arm_core_tz.c.obj)
                0x00001fd8                tz_nonsecure_exception_prio_config
 .text.tz_nonsecure_system_reset_req_block
                0x00002000       0x28 zephyr/arch/arch/arm/core/aarch32/cortex_m/tz/libarch__arm__core__aarch32__cortex_m__tz.a(arm_core_tz.c.obj)
                0x00002000                tz_nonsecure_system_reset_req_block
 .text.tz_nonsecure_fpu_access_enable
                0x00002028       0x14 zephyr/arch/arch/arm/core/aarch32/cortex_m/tz/libarch__arm__core__aarch32__cortex_m__tz.a(arm_core_tz.c.obj)
                0x00002028                tz_nonsecure_fpu_access_enable
 .text.tz_sau_configure
                0x0000203c       0x28 zephyr/arch/arch/arm/core/aarch32/cortex_m/tz/libarch__arm__core__aarch32__cortex_m__tz.a(arm_core_tz.c.obj)
                0x0000203c                tz_sau_configure
 .text.z_arm_configure_static_mpu_regions
                0x00002064       0x38 zephyr/arch/arch/arm/core/aarch32/mpu/libarch__arm__core__aarch32__mpu.a(arm_core_mpu.c.obj)
                0x00002064                z_arm_configure_static_mpu_regions
 .text.region_init
                0x0000209c       0x30 zephyr/arch/arch/arm/core/aarch32/mpu/libarch__arm__core__aarch32__mpu.a(arm_mpu.c.obj)
 .text.mpu_configure_region
                0x000020cc       0x50 zephyr/arch/arch/arm/core/aarch32/mpu/libarch__arm__core__aarch32__mpu.a(arm_mpu.c.obj)
 .text.mpu_configure_regions_and_partition.constprop.0
                0x0000211c      0x168 zephyr/arch/arch/arm/core/aarch32/mpu/libarch__arm__core__aarch32__mpu.a(arm_mpu.c.obj)
 .text.arm_core_mpu_enable
                0x00002284       0x14 zephyr/arch/arch/arm/core/aarch32/mpu/libarch__arm__core__aarch32__mpu.a(arm_mpu.c.obj)
                0x00002284                arm_core_mpu_enable
 .text.arm_core_mpu_disable
                0x00002298       0x10 zephyr/arch/arch/arm/core/aarch32/mpu/libarch__arm__core__aarch32__mpu.a(arm_mpu.c.obj)
                0x00002298                arm_core_mpu_disable
 .text.arm_core_mpu_configure_static_mpu_regions
                0x000022a8       0x38 zephyr/arch/arch/arm/core/aarch32/mpu/libarch__arm__core__aarch32__mpu.a(arm_mpu.c.obj)
                0x000022a8                arm_core_mpu_configure_static_mpu_regions
 .text.arm_core_mpu_mark_areas_for_dynamic_regions
                0x000022e0       0xd0 zephyr/arch/arch/arm/core/aarch32/mpu/libarch__arm__core__aarch32__mpu.a(arm_mpu.c.obj)
                0x000022e0                arm_core_mpu_mark_areas_for_dynamic_regions
 .text.z_arm_mpu_init
                0x000023b0       0x88 zephyr/arch/arch/arm/core/aarch32/mpu/libarch__arm__core__aarch32__mpu.a(arm_mpu.c.obj)
                0x000023b0                z_arm_mpu_init
 .text.__stdout_hook_install
                0x00002438        0xc zephyr/lib/libc/minimal/liblib__libc__minimal.a(stdout_console.c.obj)
                0x00002438                __stdout_hook_install
 .text.onoff_start
                0x00002444       0x4c zephyr/drivers/clock_control/libdrivers__clock_control.a(clock_control_nrf.c.obj)
 .text.get_status
                0x00002490       0x34 zephyr/drivers/clock_control/libdrivers__clock_control.a(clock_control_nrf.c.obj)
 .text.stop     0x000024c4       0x78 zephyr/drivers/clock_control/libdrivers__clock_control.a(clock_control_nrf.c.obj)
 .text.onoff_stop
                0x0000253c       0x28 zephyr/drivers/clock_control/libdrivers__clock_control.a(clock_control_nrf.c.obj)
 .text.clk_init
                0x00002564       0x60 zephyr/drivers/clock_control/libdrivers__clock_control.a(clock_control_nrf.c.obj)
 .text.clkstarted_handle.constprop.0
                0x000025c4       0x34 zephyr/drivers/clock_control/libdrivers__clock_control.a(clock_control_nrf.c.obj)
 .text.clock_event_handler
                0x000025f8       0x58 zephyr/drivers/clock_control/libdrivers__clock_control.a(clock_control_nrf.c.obj)
 .text.generic_hfclk_start
                0x00002650       0x64 zephyr/drivers/clock_control/libdrivers__clock_control.a(clock_control_nrf.c.obj)
 .text.generic_hfclk_stop
                0x000026b4       0x24 zephyr/drivers/clock_control/libdrivers__clock_control.a(clock_control_nrf.c.obj)
 .text.api_blocking_start
                0x000026d8       0x34 zephyr/drivers/clock_control/libdrivers__clock_control.a(clock_control_nrf.c.obj)
 .text.uart_console_init
                0x0000270c       0x30 zephyr/drivers/console/libdrivers__console.a(uart_console.c.obj)
 .text.console_out
                0x0000273c       0x28 zephyr/drivers/console/libdrivers__console.a(uart_console.c.obj)
 .text.gpio_nrfx_manage_callback
                0x00002764       0x8c zephyr/drivers/gpio/libdrivers__gpio.a(gpio_nrfx.c.obj)
 .text.gpio_nrfx_pin_interrupt_configure
                0x000027f0      0x10c zephyr/drivers/gpio/libdrivers__gpio.a(gpio_nrfx.c.obj)
 .text.gpio_nrfx_init
                0x000028fc       0x38 zephyr/drivers/gpio/libdrivers__gpio.a(gpio_nrfx.c.obj)
 .text.nrfx_gpio_handler
                0x00002934       0x70 zephyr/drivers/gpio/libdrivers__gpio.a(gpio_nrfx.c.obj)
 .text.gpio_nrfx_pin_configure
                0x000029a4      0x158 zephyr/drivers/gpio/libdrivers__gpio.a(gpio_nrfx.c.obj)
 .text.uarte_nrfx_configure
                0x00002afc      0x164 zephyr/drivers/serial/libdrivers__serial.a(uart_nrfx_uarte.c.obj)
 .text.nrf_gpio_pin_port_decode
                0x00002c60       0x64 zephyr/drivers/serial/libdrivers__serial.a(uart_nrfx_uarte.c.obj)
 .text.uarte_nrfx_poll_out
                0x00002cc4       0xc4 zephyr/drivers/serial/libdrivers__serial.a(uart_nrfx_uarte.c.obj)
 .text.entropy_cc3xx_rng_get_entropy
                0x00002d88       0x74 zephyr/drivers/entropy/libdrivers__entropy.a(entropy_cc310.c.obj)
 .text.elapsed  0x00002dfc       0x3c zephyr/drivers/timer/libdrivers__timer.a(cortex_m_systick.c.obj)
 .text.sys_clock_driver_init
                0x00002e38       0x34 zephyr/drivers/timer/libdrivers__timer.a(cortex_m_systick.c.obj)
 .text.sys_clock_isr
                0x00002e6c       0x38 zephyr/drivers/timer/libdrivers__timer.a(cortex_m_systick.c.obj)
                0x00002e6c                sys_clock_isr
 .text.sys_clock_set_timeout
                0x00002ea4      0x110 zephyr/drivers/timer/libdrivers__timer.a(cortex_m_systick.c.obj)
                0x00002ea4                sys_clock_set_timeout
 .text.sys_clock_elapsed
                0x00002fb4       0x7c zephyr/drivers/timer/libdrivers__timer.a(cortex_m_systick.c.obj)
                0x00002fb4                sys_clock_elapsed
 .text.sys_clock_idle_exit
                0x00003030       0x20 zephyr/drivers/timer/libdrivers__timer.a(cortex_m_systick.c.obj)
                0x00003030                sys_clock_idle_exit
 .text.sys_clock_disable
                0x00003050       0x10 zephyr/drivers/timer/libdrivers__timer.a(cortex_m_systick.c.obj)
                0x00003050                sys_clock_disable
 .text.k_sys_fatal_error_handler
                0x00003060       0x14 modules/nrf/lib/fatal_error/lib..__nrf__lib__fatal_error.a(fatal_error.c.obj)
                0x00003060                k_sys_fatal_error_handler
 .text.check_ext_api_requests
                0x00003074       0x9c modules/nrf/subsys/fw_info/lib..__nrf__subsys__fw_info.a(fw_info.c.obj)
 .text.nrf91_errata_14
                0x00003110       0x24 modules/hal_nordic/nrfx/libmodules__hal_nordic__nrfx.a(system_nrf9160.c.obj)
 .text.SystemInit
                0x00003134      0x198 modules/hal_nordic/nrfx/libmodules__hal_nordic__nrfx.a(system_nrf9160.c.obj)
                0x00003134                SystemInit
 .text.nrfx_flag32_alloc
                0x000032cc       0x40 modules/hal_nordic/nrfx/libmodules__hal_nordic__nrfx.a(nrfx_flag32_allocator.c.obj)
                0x000032cc                nrfx_flag32_alloc
 .text.nrfx_flag32_free
                0x0000330c       0x3c modules/hal_nordic/nrfx/libmodules__hal_nordic__nrfx.a(nrfx_flag32_allocator.c.obj)
                0x0000330c                nrfx_flag32_free
 .text.nrf_clock_is_running.constprop.0
                0x00003348       0x64 modules/hal_nordic/nrfx/libmodules__hal_nordic__nrfx.a(nrfx_clock.c.obj)
 .text.nrfx_clock_init
                0x000033ac       0x40 modules/hal_nordic/nrfx/libmodules__hal_nordic__nrfx.a(nrfx_clock.c.obj)
                0x000033ac                nrfx_clock_init
 .text.nrfx_clock_enable
                0x000033ec       0x3c modules/hal_nordic/nrfx/libmodules__hal_nordic__nrfx.a(nrfx_clock.c.obj)
                0x000033ec                nrfx_clock_enable
 .text.nrfx_clock_start
                0x00003428       0xa0 modules/hal_nordic/nrfx/libmodules__hal_nordic__nrfx.a(nrfx_clock.c.obj)
                0x00003428                nrfx_clock_start
 .text.nrfx_clock_stop
                0x000034c8       0xcc modules/hal_nordic/nrfx/libmodules__hal_nordic__nrfx.a(nrfx_clock.c.obj)
                0x000034c8                nrfx_clock_stop
 .text.nrfx_power_clock_irq_handler
                0x00003594       0x68 modules/hal_nordic/nrfx/libmodules__hal_nordic__nrfx.a(nrfx_clock.c.obj)
                0x00003594                nrfx_power_clock_irq_handler
 .text.pin_is_task_output
                0x000035fc       0x1c modules/hal_nordic/nrfx/libmodules__hal_nordic__nrfx.a(nrfx_gpiote.c.obj)
 .text.call_handler
                0x00003618       0x3c modules/hal_nordic/nrfx/libmodules__hal_nordic__nrfx.a(nrfx_gpiote.c.obj)
 .text.release_handler
                0x00003654       0x7c modules/hal_nordic/nrfx/libmodules__hal_nordic__nrfx.a(nrfx_gpiote.c.obj)
 .text.pin_handler_trigger_uninit
                0x000036d0       0x38 modules/hal_nordic/nrfx/libmodules__hal_nordic__nrfx.a(nrfx_gpiote.c.obj)
 .text.nrf_gpio_pin_port_decode
                0x00003708       0x54 modules/hal_nordic/nrfx/libmodules__hal_nordic__nrfx.a(nrfx_gpiote.c.obj)
 .text.nrfx_gpiote_input_configure
                0x0000375c      0x14c modules/hal_nordic/nrfx/libmodules__hal_nordic__nrfx.a(nrfx_gpiote.c.obj)
                0x0000375c                nrfx_gpiote_input_configure
 .text.nrfx_gpiote_output_configure
                0x000038a8       0xe4 modules/hal_nordic/nrfx/libmodules__hal_nordic__nrfx.a(nrfx_gpiote.c.obj)
                0x000038a8                nrfx_gpiote_output_configure
 .text.nrfx_gpiote_global_callback_set
                0x0000398c        0xc modules/hal_nordic/nrfx/libmodules__hal_nordic__nrfx.a(nrfx_gpiote.c.obj)
                0x0000398c                nrfx_gpiote_global_callback_set
 .text.nrfx_gpiote_channel_get
                0x00003998       0x48 modules/hal_nordic/nrfx/libmodules__hal_nordic__nrfx.a(nrfx_gpiote.c.obj)
                0x00003998                nrfx_gpiote_channel_get
 .text.nrfx_gpiote_init
                0x000039e0       0x50 modules/hal_nordic/nrfx/libmodules__hal_nordic__nrfx.a(nrfx_gpiote.c.obj)
                0x000039e0                nrfx_gpiote_init
 .text.nrfx_gpiote_is_init
                0x00003a30       0x14 modules/hal_nordic/nrfx/libmodules__hal_nordic__nrfx.a(nrfx_gpiote.c.obj)
                0x00003a30                nrfx_gpiote_is_init
 .text.nrfx_gpiote_channel_free
                0x00003a44        0xc modules/hal_nordic/nrfx/libmodules__hal_nordic__nrfx.a(nrfx_gpiote.c.obj)
                0x00003a44                nrfx_gpiote_channel_free
 .text.nrfx_gpiote_channel_alloc
                0x00003a50        0xc modules/hal_nordic/nrfx/libmodules__hal_nordic__nrfx.a(nrfx_gpiote.c.obj)
                0x00003a50                nrfx_gpiote_channel_alloc
 .text.nrfx_gpiote_trigger_enable
                0x00003a5c       0xd0 modules/hal_nordic/nrfx/libmodules__hal_nordic__nrfx.a(nrfx_gpiote.c.obj)
                0x00003a5c                nrfx_gpiote_trigger_enable
 .text.nrfx_gpiote_trigger_disable
                0x00003b2c       0x44 modules/hal_nordic/nrfx/libmodules__hal_nordic__nrfx.a(nrfx_gpiote.c.obj)
                0x00003b2c                nrfx_gpiote_trigger_disable
 .text.nrfx_gpiote_pin_uninit
                0x00003b70       0x44 modules/hal_nordic/nrfx/libmodules__hal_nordic__nrfx.a(nrfx_gpiote.c.obj)
                0x00003b70                nrfx_gpiote_pin_uninit
 .text.nrfx_gpiote_irq_handler
                0x00003bb4      0x16c modules/hal_nordic/nrfx/libmodules__hal_nordic__nrfx.a(nrfx_gpiote.c.obj)
                0x00003bb4                nrfx_gpiote_irq_handler
 .text.z_sys_init_run_level
                0x00003d20       0x40 zephyr/kernel/libkernel.a(device.c.obj)
                0x00003d20                z_sys_init_run_level
 .text.z_fatal_error
                0x00003d60       0xb8 zephyr/kernel/libkernel.a(fatal.c.obj)
                0x00003d60                z_fatal_error
 .text.init_idle_thread
                0x00003e18       0x54 zephyr/kernel/libkernel.a(init.c.obj)
 .text.bg_thread_main
                0x00003e6c       0x34 zephyr/kernel/libkernel.a(init.c.obj)
 .text.z_bss_zero
                0x00003ea0       0x14 zephyr/kernel/libkernel.a(init.c.obj)
                0x00003ea0                z_bss_zero
 .text.z_cstart
                0x00003eb4       0xf8 zephyr/kernel/libkernel.a(init.c.obj)
                0x00003eb4                z_cstart
 .text.init_mem_slab_module
                0x00003fac       0x68 zephyr/kernel/libkernel.a(mem_slab.c.obj)
 .text.k_mem_slab_alloc
                0x00004014       0xb4 zephyr/kernel/libkernel.a(mem_slab.c.obj)
                0x00004014                k_mem_slab_alloc
 .text.k_mem_slab_free
                0x000040c8       0xa4 zephyr/kernel/libkernel.a(mem_slab.c.obj)
                0x000040c8                k_mem_slab_free
 .text.z_setup_new_thread
                0x0000416c       0xa8 zephyr/kernel/libkernel.a(thread.c.obj)
                0x0000416c                z_setup_new_thread
 .text.z_init_static_threads
                0x00004214      0x100 zephyr/kernel/libkernel.a(thread.c.obj)
                0x00004214                z_init_static_threads
 .text.z_spin_lock_valid
                0x00004314       0x1c zephyr/kernel/libkernel.a(thread.c.obj)
                0x00004314                z_spin_lock_valid
 .text.z_spin_unlock_valid
                0x00004330       0x1c zephyr/kernel/libkernel.a(thread.c.obj)
                0x00004330                z_spin_unlock_valid
 .text.z_spin_lock_set_owner
                0x0000434c       0x10 zephyr/kernel/libkernel.a(thread.c.obj)
                0x0000434c                z_spin_lock_set_owner
 .text.idle     0x0000435c       0x50 zephyr/kernel/libkernel.a(idle.c.obj)
                0x0000435c                idle
 .text.z_impl_k_mutex_lock
                0x000043ac      0x1b0 zephyr/kernel/libkernel.a(mutex.c.obj)
                0x000043ac                z_impl_k_mutex_lock
 .text.z_impl_k_mutex_unlock
                0x0000455c      0x138 zephyr/kernel/libkernel.a(mutex.c.obj)
                0x0000455c                z_impl_k_mutex_unlock
 .text.z_impl_k_sem_give
                0x00004694       0x6c zephyr/kernel/libkernel.a(sem.c.obj)
                0x00004694                z_impl_k_sem_give
 .text.z_impl_k_sem_take
                0x00004700       0xd4 zephyr/kernel/libkernel.a(sem.c.obj)
                0x00004700                z_impl_k_sem_take
 .text.z_reset_time_slice
                0x000047d4       0x2c zephyr/kernel/libkernel.a(sched.c.obj)
                0x000047d4                z_reset_time_slice
 .text.k_sched_time_slice_set
                0x00004800       0xa8 zephyr/kernel/libkernel.a(sched.c.obj)
                0x00004800                k_sched_time_slice_set
 .text.z_reschedule
                0x000048a8       0x6c zephyr/kernel/libkernel.a(sched.c.obj)
                0x000048a8                z_reschedule
 .text.k_sched_lock
                0x00004914       0xa8 zephyr/kernel/libkernel.a(sched.c.obj)
                0x00004914                k_sched_lock
 .text.z_priq_dumb_remove
                0x000049bc       0x3c zephyr/kernel/libkernel.a(sched.c.obj)
                0x000049bc                z_priq_dumb_remove
 .text.unpend_thread_no_timeout
                0x000049f8       0x3c zephyr/kernel/libkernel.a(sched.c.obj)
 .text.update_cache
                0x00004a34       0x60 zephyr/kernel/libkernel.a(sched.c.obj)
 .text.move_thread_to_end_of_prio_q
                0x00004a94       0xa8 zephyr/kernel/libkernel.a(sched.c.obj)
 .text.z_time_slice
                0x00004b3c       0xcc zephyr/kernel/libkernel.a(sched.c.obj)
                0x00004b3c                z_time_slice
 .text.ready_thread
                0x00004c08       0x9c zephyr/kernel/libkernel.a(sched.c.obj)
 .text.z_ready_thread
                0x00004ca4       0x6c zephyr/kernel/libkernel.a(sched.c.obj)
                0x00004ca4                z_ready_thread
 .text.z_sched_start
                0x00004d10       0x84 zephyr/kernel/libkernel.a(sched.c.obj)
                0x00004d10                z_sched_start
 .text.z_thread_timeout
                0x00004d94       0x90 zephyr/kernel/libkernel.a(sched.c.obj)
                0x00004d94                z_thread_timeout
 .text.unready_thread
                0x00004e24       0x38 zephyr/kernel/libkernel.a(sched.c.obj)
 .text.add_to_waitq_locked
                0x00004e5c       0x80 zephyr/kernel/libkernel.a(sched.c.obj)
 .text.pend     0x00004edc       0x98 zephyr/kernel/libkernel.a(sched.c.obj)
 .text.z_pend_curr
                0x00004f74       0x4c zephyr/kernel/libkernel.a(sched.c.obj)
                0x00004f74                z_pend_curr
 .text.z_set_prio
                0x00004fc0      0x110 zephyr/kernel/libkernel.a(sched.c.obj)
                0x00004fc0                z_set_prio
 .text.z_impl_k_thread_suspend
                0x000050d0       0xb0 zephyr/kernel/libkernel.a(sched.c.obj)
                0x000050d0                z_impl_k_thread_suspend
 .text.k_sched_unlock
                0x00005180       0xb8 zephyr/kernel/libkernel.a(sched.c.obj)
                0x00005180                k_sched_unlock
 .text.z_unpend_first_thread
                0x00005238       0x7c zephyr/kernel/libkernel.a(sched.c.obj)
                0x00005238                z_unpend_first_thread
 .text.z_sched_init
                0x000052b4       0x18 zephyr/kernel/libkernel.a(sched.c.obj)
                0x000052b4                z_sched_init
 .text.z_impl_k_yield
                0x000052cc      0x10c zephyr/kernel/libkernel.a(sched.c.obj)
                0x000052cc                z_impl_k_yield
 .text.z_tick_sleep
                0x000053d8      0x11c zephyr/kernel/libkernel.a(sched.c.obj)
 .text.z_impl_k_sleep
                0x000054f4       0x60 zephyr/kernel/libkernel.a(sched.c.obj)
                0x000054f4                z_impl_k_sleep
 .text.z_impl_z_current_get
                0x00005554        0xc zephyr/kernel/libkernel.a(sched.c.obj)
                0x00005554                z_impl_z_current_get
 .text.z_thread_abort
                0x00005560      0x128 zephyr/kernel/libkernel.a(sched.c.obj)
                0x00005560                z_thread_abort
 .text.z_data_copy
                0x00005688       0x34 zephyr/kernel/libkernel.a(xip.c.obj)
                0x00005688                z_data_copy
 .text.elapsed  0x000056bc       0x14 zephyr/kernel/libkernel.a(timeout.c.obj)
 .text.remove_timeout
                0x000056d0       0x34 zephyr/kernel/libkernel.a(timeout.c.obj)
 .text.next_timeout
                0x00005704       0x58 zephyr/kernel/libkernel.a(timeout.c.obj)
 .text.z_add_timeout
                0x0000575c      0x174 zephyr/kernel/libkernel.a(timeout.c.obj)
                0x0000575c                z_add_timeout
 .text.z_abort_timeout
                0x000058d0       0x78 zephyr/kernel/libkernel.a(timeout.c.obj)
                0x000058d0                z_abort_timeout
 .text.z_get_next_timeout_expiry
                0x00005948       0x6c zephyr/kernel/libkernel.a(timeout.c.obj)
                0x00005948                z_get_next_timeout_expiry
 .text.z_set_timeout_expiry
                0x000059b4       0x7c zephyr/kernel/libkernel.a(timeout.c.obj)
                0x000059b4                z_set_timeout_expiry
 .text.sys_clock_announce
                0x00005a30      0x168 zephyr/kernel/libkernel.a(timeout.c.obj)
                0x00005a30                sys_clock_announce
 .text.sys_clock_tick_get
                0x00005b98       0x7c zephyr/kernel/libkernel.a(timeout.c.obj)
                0x00005b98                sys_clock_tick_get
 .text.boot_banner
                0x00005c14       0x18 zephyr/kernel/libkernel.a(banner.c.obj)
                0x00005c14                boot_banner
 .text.nrf_cc3xx_platform_init
                0x00005c2c       0x44 C:/NordicSDK/v1.9.1/nrfxlib/crypto/nrf_cc310_platform/lib/cortex-m33/soft-float/no-interrupts/libnrf_cc310_platform_0.9.13.a(nrf_cc3xx_platform.c.obj)
                0x00005c2c                nrf_cc3xx_platform_init
 .text.nrf_cc3xx_platform_abort
                0x00005c70       0x24 C:/NordicSDK/v1.9.1/nrfxlib/crypto/nrf_cc310_platform/lib/cortex-m33/soft-float/no-interrupts/libnrf_cc310_platform_0.9.13.a(nrf_cc3xx_platform_abort.c.obj)
 .text.CC_PalAbort
                0x00005c94       0x38 C:/NordicSDK/v1.9.1/nrfxlib/crypto/nrf_cc310_platform/lib/cortex-m33/soft-float/no-interrupts/libnrf_cc310_platform_0.9.13.a(nrf_cc3xx_platform_abort.c.obj)
                0x00005c94                CC_PalAbort
 .text.nrf_cc3xx_platform_set_abort
                0x00005ccc       0x10 C:/NordicSDK/v1.9.1/nrfxlib/crypto/nrf_cc310_platform/lib/cortex-m33/soft-float/no-interrupts/libnrf_cc310_platform_0.9.13.a(nrf_cc3xx_platform_abort.c.obj)
                0x00005ccc                nrf_cc3xx_platform_set_abort
 .text.nrf_cc3xx_platform_ctr_drbg_init
                0x00005cdc       0x68 C:/NordicSDK/v1.9.1/nrfxlib/crypto/nrf_cc310_platform/lib/cortex-m33/soft-float/no-interrupts/libnrf_cc310_platform_0.9.13.a(nrf_cc3xx_platform_ctr_drbg.c.obj)
                0x00005cdc                nrf_cc3xx_platform_ctr_drbg_init
 .text.nrf_cc3xx_platform_ctr_drbg_get
                0x00005d44       0x44 C:/NordicSDK/v1.9.1/nrfxlib/crypto/nrf_cc310_platform/lib/cortex-m33/soft-float/no-interrupts/libnrf_cc310_platform_0.9.13.a(nrf_cc3xx_platform_ctr_drbg.c.obj)
                0x00005d44                nrf_cc3xx_platform_ctr_drbg_get
 .text.mutex_free
                0x00005d88       0x28 C:/NordicSDK/v1.9.1/nrfxlib/crypto/nrf_cc310_platform/lib/cortex-m33/soft-float/no-interrupts/libnrf_cc310_platform_0.9.13.a(nrf_cc3xx_platform_mutex.c.obj)
 .text.mutex_unlock
                0x00005db0       0x2c C:/NordicSDK/v1.9.1/nrfxlib/crypto/nrf_cc310_platform/lib/cortex-m33/soft-float/no-interrupts/libnrf_cc310_platform_0.9.13.a(nrf_cc3xx_platform_mutex.c.obj)
 .text.mutex_init
                0x00005ddc       0x1c C:/NordicSDK/v1.9.1/nrfxlib/crypto/nrf_cc310_platform/lib/cortex-m33/soft-float/no-interrupts/libnrf_cc310_platform_0.9.13.a(nrf_cc3xx_platform_mutex.c.obj)
 .text.mutex_lock
                0x00005df8       0x3c C:/NordicSDK/v1.9.1/nrfxlib/crypto/nrf_cc310_platform/lib/cortex-m33/soft-float/no-interrupts/libnrf_cc310_platform_0.9.13.a(nrf_cc3xx_platform_mutex.c.obj)
 .text.nrf_cc3xx_platform_set_mutexes
                0x00005e34       0x64 C:/NordicSDK/v1.9.1/nrfxlib/crypto/nrf_cc310_platform/lib/cortex-m33/soft-float/no-interrupts/libnrf_cc310_platform_0.9.13.a(nrf_cc3xx_platform_mutex.c.obj)
                0x00005e34                nrf_cc3xx_platform_set_mutexes
 .text.mbedtls_zeroize_internal
                0x00005e98       0x14 C:/NordicSDK/v1.9.1/nrfxlib/crypto/nrf_cc310_platform/lib/cortex-m33/soft-float/no-interrupts/libnrf_cc310_platform_0.9.13.a(mbedtls_common.c.obj)
                0x00005e98                mbedtls_zeroize_internal
 .text.mbedtls_platform_zeroize
                0x00005eac       0x14 C:/NordicSDK/v1.9.1/nrfxlib/crypto/nrf_cc310_platform/lib/cortex-m33/soft-float/no-interrupts/libnrf_cc310_platform_0.9.13.a(mbedtls_common.c.obj)
                0x00005eac                mbedtls_platform_zeroize
 .text.block_cipher_df
                0x00005ec0      0x280 C:/NordicSDK/v1.9.1/nrfxlib/crypto/nrf_cc310_platform/lib/cortex-m33/soft-float/no-interrupts/libnrf_cc310_platform_0.9.13.a(ctr_drbg.c.obj)
 .text.ctr_drbg_update_internal
                0x00006140      0x148 C:/NordicSDK/v1.9.1/nrfxlib/crypto/nrf_cc310_platform/lib/cortex-m33/soft-float/no-interrupts/libnrf_cc310_platform_0.9.13.a(ctr_drbg.c.obj)
 .text.mbedtls_ctr_drbg_reseed_internal
                0x00006288       0xc8 C:/NordicSDK/v1.9.1/nrfxlib/crypto/nrf_cc310_platform/lib/cortex-m33/soft-float/no-interrupts/libnrf_cc310_platform_0.9.13.a(ctr_drbg.c.obj)
 .text.cc_mbedtls_ctr_drbg_init
                0x00006350       0x2c C:/NordicSDK/v1.9.1/nrfxlib/crypto/nrf_cc310_platform/lib/cortex-m33/soft-float/no-interrupts/libnrf_cc310_platform_0.9.13.a(ctr_drbg.c.obj)
                0x00006350                cc_mbedtls_ctr_drbg_init
 .text.cc_mbedtls_ctr_drbg_seed
                0x0000637c       0x9c C:/NordicSDK/v1.9.1/nrfxlib/crypto/nrf_cc310_platform/lib/cortex-m33/soft-float/no-interrupts/libnrf_cc310_platform_0.9.13.a(ctr_drbg.c.obj)
                0x0000637c                cc_mbedtls_ctr_drbg_seed
 .text.cc_mbedtls_ctr_drbg_random_with_add
                0x00006418      0x1e8 C:/NordicSDK/v1.9.1/nrfxlib/crypto/nrf_cc310_platform/lib/cortex-m33/soft-float/no-interrupts/libnrf_cc310_platform_0.9.13.a(ctr_drbg.c.obj)
                0x00006418                cc_mbedtls_ctr_drbg_random_with_add
 .text.entropy_update
                0x00006600       0x7c C:/NordicSDK/v1.9.1/nrfxlib/crypto/nrf_cc310_platform/lib/cortex-m33/soft-float/no-interrupts/libnrf_cc310_platform_0.9.13.a(entropy.c.obj)
 .text.entropy_gather_internal.part.0
                0x0000667c       0x78 C:/NordicSDK/v1.9.1/nrfxlib/crypto/nrf_cc310_platform/lib/cortex-m33/soft-float/no-interrupts/libnrf_cc310_platform_0.9.13.a(entropy.c.obj)
 .text.cc_mbedtls_entropy_init
                0x000066f4       0x80 C:/NordicSDK/v1.9.1/nrfxlib/crypto/nrf_cc310_platform/lib/cortex-m33/soft-float/no-interrupts/libnrf_cc310_platform_0.9.13.a(entropy.c.obj)
                0x000066f4                cc_mbedtls_entropy_init
 .text.cc_mbedtls_entropy_func
                0x00006774      0x10c C:/NordicSDK/v1.9.1/nrfxlib/crypto/nrf_cc310_platform/lib/cortex-m33/soft-float/no-interrupts/libnrf_cc310_platform_0.9.13.a(entropy.c.obj)
                0x00006774                cc_mbedtls_entropy_func
 .text.RndStartupTest.constprop.0
                0x00006880       0xa4 C:/NordicSDK/v1.9.1/nrfxlib/crypto/nrf_cc310_platform/lib/cortex-m33/soft-float/no-interrupts/libnrf_cc310_platform_0.9.13.a(cc_lib.c.obj)
 .text.CC_LibInit
                0x00006924       0xb0 C:/NordicSDK/v1.9.1/nrfxlib/crypto/nrf_cc310_platform/lib/cortex-m33/soft-float/no-interrupts/libnrf_cc310_platform_0.9.13.a(cc_lib.c.obj)
                0x00006924                CC_LibInit
 .text.CC_HalInit
                0x000069d4        0x4 C:/NordicSDK/v1.9.1/nrfxlib/crypto/nrf_cc310_platform/lib/cortex-m33/soft-float/no-interrupts/libnrf_cc310_platform_0.9.13.a(cc_hal.c.obj)
                0x000069d4                CC_HalInit
 .text.CC_HalTerminate
                0x000069d8        0x4 C:/NordicSDK/v1.9.1/nrfxlib/crypto/nrf_cc310_platform/lib/cortex-m33/soft-float/no-interrupts/libnrf_cc310_platform_0.9.13.a(cc_hal.c.obj)
                0x000069d8                CC_HalTerminate
 .text.CC_HalClearInterruptBit
                0x000069dc       0x1c C:/NordicSDK/v1.9.1/nrfxlib/crypto/nrf_cc310_platform/lib/cortex-m33/soft-float/no-interrupts/libnrf_cc310_platform_0.9.13.a(cc_hal.c.obj)
                0x000069dc                CC_HalClearInterruptBit
 .text.CC_HalMaskInterrupt
                0x000069f8        0xc C:/NordicSDK/v1.9.1/nrfxlib/crypto/nrf_cc310_platform/lib/cortex-m33/soft-float/no-interrupts/libnrf_cc310_platform_0.9.13.a(cc_hal.c.obj)
                0x000069f8                CC_HalMaskInterrupt
 .text.CC_HalWaitInterrupt
                0x00006a04        0xc C:/NordicSDK/v1.9.1/nrfxlib/crypto/nrf_cc310_platform/lib/cortex-m33/soft-float/no-interrupts/libnrf_cc310_platform_0.9.13.a(cc_hal.c.obj)
                0x00006a04                CC_HalWaitInterrupt
 .text.CC_HalWaitInterruptRND
                0x00006a10        0xc C:/NordicSDK/v1.9.1/nrfxlib/crypto/nrf_cc310_platform/lib/cortex-m33/soft-float/no-interrupts/libnrf_cc310_platform_0.9.13.a(cc_hal.c.obj)
                0x00006a10                CC_HalWaitInterruptRND
 .text.CC_PalInit
                0x00006a1c       0x5c C:/NordicSDK/v1.9.1/nrfxlib/crypto/nrf_cc310_platform/lib/cortex-m33/soft-float/no-interrupts/libnrf_cc310_platform_0.9.13.a(cc_pal.c.obj)
                0x00006a1c                CC_PalInit
 .text.CC_PalTerminate
                0x00006a78       0x34 C:/NordicSDK/v1.9.1/nrfxlib/crypto/nrf_cc310_platform/lib/cortex-m33/soft-float/no-interrupts/libnrf_cc310_platform_0.9.13.a(cc_pal.c.obj)
                0x00006a78                CC_PalTerminate
 .text.CC_PalDmaInit
                0x00006aac        0x4 C:/NordicSDK/v1.9.1/nrfxlib/crypto/nrf_cc310_platform/lib/cortex-m33/soft-float/no-interrupts/libnrf_cc310_platform_0.9.13.a(cc_pal_dma.c.obj)
                0x00006aac                CC_PalDmaInit
 .text.CC_PalDmaTerminate
                0x00006ab0        0x4 C:/NordicSDK/v1.9.1/nrfxlib/crypto/nrf_cc310_platform/lib/cortex-m33/soft-float/no-interrupts/libnrf_cc310_platform_0.9.13.a(cc_pal_dma.c.obj)
                0x00006ab0                CC_PalDmaTerminate
 .text.CC_PalWaitInterruptRND
                0x00006ab4       0x30 C:/NordicSDK/v1.9.1/nrfxlib/crypto/nrf_cc310_platform/lib/cortex-m33/soft-float/no-interrupts/libnrf_cc310_platform_0.9.13.a(cc_pal_interrupt_ctrl.c.obj)
                0x00006ab4                CC_PalWaitInterruptRND
 .text.CC_PalWaitInterrupt
                0x00006ae4       0x1c C:/NordicSDK/v1.9.1/nrfxlib/crypto/nrf_cc310_platform/lib/cortex-m33/soft-float/no-interrupts/libnrf_cc310_platform_0.9.13.a(cc_pal_interrupt_ctrl.c.obj)
                0x00006ae4                CC_PalWaitInterrupt
 .text.CC_PalMutexCreate
                0x00006b00       0x14 C:/NordicSDK/v1.9.1/nrfxlib/crypto/nrf_cc310_platform/lib/cortex-m33/soft-float/no-interrupts/libnrf_cc310_platform_0.9.13.a(cc_pal_mutex.c.obj)
                0x00006b00                CC_PalMutexCreate
 .text.CC_PalMutexDestroy
                0x00006b14       0x14 C:/NordicSDK/v1.9.1/nrfxlib/crypto/nrf_cc310_platform/lib/cortex-m33/soft-float/no-interrupts/libnrf_cc310_platform_0.9.13.a(cc_pal_mutex.c.obj)
                0x00006b14                CC_PalMutexDestroy
 .text.CC_PalMutexLock
                0x00006b28       0x10 C:/NordicSDK/v1.9.1/nrfxlib/crypto/nrf_cc310_platform/lib/cortex-m33/soft-float/no-interrupts/libnrf_cc310_platform_0.9.13.a(cc_pal_mutex.c.obj)
                0x00006b28                CC_PalMutexLock
 .text.CC_PalMutexUnlock
                0x00006b38       0x14 C:/NordicSDK/v1.9.1/nrfxlib/crypto/nrf_cc310_platform/lib/cortex-m33/soft-float/no-interrupts/libnrf_cc310_platform_0.9.13.a(cc_pal_mutex.c.obj)
                0x00006b38                CC_PalMutexUnlock
 .text.CC_PalPowerSaveModeInit
                0x00006b4c       0x3c C:/NordicSDK/v1.9.1/nrfxlib/crypto/nrf_cc310_platform/lib/cortex-m33/soft-float/no-interrupts/libnrf_cc310_platform_0.9.13.a(cc_pal_pm.c.obj)
                0x00006b4c                CC_PalPowerSaveModeInit
 .text.CC_PalPowerSaveModeSelect
                0x00006b88       0x84 C:/NordicSDK/v1.9.1/nrfxlib/crypto/nrf_cc310_platform/lib/cortex-m33/soft-float/no-interrupts/libnrf_cc310_platform_0.9.13.a(cc_pal_pm.c.obj)
                0x00006b88                CC_PalPowerSaveModeSelect
 .text.mutex_init
                0x00006c0c        0xc C:/NordicSDK/v1.9.1/nrfxlib/crypto/nrf_cc310_platform/lib/cortex-m33/soft-float/no-interrupts/libnrf_cc310_platform_0.9.13.a(threading_alt.c.obj)
                0x00006c0c                mutex_init
 .text.mutex_lock
                0x00006c18        0xc C:/NordicSDK/v1.9.1/nrfxlib/crypto/nrf_cc310_platform/lib/cortex-m33/soft-float/no-interrupts/libnrf_cc310_platform_0.9.13.a(threading_alt.c.obj)
                0x00006c18                mutex_lock
 .text.mutex_unlock
                0x00006c24        0xc C:/NordicSDK/v1.9.1/nrfxlib/crypto/nrf_cc310_platform/lib/cortex-m33/soft-float/no-interrupts/libnrf_cc310_platform_0.9.13.a(threading_alt.c.obj)
                0x00006c24                mutex_unlock
 .text.startTrngHW
                0x00006c30      0x158 C:/NordicSDK/v1.9.1/nrfxlib/crypto/nrf_cc310_platform/lib/cortex-m33/soft-float/no-interrupts/libnrf_cc310_platform_0.9.13.a(llf_rnd_trng90b.c.obj)
 .text.LLF_RND_RepetitionCounterTest.part.0
                0x00006d88       0x58 C:/NordicSDK/v1.9.1/nrfxlib/crypto/nrf_cc310_platform/lib/cortex-m33/soft-float/no-interrupts/libnrf_cc310_platform_0.9.13.a(llf_rnd_trng90b.c.obj)
 .text.LLF_RND_AdaptiveProportionTest
                0x00006de0       0xcc C:/NordicSDK/v1.9.1/nrfxlib/crypto/nrf_cc310_platform/lib/cortex-m33/soft-float/no-interrupts/libnrf_cc310_platform_0.9.13.a(llf_rnd_trng90b.c.obj)
                0x00006de0                LLF_RND_AdaptiveProportionTest
 .text.getTrngSource
                0x00006eac      0x2d8 C:/NordicSDK/v1.9.1/nrfxlib/crypto/nrf_cc310_platform/lib/cortex-m33/soft-float/no-interrupts/libnrf_cc310_platform_0.9.13.a(llf_rnd_trng90b.c.obj)
 .text.LLF_RND_GetTrngSource
                0x00007184       0x18 C:/NordicSDK/v1.9.1/nrfxlib/crypto/nrf_cc310_platform/lib/cortex-m33/soft-float/no-interrupts/libnrf_cc310_platform_0.9.13.a(llf_rnd_trng90b.c.obj)
                0x00007184                LLF_RND_GetTrngSource
 .text.LLF_RND_RunTrngStartupTest
                0x0000719c       0x1c C:/NordicSDK/v1.9.1/nrfxlib/crypto/nrf_cc310_platform/lib/cortex-m33/soft-float/no-interrupts/libnrf_cc310_platform_0.9.13.a(llf_rnd_trng90b.c.obj)
                0x0000719c                LLF_RND_RunTrngStartupTest
 .text.mbedtls_hardware_poll
                0x000071b8      0x104 C:/NordicSDK/v1.9.1/nrfxlib/crypto/nrf_cc310_platform/lib/cortex-m33/soft-float/no-interrupts/libnrf_cc310_platform_0.9.13.a(trng_api.c.obj)
                0x000071b8                mbedtls_hardware_poll
 .text.cc_mbedtls_aes_init
                0x000072bc       0x20 C:/NordicSDK/v1.9.1/nrfxlib/crypto/nrf_cc310_platform/lib/cortex-m33/soft-float/no-interrupts/libnrf_cc310_platform_0.9.13.a(aes_alt.c.obj)
                0x000072bc                cc_mbedtls_aes_init
 .text.cc_mbedtls_aes_free
                0x000072dc        0xc C:/NordicSDK/v1.9.1/nrfxlib/crypto/nrf_cc310_platform/lib/cortex-m33/soft-float/no-interrupts/libnrf_cc310_platform_0.9.13.a(aes_alt.c.obj)
                0x000072dc                cc_mbedtls_aes_free
 .text.cc_mbedtls_aes_setkey_enc
                0x000072e8       0x34 C:/NordicSDK/v1.9.1/nrfxlib/crypto/nrf_cc310_platform/lib/cortex-m33/soft-float/no-interrupts/libnrf_cc310_platform_0.9.13.a(aes_alt.c.obj)
                0x000072e8                cc_mbedtls_aes_setkey_enc
 .text.cc_mbedtls_aes_crypt_ecb
                0x0000731c       0x54 C:/NordicSDK/v1.9.1/nrfxlib/crypto/nrf_cc310_platform/lib/cortex-m33/soft-float/no-interrupts/libnrf_cc310_platform_0.9.13.a(aes_alt.c.obj)
                0x0000731c                cc_mbedtls_aes_crypt_ecb
 .text.cc_mbedtls_sha256_init
                0x00007370       0x28 C:/NordicSDK/v1.9.1/nrfxlib/crypto/nrf_cc310_platform/lib/cortex-m33/soft-float/no-interrupts/libnrf_cc310_platform_0.9.13.a(sha256_alt.c.obj)
                0x00007370                cc_mbedtls_sha256_init
 .text.cc_mbedtls_sha256_free
                0x00007398        0xc C:/NordicSDK/v1.9.1/nrfxlib/crypto/nrf_cc310_platform/lib/cortex-m33/soft-float/no-interrupts/libnrf_cc310_platform_0.9.13.a(sha256_alt.c.obj)
                0x00007398                cc_mbedtls_sha256_free
 .text.cc_mbedtls_sha256_starts
                0x000073a4       0x28 C:/NordicSDK/v1.9.1/nrfxlib/crypto/nrf_cc310_platform/lib/cortex-m33/soft-float/no-interrupts/libnrf_cc310_platform_0.9.13.a(sha256_alt.c.obj)
                0x000073a4                cc_mbedtls_sha256_starts
 .text.cc_mbedtls_sha256_update
                0x000073cc       0x54 C:/NordicSDK/v1.9.1/nrfxlib/crypto/nrf_cc310_platform/lib/cortex-m33/soft-float/no-interrupts/libnrf_cc310_platform_0.9.13.a(sha256_alt.c.obj)
                0x000073cc                cc_mbedtls_sha256_update
 .text.cc_mbedtls_sha256_finish
                0x00007420       0x48 C:/NordicSDK/v1.9.1/nrfxlib/crypto/nrf_cc310_platform/lib/cortex-m33/soft-float/no-interrupts/libnrf_cc310_platform_0.9.13.a(sha256_alt.c.obj)
                0x00007420                cc_mbedtls_sha256_finish
 .text.mbedtls_sha_starts_internal
                0x00007468       0x28 C:/NordicSDK/v1.9.1/nrfxlib/crypto/nrf_cc310_platform/lib/cortex-m33/soft-float/no-interrupts/libnrf_cc310_platform_0.9.13.a(mbedtls_hash_common.c.obj)
                0x00007468                mbedtls_sha_starts_internal
 .text.mbedtls_sha_finish_internal
                0x00007490       0x5c C:/NordicSDK/v1.9.1/nrfxlib/crypto/nrf_cc310_platform/lib/cortex-m33/soft-float/no-interrupts/libnrf_cc310_platform_0.9.13.a(mbedtls_hash_common.c.obj)
                0x00007490                mbedtls_sha_finish_internal
 .text.mbedtls_sha_update_internal
                0x000074ec       0xe4 C:/NordicSDK/v1.9.1/nrfxlib/crypto/nrf_cc310_platform/lib/cortex-m33/soft-float/no-interrupts/libnrf_cc310_platform_0.9.13.a(mbedtls_hash_common.c.obj)
                0x000074ec                mbedtls_sha_update_internal
 .text.cc_mbedtls_sha256
                0x000075d0       0x50 C:/NordicSDK/v1.9.1/nrfxlib/crypto/nrf_cc310_platform/lib/cortex-m33/soft-float/no-interrupts/libnrf_cc310_platform_0.9.13.a(sha256.c.obj)
                0x000075d0                cc_mbedtls_sha256
 .text.RNG_PLAT_SetUserRngParameters
                0x00007620       0x7c C:/NordicSDK/v1.9.1/nrfxlib/crypto/nrf_cc310_platform/lib/cortex-m33/soft-float/no-interrupts/libnrf_cc310_platform_0.9.13.a(cc_rng_plat.c.obj)
                0x00007620                RNG_PLAT_SetUserRngParameters
 .text.CC_PalMemCopyPlat
                0x0000769c        0x4 C:/NordicSDK/v1.9.1/nrfxlib/crypto/nrf_cc310_platform/lib/cortex-m33/soft-float/no-interrupts/libnrf_cc310_platform_0.9.13.a(cc_pal_mem.c.obj)
                0x0000769c                CC_PalMemCopyPlat
 .text.CC_PalMemSetPlat
                0x000076a0        0x4 C:/NordicSDK/v1.9.1/nrfxlib/crypto/nrf_cc310_platform/lib/cortex-m33/soft-float/no-interrupts/libnrf_cc310_platform_0.9.13.a(cc_pal_mem.c.obj)
                0x000076a0                CC_PalMemSetPlat
 .text.CC_PalMemSetZeroPlat
                0x000076a4        0x8 C:/NordicSDK/v1.9.1/nrfxlib/crypto/nrf_cc310_platform/lib/cortex-m33/soft-float/no-interrupts/libnrf_cc310_platform_0.9.13.a(cc_pal_mem.c.obj)
                0x000076a4                CC_PalMemSetZeroPlat
 .text.CC_PalTrngParamGet
                0x000076ac      0x110 C:/NordicSDK/v1.9.1/nrfxlib/crypto/nrf_cc310_platform/lib/cortex-m33/soft-float/no-interrupts/libnrf_cc310_platform_0.9.13.a(cc_pal_trng.c.obj)
                0x000076ac                CC_PalTrngParamGet
 .text.LLF_RND_WaitRngInterrupt
                0x000077bc       0x20 C:/NordicSDK/v1.9.1/nrfxlib/crypto/nrf_cc310_platform/lib/cortex-m33/soft-float/no-interrupts/libnrf_cc310_platform_0.9.13.a(llf_rnd.c.obj)
                0x000077bc                LLF_RND_WaitRngInterrupt
 .text.LLF_RND_GetRoscSampleCnt
                0x000077dc       0x3c C:/NordicSDK/v1.9.1/nrfxlib/crypto/nrf_cc310_platform/lib/cortex-m33/soft-float/no-interrupts/libnrf_cc310_platform_0.9.13.a(llf_rnd.c.obj)
                0x000077dc                LLF_RND_GetRoscSampleCnt
 .text.LLF_RND_GetFastestRosc
                0x00007818       0x20 C:/NordicSDK/v1.9.1/nrfxlib/crypto/nrf_cc310_platform/lib/cortex-m33/soft-float/no-interrupts/libnrf_cc310_platform_0.9.13.a(llf_rnd.c.obj)
                0x00007818                LLF_RND_GetFastestRosc
 .text.LLF_RND_TurnOffTrng
                0x00007838       0x1c C:/NordicSDK/v1.9.1/nrfxlib/crypto/nrf_cc310_platform/lib/cortex-m33/soft-float/no-interrupts/libnrf_cc310_platform_0.9.13.a(llf_rnd.c.obj)
                0x00007838                LLF_RND_TurnOffTrng
 .text.SetDataBuffersInfo
                0x00007854       0x70 C:/NordicSDK/v1.9.1/nrfxlib/crypto/nrf_cc310_platform/lib/cortex-m33/soft-float/no-interrupts/libnrf_cc310_platform_0.9.13.a(driver_common.c.obj)
                0x00007854                SetDataBuffersInfo
 .text.InitHashDrv
                0x000078c4       0x54 C:/NordicSDK/v1.9.1/nrfxlib/crypto/nrf_cc310_platform/lib/cortex-m33/soft-float/no-interrupts/libnrf_cc310_platform_0.9.13.a(hash_driver.c.obj)
                0x000078c4                InitHashDrv
 .text.ProcessHashDrv
                0x00007918      0x254 C:/NordicSDK/v1.9.1/nrfxlib/crypto/nrf_cc310_platform/lib/cortex-m33/soft-float/no-interrupts/libnrf_cc310_platform_0.9.13.a(hash_driver.c.obj)
                0x00007918                ProcessHashDrv
 .text.FinishHashDrv
                0x00007b6c       0x80 C:/NordicSDK/v1.9.1/nrfxlib/crypto/nrf_cc310_platform/lib/cortex-m33/soft-float/no-interrupts/libnrf_cc310_platform_0.9.13.a(hash_driver.c.obj)
                0x00007b6c                FinishHashDrv
 .text.LoadAesKey
                0x00007bec       0xe4 C:/NordicSDK/v1.9.1/nrfxlib/crypto/nrf_cc310_platform/lib/cortex-m33/soft-float/no-interrupts/libnrf_cc310_platform_0.9.13.a(aes_driver.c.obj)
 .text.InitAes.part.0
                0x00007cd0       0xf8 C:/NordicSDK/v1.9.1/nrfxlib/crypto/nrf_cc310_platform/lib/cortex-m33/soft-float/no-interrupts/libnrf_cc310_platform_0.9.13.a(aes_driver.c.obj)
 .text.ProcessAesDrv
                0x00007dc8      0x3ac C:/NordicSDK/v1.9.1/nrfxlib/crypto/nrf_cc310_platform/lib/cortex-m33/soft-float/no-interrupts/libnrf_cc310_platform_0.9.13.a(aes_driver.c.obj)
                0x00007dc8                ProcessAesDrv
 .text.FinishAesDrv
                0x00008174      0x24c C:/NordicSDK/v1.9.1/nrfxlib/crypto/nrf_cc310_platform/lib/cortex-m33/soft-float/no-interrupts/libnrf_cc310_platform_0.9.13.a(aes_driver.c.obj)
                0x00008174                FinishAesDrv
 .text.kmu_validate_slot_and_size
                0x000083c0       0x2c C:/NordicSDK/v1.9.1/nrfxlib/crypto/nrf_cc310_platform/lib/cortex-m33/soft-float/no-interrupts/libnrf_cc310_platform_0.9.13.a(kmu_shared.c.obj)
                0x000083c0                kmu_validate_slot_and_size
 .text.kmu_validate_slot_and_size_no_kdr
                0x000083ec       0x88 C:/NordicSDK/v1.9.1/nrfxlib/crypto/nrf_cc310_platform/lib/cortex-m33/soft-float/no-interrupts/libnrf_cc310_platform_0.9.13.a(kmu_shared.c.obj)
                0x000083ec                kmu_validate_slot_and_size_no_kdr
 .text.kmu_validate_kdr_slot_and_size
                0x00008474       0x48 C:/NordicSDK/v1.9.1/nrfxlib/crypto/nrf_cc310_platform/lib/cortex-m33/soft-float/no-interrupts/libnrf_cc310_platform_0.9.13.a(kmu_shared.c.obj)
                0x00008474                kmu_validate_kdr_slot_and_size
 .text.kmu_use_kdr_key
                0x000084bc       0x18 C:/NordicSDK/v1.9.1/nrfxlib/crypto/nrf_cc310_platform/lib/cortex-m33/soft-float/no-interrupts/libnrf_cc310_platform_0.9.13.a(kmu_shared.c.obj)
                0x000084bc                kmu_use_kdr_key
 .text.kmu_load_key_aes
                0x000084d4       0xe8 C:/NordicSDK/v1.9.1/nrfxlib/crypto/nrf_cc310_platform/lib/cortex-m33/soft-float/no-interrupts/libnrf_cc310_platform_0.9.13.a(kmu_shared.c.obj)
                0x000084d4                kmu_load_key_aes
 .text.kmu_derive_cmac
                0x000085bc      0x14c C:/NordicSDK/v1.9.1/nrfxlib/crypto/nrf_cc310_platform/lib/cortex-m33/soft-float/no-interrupts/libnrf_cc310_platform_0.9.13.a(kmu_shared.c.obj)
                0x000085bc                kmu_derive_cmac
 .text.UtilCmacBuildDataForDerivation
                0x00008708       0xb8 C:/NordicSDK/v1.9.1/nrfxlib/crypto/nrf_cc310_platform/lib/cortex-m33/soft-float/no-interrupts/libnrf_cc310_platform_0.9.13.a(cc_util_cmac.c.obj)
                0x00008708                UtilCmacBuildDataForDerivation
 .text.CC_PalDataBufferAttrGet
                0x000087c0        0x8 C:/NordicSDK/v1.9.1/nrfxlib/crypto/nrf_cc310_platform/lib/cortex-m33/soft-float/no-interrupts/libnrf_cc310_platform_0.9.13.a(cc_pal_buff_attr.c.obj)
                0x000087c0                CC_PalDataBufferAttrGet
 .text.main     0x000087c8        0xe app/libapp.a(main.c.obj)
                0x000087c8                main
 .text.arch_printk_char_out
                0x000087d6        0x4 zephyr/libzephyr.a(printk.c.obj)
                0x000087d6                arch_printk_char_out
 .text.printk   0x000087da       0x1a zephyr/libzephyr.a(printk.c.obj)
                0x000087da                printk
 .text.onoff_manager_init
                0x000087f4       0x26 zephyr/libzephyr.a(onoff.c.obj)
                0x000087f4                onoff_manager_init
 .text.z_thread_entry
                0x0000881a       0x14 zephyr/libzephyr.a(thread_entry.c.obj)
                0x0000881a                z_thread_entry
 .text.encode_uint
                0x0000882e       0x96 zephyr/libzephyr.a(cbprintf_complete.c.obj)
 .text.outs     0x000088c4       0x2c zephyr/libzephyr.a(cbprintf_complete.c.obj)
 .text.assert_post_action
                0x000088f0        0xe zephyr/libzephyr.a(assert.c.obj)
                0x000088f0                assert_post_action
 .text._ConfigAbsSyms
                0x000088fe        0x2 zephyr/libzephyr.a(configs.c.obj)
                0x000088fe                _ConfigAbsSyms
 .text.pm_power_state_exit_post_ops
                0x00008900       0x16 zephyr/libzephyr.a(power.c.obj)
                0x00008900                pm_power_state_exit_post_ops
 .text.z_log_minimal_printk
                0x00008916       0x1a zephyr/libzephyr.a(log_minimal.c.obj)
                0x00008916                z_log_minimal_printk
 .text.pm_policy_next_state
                0x00008930        0xa zephyr/libzephyr.a(residency.c.obj)
                0x00008930                pm_policy_next_state
 .text.abort_function
                0x0000893a        0x8 zephyr/libzephyr.a(nrf_cc3xx_platform_abort_zephyr.c.obj)
 .text.z_do_kernel_oops
                0x00008942        0x8 zephyr/arch/arch/arm/core/aarch32/libarch__arm__core__aarch32.a(fatal.c.obj)
                0x00008942                z_do_kernel_oops
 .text.z_irq_spurious
                0x0000894a        0x8 zephyr/arch/arch/arm/core/aarch32/libarch__arm__core__aarch32.a(irq_manage.c.obj)
                0x0000894a                z_irq_spurious
 .text.irq_target_state_set
                0x00008952       0x5e zephyr/arch/arch/arm/core/aarch32/libarch__arm__core__aarch32.a(irq_manage.c.obj)
                0x00008952                irq_target_state_set
 .text.z_arm_nmi
                0x000089b0        0xe zephyr/arch/arch/arm/core/aarch32/libarch__arm__core__aarch32.a(nmi.c.obj)
                0x000089b0                z_arm_nmi
 .text.configure_builtin_stack_guard
                0x000089be        0x8 zephyr/arch/arch/arm/core/aarch32/libarch__arm__core__aarch32.a(thread.c.obj)
                0x000089be                configure_builtin_stack_guard
 .text.arm_cmse_mpu_region_get
                0x000089c6       0x12 zephyr/arch/arch/arm/core/aarch32/cortex_m/cmse/libarch__arm__core__aarch32__cortex_m__cmse.a(arm_core_cmse.c.obj)
                0x000089c6                arm_cmse_mpu_region_get
 .text.arm_cmse_addr_is_secure
                0x000089d8        0xa zephyr/arch/arch/arm/core/aarch32/cortex_m/cmse/libarch__arm__core__aarch32__cortex_m__cmse.a(arm_core_cmse.c.obj)
                0x000089d8                arm_cmse_addr_is_secure
 .text.strlen   0x000089e2        0xe zephyr/lib/libc/minimal/liblib__libc__minimal.a(string.c.obj)
                0x000089e2                strlen
 .text.strnlen  0x000089f0       0x12 zephyr/lib/libc/minimal/liblib__libc__minimal.a(string.c.obj)
                0x000089f0                strnlen
 .text.memcmp   0x00008a02       0x20 zephyr/lib/libc/minimal/liblib__libc__minimal.a(string.c.obj)
                0x00008a02                memcmp
 .text.memmove  0x00008a22       0x2e zephyr/lib/libc/minimal/liblib__libc__minimal.a(string.c.obj)
                0x00008a22                memmove
 .text.memcpy   0x00008a50       0x16 zephyr/lib/libc/minimal/liblib__libc__minimal.a(string.c.obj)
                0x00008a50                memcpy
 .text.memset   0x00008a66       0x12 zephyr/lib/libc/minimal/liblib__libc__minimal.a(string.c.obj)
                0x00008a66                memset
 .text._stdout_hook_default
                0x00008a78        0x6 zephyr/lib/libc/minimal/liblib__libc__minimal.a(stdout_console.c.obj)
 .text.set_starting_state
                0x00008a7e       0x3c zephyr/drivers/clock_control/libdrivers__clock_control.a(clock_control_nrf.c.obj)
 .text.set_on_state
                0x00008aba       0x26 zephyr/drivers/clock_control/libdrivers__clock_control.a(clock_control_nrf.c.obj)
 .text.onoff_started_callback
                0x00008ae0        0xc zephyr/drivers/clock_control/libdrivers__clock_control.a(clock_control_nrf.c.obj)
 .text.lfclk_start
                0x00008aec        0x6 zephyr/drivers/clock_control/libdrivers__clock_control.a(clock_control_nrf.c.obj)
 .text.lfclk_stop
                0x00008af2        0x6 zephyr/drivers/clock_control/libdrivers__clock_control.a(clock_control_nrf.c.obj)
 .text.api_stop
                0x00008af8        0x6 zephyr/drivers/clock_control/libdrivers__clock_control.a(clock_control_nrf.c.obj)
 .text.blocking_start_callback
                0x00008afe        0x6 zephyr/drivers/clock_control/libdrivers__clock_control.a(clock_control_nrf.c.obj)
 .text.api_start
                0x00008b04       0x34 zephyr/drivers/clock_control/libdrivers__clock_control.a(clock_control_nrf.c.obj)
 .text.gpio_nrfx_port_get_raw
                0x00008b38        0xc zephyr/drivers/gpio/libdrivers__gpio.a(gpio_nrfx.c.obj)
 .text.gpio_nrfx_port_set_masked_raw
                0x00008b44       0x12 zephyr/drivers/gpio/libdrivers__gpio.a(gpio_nrfx.c.obj)
 .text.gpio_nrfx_port_set_bits_raw
                0x00008b56        0xa zephyr/drivers/gpio/libdrivers__gpio.a(gpio_nrfx.c.obj)
 .text.gpio_nrfx_port_clear_bits_raw
                0x00008b60        0xa zephyr/drivers/gpio/libdrivers__gpio.a(gpio_nrfx.c.obj)
 .text.gpio_nrfx_port_toggle_bits
                0x00008b6a        0xe zephyr/drivers/gpio/libdrivers__gpio.a(gpio_nrfx.c.obj)
 .text.uarte_nrfx_isr_int
                0x00008b78       0x74 zephyr/drivers/serial/libdrivers__serial.a(uart_nrfx_uarte.c.obj)
 .text.uarte_nrfx_config_get
                0x00008bec       0x10 zephyr/drivers/serial/libdrivers__serial.a(uart_nrfx_uarte.c.obj)
 .text.uarte_nrfx_err_check
                0x00008bfc        0xe zephyr/drivers/serial/libdrivers__serial.a(uart_nrfx_uarte.c.obj)
 .text.is_tx_ready
                0x00008c0a       0x20 zephyr/drivers/serial/libdrivers__serial.a(uart_nrfx_uarte.c.obj)
 .text.uarte_nrfx_poll_in
                0x00008c2a       0x26 zephyr/drivers/serial/libdrivers__serial.a(uart_nrfx_uarte.c.obj)
 .text.uarte_instance_init.isra.0
                0x00008c50      0x13c zephyr/drivers/serial/libdrivers__serial.a(uart_nrfx_uarte.c.obj)
 .text.uarte_0_init
                0x00008d8c       0x1e zephyr/drivers/serial/libdrivers__serial.a(uart_nrfx_uarte.c.obj)
 .text.uarte_1_init
                0x00008daa       0x1e zephyr/drivers/serial/libdrivers__serial.a(uart_nrfx_uarte.c.obj)
 .text.entropy_cc3xx_rng_init
                0x00008dc8       0x16 zephyr/drivers/entropy/libdrivers__entropy.a(entropy_cc310.c.obj)
 .text.hw_cc3xx_init_internal
                0x00008dde        0x4 modules/nrf/drivers/hw_cc310/lib..__nrf__drivers__hw_cc310.a(hw_cc310.c.obj)
 .text.hw_cc3xx_init
                0x00008de2       0x12 modules/nrf/drivers/hw_cc310/lib..__nrf__drivers__hw_cc310.a(hw_cc310.c.obj)
 .text.nrfx_isr
                0x00008df4        0x2 modules/hal_nordic/nrfx/libmodules__hal_nordic__nrfx.a(nrfx_glue.c.obj)
                0x00008df4                nrfx_isr
 .text.nrfx_busy_wait
                0x00008df6        0x4 modules/hal_nordic/nrfx/libmodules__hal_nordic__nrfx.a(nrfx_glue.c.obj)
                0x00008df6                nrfx_busy_wait
 .text.nrf_gpio_pin_present_check
                0x00008dfa       0x18 modules/hal_nordic/nrfx/libmodules__hal_nordic__nrfx.a(nrfx_gpiote.c.obj)
 .text.nrf_gpiote_in_event_get
                0x00008e12        0x8 modules/hal_nordic/nrfx/libmodules__hal_nordic__nrfx.a(nrfx_gpiote.c.obj)
 .text.nrf_gpio_reconfigure
                0x00008e1a       0x96 modules/hal_nordic/nrfx/libmodules__hal_nordic__nrfx.a(nrfx_gpiote.c.obj)
 .text.nrf_gpio_cfg_sense_set
                0x00008eb0       0x1e modules/hal_nordic/nrfx/libmodules__hal_nordic__nrfx.a(nrfx_gpiote.c.obj)
 .text.z_device_state_init
                0x00008ece        0x2 zephyr/kernel/libkernel.a(device.c.obj)
                0x00008ece                z_device_state_init
 .text.z_device_ready
                0x00008ed0       0x14 zephyr/kernel/libkernel.a(device.c.obj)
                0x00008ed0                z_device_ready
 .text.k_mem_slab_init
                0x00008ee4       0x38 zephyr/kernel/libkernel.a(mem_slab.c.obj)
                0x00008ee4                k_mem_slab_init
 .text.k_is_in_isr
                0x00008f1c        0xc zephyr/kernel/libkernel.a(thread.c.obj)
                0x00008f1c                k_is_in_isr
 .text.k_thread_name_get
                0x00008f28        0x4 zephyr/kernel/libkernel.a(thread.c.obj)
                0x00008f28                k_thread_name_get
 .text.z_pm_save_idle_exit
                0x00008f2c        0xe zephyr/kernel/libkernel.a(idle.c.obj)
                0x00008f2c                z_pm_save_idle_exit
 .text.z_impl_k_mutex_init
                0x00008f3a        0xe zephyr/kernel/libkernel.a(mutex.c.obj)
                0x00008f3a                z_impl_k_mutex_init
 .text.z_reschedule_irqlock
                0x00008f48       0x18 zephyr/kernel/libkernel.a(sched.c.obj)
                0x00008f48                z_reschedule_irqlock
 .text.z_reschedule_unlocked
                0x00008f60       0x14 zephyr/kernel/libkernel.a(sched.c.obj)
 .text.z_priq_dumb_best
                0x00008f74       0x14 zephyr/kernel/libkernel.a(sched.c.obj)
                0x00008f74                z_priq_dumb_best
 .text.sys_clock_tick_get_32
                0x00008f88        0x8 zephyr/kernel/libkernel.a(timeout.c.obj)
                0x00008f88                sys_clock_tick_get_32
 .text.z_impl_k_busy_wait
                0x00008f90        0x8 zephyr/kernel/libkernel.a(timeout.c.obj)
                0x00008f90                z_impl_k_busy_wait
 .text._OffsetAbsSyms
                0x00008f98        0x2 zephyr/CMakeFiles/offsets.dir/./arch/arm/core/offsets/offsets.c.obj
                0x00008f98                _OffsetAbsSyms
 *(SORT_BY_ALIGNMENT(.TEXT.*))
 *fill*         0x00008f9a        0x2 
 .TEXT.z_arm_platform_init
                0x00008f9c        0x4 zephyr/libzephyr.a(soc_nrf_common.S.obj)
                0x00008f9c                z_arm_platform_init
 *(SORT_BY_ALIGNMENT(.gnu.linkonce.t.*))
 *(SORT_BY_ALIGNMENT(.glue_7t))
 .glue_7t       0x00008fa0        0x0 linker stubs
 *(SORT_BY_ALIGNMENT(.glue_7))
 .glue_7        0x00008fa0        0x0 linker stubs
 *(SORT_BY_ALIGNMENT(.vfp11_veneer))
 .vfp11_veneer  0x00008fa0        0x0 linker stubs
 *(SORT_BY_ALIGNMENT(.v4_bx))
 .v4_bx         0x00008fa0        0x0 linker stubs
                0x00008fa0                __text_region_end = .

.ARM.exidx      0x00008fa0        0x8
                0x00008fa0                __exidx_start = .
 *(SORT_BY_ALIGNMENT(.ARM.exidx*) SORT_BY_ALIGNMENT(gnu.linkonce.armexidx.*))
 .ARM.exidx     0x00008fa0        0x8 c:/nordicsdk/v1.9.1/toolchain/opt/bin/../lib/gcc/arm-none-eabi/9.2.1/thumb/v8-m.main/nofp\libgcc.a(_udivmoddi4.o)
                0x00008fa8                __exidx_end = .
                0x00008fa8                __rodata_region_start = .

initlevel       0x00008fa8       0x60
                0x00008fa8                __init_start = .
                0x00008fa8                __init_PRE_KERNEL_1_start = .
 *(SORT_BY_NAME(SORT_BY_ALIGNMENT(.z_init_PRE_KERNEL_1[0-9]_*)))
 .z_init_PRE_KERNEL_10_
                0x00008fa8        0x8 zephyr/libzephyr.a(soc.c.obj)
 *(SORT_BY_NAME(SORT_BY_ALIGNMENT(.z_init_PRE_KERNEL_1[1-9][0-9]_*)))
 .z_init_PRE_KERNEL_130_
                0x00008fb0        0x8 zephyr/drivers/clock_control/libdrivers__clock_control.a(clock_control_nrf.c.obj)
 .z_init_PRE_KERNEL_130_
                0x00008fb8        0x8 zephyr/kernel/libkernel.a(mem_slab.c.obj)
 .z_init_PRE_KERNEL_140_
                0x00008fc0        0x8 zephyr/drivers/gpio/libdrivers__gpio.a(gpio_nrfx.c.obj)
 .z_init_PRE_KERNEL_140_
                0x00008fc8        0x8 modules/nrf/drivers/hw_cc310/lib..__nrf__drivers__hw_cc310.a(hw_cc310.c.obj)
 .z_init_PRE_KERNEL_150_
                0x00008fd0        0x8 zephyr/drivers/entropy/libdrivers__entropy.a(entropy_cc310.c.obj)
 .z_init_PRE_KERNEL_155_
                0x00008fd8       0x10 zephyr/drivers/serial/libdrivers__serial.a(uart_nrfx_uarte.c.obj)
 .z_init_PRE_KERNEL_160_
                0x00008fe8        0x8 zephyr/drivers/console/libdrivers__console.a(uart_console.c.obj)
                0x00008ff0                __init_PRE_KERNEL_2_start = .
 *(SORT_BY_NAME(SORT_BY_ALIGNMENT(.z_init_PRE_KERNEL_2[0-9]_*)))
 .z_init_PRE_KERNEL_20_
                0x00008ff0        0x8 zephyr/drivers/timer/libdrivers__timer.a(cortex_m_systick.c.obj)
 *(SORT_BY_NAME(SORT_BY_ALIGNMENT(.z_init_PRE_KERNEL_2[1-9][0-9]_*)))
                0x00008ff8                __init_POST_KERNEL_start = .
 *(SORT_BY_NAME(SORT_BY_ALIGNMENT(.z_init_POST_KERNEL[0-9]_*)))
 *(SORT_BY_NAME(SORT_BY_ALIGNMENT(.z_init_POST_KERNEL[1-9][0-9]_*)))
 .z_init_POST_KERNEL40_
                0x00008ff8        0x8 modules/nrf/drivers/hw_cc310/lib..__nrf__drivers__hw_cc310.a(hw_cc310.c.obj)
 .z_init_POST_KERNEL90_
                0x00009000        0x8 modules/nrf/subsys/fw_info/lib..__nrf__subsys__fw_info.a(fw_info.c.obj)
                0x00009008                __init_APPLICATION_start = .
 *(SORT_BY_NAME(SORT_BY_ALIGNMENT(.z_init_APPLICATION[0-9]_*)))
 *(SORT_BY_NAME(SORT_BY_ALIGNMENT(.z_init_APPLICATION[1-9][0-9]_*)))
                0x00009008                __init_SMP_start = .
 *(SORT_BY_NAME(SORT_BY_ALIGNMENT(.z_init_SMP[0-9]_*)))
 *(SORT_BY_NAME(SORT_BY_ALIGNMENT(.z_init_SMP[1-9][0-9]_*)))
                0x00009008                __init_end = .

devices         0x00009008       0x78
                0x00009008                __device_start = .
                0x00009008                __device_PRE_KERNEL_1_start = .
 *(SORT_BY_NAME(SORT_BY_ALIGNMENT(.z_device_PRE_KERNEL_1[0-9]_*)))
 *(SORT_BY_NAME(SORT_BY_ALIGNMENT(.z_device_PRE_KERNEL_1[1-9][0-9]_*)))
 .z_device_PRE_KERNEL_130_
                0x00009008       0x18 zephyr/drivers/clock_control/libdrivers__clock_control.a(clock_control_nrf.c.obj)
                0x00009008                __device_dts_ord_36
 .z_device_PRE_KERNEL_140_
                0x00009020       0x18 zephyr/drivers/gpio/libdrivers__gpio.a(gpio_nrfx.c.obj)
                0x00009020                __device_dts_ord_8
 .z_device_PRE_KERNEL_150_
                0x00009038       0x18 zephyr/drivers/entropy/libdrivers__entropy.a(entropy_cc310.c.obj)
                0x00009038                __device_dts_ord_33
 .z_device_PRE_KERNEL_155_
                0x00009050       0x30 zephyr/drivers/serial/libdrivers__serial.a(uart_nrfx_uarte.c.obj)
                0x00009050                __device_dts_ord_66
                0x00009068                __device_dts_ord_65
                0x00009080                __device_PRE_KERNEL_2_start = .
 *(SORT_BY_NAME(SORT_BY_ALIGNMENT(.z_device_PRE_KERNEL_2[0-9]_*)))
 *(SORT_BY_NAME(SORT_BY_ALIGNMENT(.z_device_PRE_KERNEL_2[1-9][0-9]_*)))
                0x00009080                __device_POST_KERNEL_start = .
 *(SORT_BY_NAME(SORT_BY_ALIGNMENT(.z_device_POST_KERNEL[0-9]_*)))
 *(SORT_BY_NAME(SORT_BY_ALIGNMENT(.z_device_POST_KERNEL[1-9][0-9]_*)))
                0x00009080                __device_APPLICATION_start = .
 *(SORT_BY_NAME(SORT_BY_ALIGNMENT(.z_device_APPLICATION[0-9]_*)))
 *(SORT_BY_NAME(SORT_BY_ALIGNMENT(.z_device_APPLICATION[1-9][0-9]_*)))
                0x00009080                __device_SMP_start = .
 *(SORT_BY_NAME(SORT_BY_ALIGNMENT(.z_device_SMP[0-9]_*)))
 *(SORT_BY_NAME(SORT_BY_ALIGNMENT(.z_device_SMP[1-9][0-9]_*)))
                0x00009080                __device_end = .

sw_isr_table    0x00009080      0x208
                0x00009080                . = ALIGN (0x0)
 *(SORT_BY_ALIGNMENT(.gnu.linkonce.sw_isr_table*))
 .gnu.linkonce.sw_isr_table
                0x00009080      0x208 zephyr/arch/common/libisr_tables.a(isr_tables.c.obj)
                0x00009080                _sw_isr_table

initlevel_error
                0x00008fa8        0x0
 *(SORT_BY_NAME(SORT_BY_ALIGNMENT(.z_init_[_A-Z0-9]*)))
                0x00000001                ASSERT ((SIZEOF (initlevel_error) == 0x0), Undefined initialization levels used.)

app_shmem_regions
                0x00009288        0x0
                0x00009288                __app_shmem_regions_start = .
 *(SORT_BY_NAME(SORT_BY_ALIGNMENT(.app_regions.*)))
                0x00009288                __app_shmem_regions_end = .

bt_l2cap_fixed_chan_area
                0x00009288        0x0
                0x00009288                _bt_l2cap_fixed_chan_list_start = .
 *(SORT_BY_NAME(SORT_BY_ALIGNMENT(._bt_l2cap_fixed_chan.static.*)))
                0x00009288                _bt_l2cap_fixed_chan_list_end = .

bt_gatt_service_static_area
                0x00009288        0x0
                0x00009288                _bt_gatt_service_static_list_start = .
 *(SORT_BY_NAME(SORT_BY_ALIGNMENT(._bt_gatt_service_static.static.*)))
                0x00009288                _bt_gatt_service_static_list_end = .

k_p4wq_initparam_area
                0x00009288        0x0
                0x00009288                _k_p4wq_initparam_list_start = .
 *(SORT_BY_NAME(SORT_BY_ALIGNMENT(._k_p4wq_initparam.static.*)))
                0x00009288                _k_p4wq_initparam_list_end = .

log_strings_sections
                0x00009288        0x0
                0x00009288                __log_strings_start = .
 *(SORT_BY_NAME(SORT_BY_ALIGNMENT(.log_strings*)))
                0x00009288                __log_strings_end = .

log_const_sections
                0x00009288       0x38
                0x00009288                __log_const_start = .
 *(SORT_BY_NAME(SORT_BY_ALIGNMENT(.log_const_*)))
 .log_const_clock_control
                0x00009288        0x8 zephyr/drivers/clock_control/libdrivers__clock_control.a(clock_control_nrf.c.obj)
                0x00009288                log_const_clock_control
 .log_const_fatal_error
                0x00009290        0x8 modules/nrf/lib/fatal_error/lib..__nrf__lib__fatal_error.a(fatal_error.c.obj)
                0x00009290                log_const_fatal_error
 .log_const_mpu
                0x00009298        0x8 zephyr/arch/arch/arm/core/aarch32/mpu/libarch__arm__core__aarch32__mpu.a(arm_core_mpu.c.obj)
                0x00009298                log_const_mpu
 .log_const_os  0x000092a0        0x8 zephyr/kernel/libkernel.a(init.c.obj)
                0x000092a0                log_const_os
 .log_const_pm  0x000092a8        0x8 zephyr/libzephyr.a(pm.c.obj)
                0x000092a8                log_const_pm
 .log_const_soc
                0x000092b0        0x8 zephyr/libzephyr.a(soc.c.obj)
                0x000092b0                log_const_soc
 .log_const_uart_nrfx_uarte
                0x000092b8        0x8 zephyr/drivers/serial/libdrivers__serial.a(uart_nrfx_uarte.c.obj)
                0x000092b8                log_const_uart_nrfx_uarte
                0x000092c0                __log_const_end = .

log_backends_sections
                0x000092c0        0x0
                0x000092c0                __log_backends_start = .
 *(SORT_BY_ALIGNMENT(._log_backend.*))
                0x000092c0                __log_backends_end = .

shell_area      0x000092c0        0x0
                0x000092c0                _shell_list_start = .
 *(SORT_BY_NAME(SORT_BY_ALIGNMENT(._shell.static.*)))
                0x000092c0                _shell_list_end = .

shell_root_cmds_sections
                0x000092c0        0x0
                0x000092c0                __shell_root_cmds_start = .
 *(SORT_BY_NAME(SORT_BY_ALIGNMENT(.shell_root_cmd_*)))
                0x000092c0                __shell_root_cmds_end = .

font_entry_sections
                0x000092c0        0x0
                0x000092c0                __font_entry_start = .
 *(SORT_BY_NAME(SORT_BY_ALIGNMENT(._cfb_font.*)))
                0x000092c0                __font_entry_end = .

tracing_backend_area
                0x000092c0        0x0
                0x000092c0                _tracing_backend_list_start = .
 *(SORT_BY_NAME(SORT_BY_ALIGNMENT(._tracing_backend.static.*)))
                0x000092c0                _tracing_backend_list_end = .

zephyr_dbg_info
 *(SORT_BY_ALIGNMENT(.dbg_thread_info))

device_handles  0x000092c0       0x3a
                0x000092c0                __device_handles_start = .
 *(SORT_BY_NAME(SORT_BY_ALIGNMENT(.__device_handles_pass1*)))
 .__device_handles_pass1
                0x000092c0        0xa zephyr/drivers/clock_control/libdrivers__clock_control.a(clock_control_nrf.c.obj)
                0x000092c0                __devicehdl_DT_N_S_soc_S_peripheral_50000000_S_clock_5000
 .__device_handles_pass1
                0x000092ca       0x12 zephyr/drivers/gpio/libdrivers__gpio.a(gpio_nrfx.c.obj)
                0x000092ca                __devicehdl_DT_N_S_soc_S_peripheral_50000000_S_gpio_842500
 .__device_handles_pass1
                0x000092dc       0x14 zephyr/drivers/serial/libdrivers__serial.a(uart_nrfx_uarte.c.obj)
                0x000092dc                __devicehdl_DT_N_S_soc_S_peripheral_50000000_S_uart_9000
                0x000092e6                __devicehdl_DT_N_S_soc_S_peripheral_50000000_S_uart_8000
 .__device_handles_pass1
                0x000092f0        0xa zephyr/drivers/entropy/libdrivers__entropy.a(entropy_cc310.c.obj)
                0x000092f0                __devicehdl_DT_N_S_soc_S_crypto_50840000
                0x000092fa                __device_handles_end = .

rodata          0x00009300     0x1384
 *(SORT_BY_ALIGNMENT(.rodata))
 .rodata        0x00009300        0xc zephyr/libzephyr.a(secure_services.c.obj)
 .rodata        0x0000930c       0x18 modules/nrf/subsys/fw_info/lib..__nrf__subsys__fw_info.a(fw_info.c.obj)
 *(SORT_BY_ALIGNMENT(.rodata.*))
 *fill*         0x00009324        0xc 
 .rodata.delay_machine_code.8987
                0x00009330        0x6 zephyr/libzephyr.a(soc.c.obj)
 *fill*         0x00009336        0x2 
 .rodata.periph.12016
                0x00009338      0x100 zephyr/libzephyr.a(spm.c.obj)
 .rodata.fw_info_allowed_offsets
                0x00009438       0x14 zephyr/libzephyr.a(secure_services.c.obj)
 .rodata.apis   0x0000944c        0x8 zephyr/libzephyr.a(nrf_cc3xx_platform_abort_zephyr.c.obj)
 .rodata.mutex_apis
                0x00009454       0x10 zephyr/libzephyr.a(nrf_cc3xx_platform_mutex_zephyr.c.obj)
 .rodata.mutexes
                0x00009464       0x14 zephyr/libzephyr.a(nrf_cc3xx_platform_mutex_zephyr.c.obj)
 .rodata.static_regions
                0x00009478        0xc zephyr/arch/arch/arm/core/aarch32/mpu/libarch__arm__core__aarch32__mpu.a(arm_core_mpu.c.obj)
 .rodata.mpu_config
                0x00009484        0x8 zephyr/soc/arm/common/cortex_m/libsoc__arm__common__cortex_m.a(arm_mpu_regions.c.obj)
                0x00009484                mpu_config
 .rodata.mpu_regions
                0x0000948c       0x20 zephyr/soc/arm/common/cortex_m/libsoc__arm__common__cortex_m.a(arm_mpu_regions.c.obj)
 .rodata.clock_control_api
                0x000094ac       0x18 zephyr/drivers/clock_control/libdrivers__clock_control.a(clock_control_nrf.c.obj)
 .rodata.config
                0x000094c4       0x18 zephyr/drivers/clock_control/libdrivers__clock_control.a(clock_control_nrf.c.obj)
 .rodata.transitions.11182
                0x000094dc        0xc zephyr/drivers/clock_control/libdrivers__clock_control.a(clock_control_nrf.c.obj)
 .rodata.gpio_nrfx_drv_api_funcs
                0x000094e8       0x24 zephyr/drivers/gpio/libdrivers__gpio.a(gpio_nrfx.c.obj)
 .rodata.gpio_nrfx_p0_cfg
                0x0000950c       0x10 zephyr/drivers/gpio/libdrivers__gpio.a(gpio_nrfx.c.obj)
 .rodata.uart_nrfx_uarte_driver_api
                0x0000951c       0x14 zephyr/drivers/serial/libdrivers__serial.a(uart_nrfx_uarte.c.obj)
 .rodata.uarte_0z_config
                0x00009530       0x20 zephyr/drivers/serial/libdrivers__serial.a(uart_nrfx_uarte.c.obj)
 .rodata.uarte_1z_config
                0x00009550       0x20 zephyr/drivers/serial/libdrivers__serial.a(uart_nrfx_uarte.c.obj)
 .rodata.entropy_cc3xx_rng_api
                0x00009570        0x8 zephyr/drivers/entropy/libdrivers__entropy.a(entropy_cc310.c.obj)
 .rodata.levels.9338
                0x00009578       0x14 zephyr/kernel/libkernel.a(device.c.obj)
 .rodata._k_neg_eagain
                0x0000958c        0x4 zephyr/kernel/libkernel.a(errno.c.obj)
                0x0000958c                _k_neg_eagain
 .rodata.CSWTCH.273
                0x00009590       0x14 zephyr/kernel/libkernel.a(fatal.c.obj)
 .rodata.CSWTCH.8
                0x000095a4       0x1c C:/NordicSDK/v1.9.1/nrfxlib/crypto/nrf_cc310_platform/lib/cortex-m33/soft-float/no-interrupts/libnrf_cc310_platform_0.9.13.a(nrf_cc3xx_platform.c.obj)
 .rodata.mutex_free.str1.4
                0x000095c0       0x26 C:/NordicSDK/v1.9.1/nrfxlib/crypto/nrf_cc310_platform/lib/cortex-m33/soft-float/no-interrupts/libnrf_cc310_platform_0.9.13.a(nrf_cc3xx_platform_mutex.c.obj)
 *fill*         0x000095e6        0x2 
 .rodata.mutex_init.str1.4
                0x000095e8       0x23 C:/NordicSDK/v1.9.1/nrfxlib/crypto/nrf_cc310_platform/lib/cortex-m33/soft-float/no-interrupts/libnrf_cc310_platform_0.9.13.a(nrf_cc3xx_platform_mutex.c.obj)
 *fill*         0x0000960b        0x1 
 .rodata.RndStartupTest.constprop.0.str1.4
                0x0000960c       0x6f C:/NordicSDK/v1.9.1/nrfxlib/crypto/nrf_cc310_platform/lib/cortex-m33/soft-float/no-interrupts/libnrf_cc310_platform_0.9.13.a(cc_lib.c.obj)
 *fill*         0x0000967b        0x1 
 .rodata.CC_PalPowerSaveModeInit.str1.4
                0x0000967c       0x20 C:/NordicSDK/v1.9.1/nrfxlib/crypto/nrf_cc310_platform/lib/cortex-m33/soft-float/no-interrupts/libnrf_cc310_platform_0.9.13.a(cc_pal_pm.c.obj)
 .rodata.mbedtls_hardware_poll.str1.4
                0x0000969c       0x16 C:/NordicSDK/v1.9.1/nrfxlib/crypto/nrf_cc310_platform/lib/cortex-m33/soft-float/no-interrupts/libnrf_cc310_platform_0.9.13.a(trng_api.c.obj)
                                 0x6e (size before relaxing)
 *fill*         0x000096b2        0x2 
 .rodata.cc_mbedtls_aes_init.str1.4
                0x000096b4       0x13 C:/NordicSDK/v1.9.1/nrfxlib/crypto/nrf_cc310_platform/lib/cortex-m33/soft-float/no-interrupts/libnrf_cc310_platform_0.9.13.a(aes_alt.c.obj)
 *fill*         0x000096c7        0x1 
 .rodata.cc_mbedtls_sha256_init.str1.4
                0x000096c8        0xe C:/NordicSDK/v1.9.1/nrfxlib/crypto/nrf_cc310_platform/lib/cortex-m33/soft-float/no-interrupts/libnrf_cc310_platform_0.9.13.a(sha256_alt.c.obj)
 .rodata.ProcessHashDrv.str1.4
                0x000096d6       0x6f C:/NordicSDK/v1.9.1/nrfxlib/crypto/nrf_cc310_platform/lib/cortex-m33/soft-float/no-interrupts/libnrf_cc310_platform_0.9.13.a(hash_driver.c.obj)
 *fill*         0x000096d6        0x2 
 .rodata.HASH_LARVAL_SHA1
                0x000096d8       0x14 C:/NordicSDK/v1.9.1/nrfxlib/crypto/nrf_cc310_platform/lib/cortex-m33/soft-float/no-interrupts/libnrf_cc310_platform_0.9.13.a(hash_driver.c.obj)
 .rodata.HASH_LARVAL_SHA224
                0x000096ec       0x20 C:/NordicSDK/v1.9.1/nrfxlib/crypto/nrf_cc310_platform/lib/cortex-m33/soft-float/no-interrupts/libnrf_cc310_platform_0.9.13.a(hash_driver.c.obj)
 .rodata.HASH_LARVAL_SHA256
                0x0000970c       0x20 C:/NordicSDK/v1.9.1/nrfxlib/crypto/nrf_cc310_platform/lib/cortex-m33/soft-float/no-interrupts/libnrf_cc310_platform_0.9.13.a(hash_driver.c.obj)
 .rodata.ProcessAesDrv.str1.4
                0x0000972c       0x6f C:/NordicSDK/v1.9.1/nrfxlib/crypto/nrf_cc310_platform/lib/cortex-m33/soft-float/no-interrupts/libnrf_cc310_platform_0.9.13.a(aes_driver.c.obj)
 .rodata.cbvprintf.str1.1
                0x0000972c        0x6 zephyr/libzephyr.a(cbprintf_complete.c.obj)
 .rodata.sys_reboot.str1.1
                0x00009732       0x29 zephyr/libzephyr.a(reboot.c.obj)
 .rodata.str1.1
                0x0000975b        0x4 zephyr/libzephyr.a(soc.c.obj)
 .rodata.pm_state_notify.str1.1
                0x0000975f       0x3e zephyr/libzephyr.a(pm.c.obj)
 .rodata.str1.1
                0x0000979d        0x3 zephyr/libzephyr.a(pm.c.obj)
 .rodata.config_regions.str1.1
                0x000097a0       0x53 zephyr/libzephyr.a(spm.c.obj)
                                 0x70 (size before relaxing)
 .rodata.spm_jump.str1.1
                0x000097f3       0x75 zephyr/libzephyr.a(spm.c.obj)
 .rodata.spm_config.str1.1
                0x00009868      0x12e zephyr/libzephyr.a(spm.c.obj)
                                0x136 (size before relaxing)
 .rodata.str1.1
                0x00009996      0x130 zephyr/libzephyr.a(spm.c.obj)
 .rodata.mutex_free_platform.str1.1
                0x00009ac6       0x26 zephyr/libzephyr.a(nrf_cc3xx_platform_mutex_zephyr.c.obj)
 .rodata.mutex_init_platform.str1.1
                0x00009aec       0x2d zephyr/libzephyr.a(nrf_cc3xx_platform_mutex_zephyr.c.obj)
 .rodata.z_arm_fatal_error.str1.1
                0x00009b19       0xaf zephyr/arch/arch/arm/core/aarch32/libarch__arm__core__aarch32.a(fatal.c.obj)
 .rodata.z_arm_irq_priority_set.str1.1
                0x00009bc8       0x36 zephyr/arch/arch/arm/core/aarch32/libarch__arm__core__aarch32.a(irq_manage.c.obj)
                                 0x4e (size before relaxing)
 .rodata.mem_manage_fault.isra.0.str1.1
                0x00009bfe      0x135 zephyr/arch/arch/arm/core/aarch32/cortex_m/libarch__arm__core__aarch32__cortex_m.a(fault.c.obj)
                                0x14d (size before relaxing)
 .rodata.bus_fault.isra.0.str1.1
                0x00009d33       0xa6 zephyr/arch/arch/arm/core/aarch32/cortex_m/libarch__arm__core__aarch32__cortex_m.a(fault.c.obj)
 .rodata.usage_fault.isra.0.str1.1
                0x00009dd9      0x11f zephyr/arch/arch/arm/core/aarch32/cortex_m/libarch__arm__core__aarch32__cortex_m.a(fault.c.obj)
 .rodata.secure_fault.isra.0.str1.1
                0x00009ef8      0x104 zephyr/arch/arch/arm/core/aarch32/cortex_m/libarch__arm__core__aarch32__cortex_m.a(fault.c.obj)
 .rodata.z_arm_fault.str1.1
                0x00009ffc      0x12d zephyr/arch/arch/arm/core/aarch32/cortex_m/libarch__arm__core__aarch32__cortex_m.a(fault.c.obj)
 .rodata.str1.1
                0x0000a129        0x4 zephyr/arch/arch/arm/core/aarch32/mpu/libarch__arm__core__aarch32__mpu.a(arm_core_mpu.c.obj)
 .rodata.mpu_configure_region.str1.1
                0x0000a12d       0x2b zephyr/arch/arch/arm/core/aarch32/mpu/libarch__arm__core__aarch32__mpu.a(arm_mpu.c.obj)
 .rodata.mpu_configure_regions_and_partition.constprop.0.str1.1
                0x0000a158       0x50 zephyr/arch/arch/arm/core/aarch32/mpu/libarch__arm__core__aarch32__mpu.a(arm_mpu.c.obj)
 .rodata.arm_core_mpu_configure_static_mpu_regions.str1.1
                0x0000a1a8       0x37 zephyr/arch/arch/arm/core/aarch32/mpu/libarch__arm__core__aarch32__mpu.a(arm_mpu.c.obj)
                                 0x4f (size before relaxing)
 .rodata.str1.1
                0x0000a1df        0xf zephyr/soc/arm/common/cortex_m/libsoc__arm__common__cortex_m.a(arm_mpu_regions.c.obj)
 .rodata.get_status.str1.1
                0x0000a1ee       0x3d zephyr/drivers/clock_control/libdrivers__clock_control.a(clock_control_nrf.c.obj)
                                 0x55 (size before relaxing)
 .rodata.str1.1
                0x0000a22b       0x1a zephyr/drivers/clock_control/libdrivers__clock_control.a(clock_control_nrf.c.obj)
                                 0x20 (size before relaxing)
 .rodata.gpio_nrfx_manage_callback.str1.1
                0x0000a245       0x2d zephyr/drivers/gpio/libdrivers__gpio.a(gpio_nrfx.c.obj)
                                 0x45 (size before relaxing)
 .rodata.gpio_nrfx_pin_interrupt_configure.str1.1
                0x0000a272       0x33 zephyr/drivers/gpio/libdrivers__gpio.a(gpio_nrfx.c.obj)
 .rodata.str1.1
                0x0000a2a5        0x7 zephyr/drivers/gpio/libdrivers__gpio.a(gpio_nrfx.c.obj)
 .rodata.nrf_gpio_pin_port_decode.str1.1
                0x0000a2ac       0x4b zephyr/drivers/serial/libdrivers__serial.a(uart_nrfx_uarte.c.obj)
 .rodata.str1.1
                0x0000a2ac       0x1e zephyr/drivers/serial/libdrivers__serial.a(uart_nrfx_uarte.c.obj)
 .rodata.entropy_cc3xx_rng_get_entropy.str1.1
                0x0000a2ca       0x30 zephyr/drivers/entropy/libdrivers__entropy.a(entropy_cc310.c.obj)
                                 0x48 (size before relaxing)
 .rodata.str1.1
                0x0000a2fa        0xb zephyr/drivers/entropy/libdrivers__entropy.a(entropy_cc310.c.obj)
 .rodata.sys_clock_set_timeout.str1.1
                0x0000a305       0x3e zephyr/drivers/timer/libdrivers__timer.a(cortex_m_systick.c.obj)
 .rodata.k_sys_fatal_error_handler.str1.1
                0x0000a305       0x16 modules/nrf/lib/fatal_error/lib..__nrf__lib__fatal_error.a(fatal_error.c.obj)
 .rodata.str1.1
                0x0000a31b        0xc modules/nrf/lib/fatal_error/lib..__nrf__lib__fatal_error.a(fatal_error.c.obj)
 .rodata.check_ext_api_requests.str1.1
                0x0000a327       0x5c modules/nrf/subsys/fw_info/lib..__nrf__subsys__fw_info.a(fw_info.c.obj)
 .rodata.nrf_clock_is_running.constprop.0.str1.1
                0x0000a383       0x34 modules/hal_nordic/nrfx/libmodules__hal_nordic__nrfx.a(nrfx_clock.c.obj)
                                 0x4c (size before relaxing)
 .rodata.nrfx_clock_init.str1.1
                0x0000a3b7       0x3d modules/hal_nordic/nrfx/libmodules__hal_nordic__nrfx.a(nrfx_clock.c.obj)
 .rodata.legacy_handler.str1.1
                0x0000a3f4       0x3e modules/hal_nordic/nrfx/libmodules__hal_nordic__nrfx.a(nrfx_gpiote.c.obj)
                                 0x56 (size before relaxing)
 .rodata.nrf_gpio_pin_port_decode.str1.1
                0x0000a432       0x33 modules/hal_nordic/nrfx/libmodules__hal_nordic__nrfx.a(nrfx_gpiote.c.obj)
 .rodata.z_fatal_error.str1.1
                0x0000a432       0xa8 zephyr/kernel/libkernel.a(fatal.c.obj)
                                 0xc0 (size before relaxing)
 .rodata.str1.1
                0x0000a4da       0x4a zephyr/kernel/libkernel.a(fatal.c.obj)
 .rodata.z_cstart.str1.1
                0x0000a524        0x5 zephyr/kernel/libkernel.a(init.c.obj)
 .rodata.str1.1
                0x0000a529        0x3 zephyr/kernel/libkernel.a(init.c.obj)
 .rodata.init_mem_slab_module.str1.1
                0x0000a52c       0x25 zephyr/kernel/libkernel.a(mem_slab.c.obj)
                                 0x3d (size before relaxing)
 .rodata.k_mem_slab_alloc.str1.1
                0x0000a551       0x26 zephyr/kernel/libkernel.a(mem_slab.c.obj)
 .rodata.z_setup_new_thread.str1.1
                0x0000a551       0x23 zephyr/kernel/libkernel.a(thread.c.obj)
                                 0x3b (size before relaxing)
 .rodata.idle.str1.1
                0x0000a574       0x21 zephyr/kernel/libkernel.a(idle.c.obj)
                                 0x39 (size before relaxing)
 .rodata.z_impl_k_mutex_lock.str1.1
                0x0000a595       0x22 zephyr/kernel/libkernel.a(mutex.c.obj)
                                 0x60 (size before relaxing)
 .rodata.z_impl_k_mutex_unlock.str1.1
                0x0000a5b7       0x2b zephyr/kernel/libkernel.a(mutex.c.obj)
 .rodata.z_impl_k_sem_give.str1.1