Archive member included to satisfy reference by file (symbol)

app/libapp.a(main.c.obj)      (--whole-archive)
zephyr/libzephyr.a(cbprintf.c.obj)
                              (--whole-archive)
zephyr/libzephyr.a(cbprintf_packaged.c.obj)
                              (--whole-archive)
zephyr/libzephyr.a(crc32c_sw.c.obj)
                              (--whole-archive)
zephyr/libzephyr.a(crc32_sw.c.obj)
                              (--whole-archive)
zephyr/libzephyr.a(crc16_sw.c.obj)
                              (--whole-archive)
zephyr/libzephyr.a(crc8_sw.c.obj)
                              (--whole-archive)
zephyr/libzephyr.a(crc7_sw.c.obj)
                              (--whole-archive)
zephyr/libzephyr.a(dec.c.obj)
                              (--whole-archive)
zephyr/libzephyr.a(fdtable.c.obj)
                              (--whole-archive)
zephyr/libzephyr.a(hex.c.obj)
                              (--whole-archive)
zephyr/libzephyr.a(notify.c.obj)
                              (--whole-archive)
zephyr/libzephyr.a(printk.c.obj)
                              (--whole-archive)
zephyr/libzephyr.a(onoff.c.obj)
                              (--whole-archive)
zephyr/libzephyr.a(rb.c.obj)  (--whole-archive)
zephyr/libzephyr.a(sem.c.obj)
                              (--whole-archive)
zephyr/libzephyr.a(thread_entry.c.obj)
                              (--whole-archive)
zephyr/libzephyr.a(timeutil.c.obj)
                              (--whole-archive)
zephyr/libzephyr.a(heap.c.obj)
                              (--whole-archive)
zephyr/libzephyr.a(heap-validate.c.obj)
                              (--whole-archive)
zephyr/libzephyr.a(bitarray.c.obj)
                              (--whole-archive)
zephyr/libzephyr.a(multi_heap.c.obj)
                              (--whole-archive)
zephyr/libzephyr.a(cbprintf_complete.c.obj)
                              (--whole-archive)
zephyr/libzephyr.a(reboot.c.obj)
                              (--whole-archive)
zephyr/libzephyr.a(configs.c.obj)
                              (--whole-archive)
zephyr/libzephyr.a(soc.c.obj)
                              (--whole-archive)
zephyr/libzephyr.a(power.c.obj)
                              (--whole-archive)
zephyr/libzephyr.a(soc_nrf_common.S.obj)
                              (--whole-archive)
zephyr/libzephyr.a(validate_base_addresses.c.obj)
                              (--whole-archive)
zephyr/libzephyr.a(validate_enabled_instances.c.obj)
                              (--whole-archive)
zephyr/libzephyr.a(thread_info.c.obj)
                              (--whole-archive)
zephyr/libzephyr.a(pm.c.obj)  (--whole-archive)
zephyr/libzephyr.a(constraint.c.obj)
                              (--whole-archive)
zephyr/libzephyr.a(residency.c.obj)
                              (--whole-archive)
zephyr/libzephyr.a(tracing_none.c.obj)
                              (--whole-archive)
zephyr/libzephyr.a(secure_services_ns.c.obj)
                              (--whole-archive)
zephyr/libzephyr.a(flash_map_partition_manager.c.obj)
                              (--whole-archive)
zephyr/arch/common/libarch__common.a(sw_isr_common.c.obj)
                              (--whole-archive)
zephyr/arch/arch/arm/core/aarch32/libarch__arm__core__aarch32.a(cpu_idle.S.obj)
                              (--whole-archive)
zephyr/arch/arch/arm/core/aarch32/libarch__arm__core__aarch32.a(fatal.c.obj)
                              (--whole-archive)
zephyr/arch/arch/arm/core/aarch32/libarch__arm__core__aarch32.a(irq_manage.c.obj)
                              (--whole-archive)
zephyr/arch/arch/arm/core/aarch32/libarch__arm__core__aarch32.a(nmi.c.obj)
                              (--whole-archive)
zephyr/arch/arch/arm/core/aarch32/libarch__arm__core__aarch32.a(nmi_on_reset.S.obj)
                              (--whole-archive)
zephyr/arch/arch/arm/core/aarch32/libarch__arm__core__aarch32.a(prep_c.c.obj)
                              (--whole-archive)
zephyr/arch/arch/arm/core/aarch32/libarch__arm__core__aarch32.a(swap.c.obj)
                              (--whole-archive)
zephyr/arch/arch/arm/core/aarch32/libarch__arm__core__aarch32.a(swap_helper.S.obj)
                              (--whole-archive)
zephyr/arch/arch/arm/core/aarch32/libarch__arm__core__aarch32.a(thread.c.obj)
                              (--whole-archive)
zephyr/arch/arch/arm/core/aarch32/libarch__arm__core__aarch32.a(isr_wrapper.S.obj)
                              (--whole-archive)
zephyr/arch/arch/arm/core/aarch32/cortex_m/libarch__arm__core__aarch32__cortex_m.a(exc_exit.S.obj)
                              (--whole-archive)
zephyr/arch/arch/arm/core/aarch32/cortex_m/libarch__arm__core__aarch32__cortex_m.a(fault.c.obj)
                              (--whole-archive)
zephyr/arch/arch/arm/core/aarch32/cortex_m/libarch__arm__core__aarch32__cortex_m.a(fault_s.S.obj)
                              (--whole-archive)
[...]
Memory Configuration

Name             Origin             Length             Attributes
FLASH            0x00010000         0x000f0000         xr
SRAM             0x2000c4e8         0x00033b18         xw
IDT_LIST         0xfffff7ff         0x00000800         xw
*default*        0x00000000         0xffffffff

Linker script and memory map

LOAD zephyr/CMakeFiles/zephyr_pre0.dir/misc/empty_file.c.obj
                0x00000020                _region_min_align = 0x20

.rel.plt        0x00010000        0x0
 *(SORT_BY_ALIGNMENT(.rel.plt))
                [!provide]                PROVIDE (__rel_iplt_start = .)
 *(SORT_BY_ALIGNMENT(.rel.iplt))
 .rel.iplt      0x00010000        0x0 app/libapp.a(main.c.obj)
                [!provide]                PROVIDE (__rel_iplt_end = .)

.rela.plt       0x00000000        0x0
 *(SORT_BY_ALIGNMENT(.rela.plt))
                [!provide]                PROVIDE (__rela_iplt_start = .)
 *(SORT_BY_ALIGNMENT(.rela.iplt))
                [!provide]                PROVIDE (__rela_iplt_end = .)

.rel.dyn
 *(SORT_BY_ALIGNMENT(.rel.*))

.rela.dyn
 *(SORT_BY_ALIGNMENT(.rela.*))

/DISCARD/
 *(SORT_BY_ALIGNMENT(.plt))
 *(SORT_BY_ALIGNMENT(.iplt))
 *(SORT_BY_ALIGNMENT(.got.plt))
 *(SORT_BY_ALIGNMENT(.igot.plt))
 *(SORT_BY_ALIGNMENT(.got))
 *(SORT_BY_ALIGNMENT(.igot))
 *(SORT_BY_ALIGNMENT(.note.GNU-stack))
                0x00010000                __rom_region_start = 0x10000

rom_start       0x00010000      0x23c
                0x00000000                . = 0x0
                0x00000000                . = ALIGN (0x4)
                0x00000000                . = ALIGN (0x80)
                0x00000000                . = ALIGN (0x200)
                0x00010000                _vector_start = .
 *(SORT_BY_ALIGNMENT(.exc_vector_table))
 *(SORT_BY_ALIGNMENT(.exc_vector_table.*))
 .exc_vector_table._vector_table_section
                0x00010000       0x40 zephyr/arch/arch/arm/core/aarch32/cortex_m/libarch__arm__core__aarch32__cortex_m.a(vector_table.S.obj)
                0x00010000                _vector_table
 *(SORT_BY_ALIGNMENT(.gnu.linkonce.irq_vector_table*))
 .gnu.linkonce.irq_vector_table
                0x00010040      0x104 zephyr/arch/common/libisr_tables.a(isr_tables.c.obj)
                0x00010040                _irq_vector_table
 *(SORT_BY_ALIGNMENT(.vectors))
                0x00010144                _vector_end = .
                0x00000200                . = 0x200
 *fill*         0x00010144       0xbc 
                0x00010200                _fw_info_start = .
 *(SORT_BY_NAME(SORT_BY_ALIGNMENT(.firmware_info*)))
 .firmware_info
                0x00010200       0x3c modules/nrf/subsys/fw_info/lib..__nrf__subsys__fw_info.a(fw_info.c.obj)
                0x00010200                m_firmware_info
                0x0000003c                _fw_info_size = ABSOLUTE ((. - _fw_info_start))

text            0x0001023c     0x8ff4
                0x0001023c                __text_region_start = .
 *(SORT_BY_ALIGNMENT(.text))
 .text          0x0001023c      0x378 c:/nordicsdk/v1.9.1/toolchain/opt/bin/../lib/gcc/arm-none-eabi/9.2.1/thumb/v8-m.main/nofp\libgcc.a(_arm_addsubdf3.o)
                0x0001023c                __aeabi_drsub
                0x00010244                __aeabi_dsub
                0x00010244                __subdf3
                0x00010248                __aeabi_dadd
                0x00010248                __adddf3
                0x000104c0                __floatunsidf
                0x000104c0                __aeabi_ui2d
                0x000104e0                __floatsidf
                0x000104e0                __aeabi_i2d
                0x00010504                __aeabi_f2d
                0x00010504                __extendsfdf2
                0x00010548                __floatundidf
                0x00010548                __aeabi_ul2d
                0x00010558                __floatdidf
                0x00010558                __aeabi_l2d
 .text          0x000105b4      0x424 c:/nordicsdk/v1.9.1/toolchain/opt/bin/../lib/gcc/arm-none-eabi/9.2.1/thumb/v8-m.main/nofp\libgcc.a(_arm_muldivdf3.o)
                0x000105b4                __aeabi_dmul
                0x000105b4                __muldf3
                0x00010808                __divdf3
                0x00010808                __aeabi_ddiv
 .text          0x000109d8       0xa0 c:/nordicsdk/v1.9.1/toolchain/opt/bin/../lib/gcc/arm-none-eabi/9.2.1/thumb/v8-m.main/nofp\libgcc.a(_arm_truncdfsf2.o)
                0x000109d8                __truncdfsf2
                0x000109d8                __aeabi_d2f
 .text          0x00010a78      0x21c c:/nordicsdk/v1.9.1/toolchain/opt/bin/../lib/gcc/arm-none-eabi/9.2.1/thumb/v8-m.main/nofp\libgcc.a(_arm_addsubsf3.o)
                0x00010a78                __aeabi_frsub
                0x00010a80                __subsf3
                0x00010a80                __aeabi_fsub
                0x00010a84                __aeabi_fadd
                0x00010a84                __addsf3
                0x00010be4                __aeabi_ui2f
                0x00010be4                __floatunsisf
                0x00010bec                __aeabi_i2f
                0x00010bec                __floatsisf
                0x00010c08                __aeabi_ul2f
                0x00010c08                __floatundisf
                0x00010c18                __aeabi_l2f
                0x00010c18                __floatdisf
 .text          0x00010c94       0x30 c:/nordicsdk/v1.9.1/toolchain/opt/bin/../lib/gcc/arm-none-eabi/9.2.1/thumb/v8-m.main/nofp\libgcc.a(_aeabi_uldivmod.o)
                0x00010c94                __aeabi_uldivmod
 .text          0x00010cc4      0x2c8 c:/nordicsdk/v1.9.1/toolchain/opt/bin/../lib/gcc/arm-none-eabi/9.2.1/thumb/v8-m.main/nofp\libgcc.a(_udivmoddi4.o)
                0x00010cc4                __udivmoddi4
 .text          0x00010f8c        0x4 c:/nordicsdk/v1.9.1/toolchain/opt/bin/../lib/gcc/arm-none-eabi/9.2.1/thumb/v8-m.main/nofp\libgcc.a(_dvmd_tls.o)
                0x00010f8c                __aeabi_idiv0
                0x00010f8c                __aeabi_ldiv0
 *(SORT_BY_ALIGNMENT(.text.*))
 .text.Init_GPIO
                0x00010f90       0x24 app/libapp.a(main.c.obj)
                0x00010f90                Init_GPIO
 .text.ds18b20_read
                0x00010fb4       0xe8 app/libapp.a(main.c.obj)
                0x00010fb4                ds18b20_read
 .text.ds18b20_write
                0x0001109c       0xe0 app/libapp.a(main.c.obj)
                0x0001109c                ds18b20_write
 .text.ds18b20_reset_and_check
                0x0001117c       0x9c app/libapp.a(main.c.obj)
                0x0001117c                ds18b20_reset_and_check
 .text.ds18b20_read_temp
                0x00011218       0xa4 app/libapp.a(main.c.obj)
                0x00011218                ds18b20_read_temp
 .text.main     0x000112bc       0xb0 app/libapp.a(main.c.obj)
                0x000112bc                main
 .text.char_out
                0x0001136c       0x14 zephyr/libzephyr.a(printk.c.obj)
 .text.__printk_hook_install
                0x00011380        0xc zephyr/libzephyr.a(printk.c.obj)
                0x00011380                __printk_hook_install
 .text.vprintk  0x0001138c       0x20 zephyr/libzephyr.a(printk.c.obj)
                0x0001138c                vprintk
 .text.vsnprintk
                0x000113ac       0x2c zephyr/libzephyr.a(printk.c.obj)
                0x000113ac                vsnprintk
 .text.process_event
                0x000113d8      0x158 zephyr/libzephyr.a(onoff.c.obj)
 .text.encode_float
                0x00011530      0x424 zephyr/libzephyr.a(cbprintf_complete.c.obj)
 .text.cbvprintf
                0x00011954      0xb48 zephyr/libzephyr.a(cbprintf_complete.c.obj)
                0x00011954                cbvprintf
 .text.nordicsemi_nrf91_init
                0x0001249c       0x28 zephyr/libzephyr.a(soc.c.obj)
 .text.arch_busy_wait
                0x000124c4       0x18 zephyr/libzephyr.a(soc.c.obj)
                0x000124c4                arch_busy_wait
 .text.pm_system_resume
                0x000124dc       0xc4 zephyr/libzephyr.a(pm.c.obj)
                0x000124dc                pm_system_resume
 .text.pm_system_suspend
                0x000125a0      0x160 zephyr/libzephyr.a(pm.c.obj)
                0x000125a0                pm_system_suspend
 .text.before_nse
                0x00012700       0x14 zephyr/libzephyr.a(secure_services_ns.c.obj)
                0x00012700                before_nse
 .text.after_nse
                0x00012714       0x14 zephyr/libzephyr.a(secure_services_ns.c.obj)
                0x00012714                after_nse
 .text.z_arm_cpu_idle_init
                0x00012728        0xc zephyr/arch/arch/arm/core/aarch32/libarch__arm__core__aarch32.a(cpu_idle.S.obj)
                0x00012728                z_arm_cpu_idle_init
 .text.arch_cpu_idle
                0x00012734       0x1c zephyr/arch/arch/arm/core/aarch32/libarch__arm__core__aarch32.a(cpu_idle.S.obj)
                0x00012734                arch_cpu_idle
 .text.arch_cpu_atomic_idle
                0x00012750       0x14 zephyr/arch/arch/arm/core/aarch32/libarch__arm__core__aarch32.a(cpu_idle.S.obj)
                0x00012750                arch_cpu_atomic_idle
 .text.arch_irq_enable
                0x00012764       0x20 zephyr/arch/arch/arm/core/aarch32/libarch__arm__core__aarch32.a(irq_manage.c.obj)
                0x00012764                arch_irq_enable
 .text.arch_irq_is_enabled
                0x00012784       0x1c zephyr/arch/arch/arm/core/aarch32/libarch__arm__core__aarch32.a(irq_manage.c.obj)
                0x00012784                arch_irq_is_enabled
 .text.z_arm_irq_priority_set
                0x000127a0       0x2c zephyr/arch/arch/arm/core/aarch32/libarch__arm__core__aarch32.a(irq_manage.c.obj)
                0x000127a0                z_arm_irq_priority_set
 .text._arch_isr_direct_pm
                0x000127cc       0x20 zephyr/arch/arch/arm/core/aarch32/libarch__arm__core__aarch32.a(irq_manage.c.obj)
                0x000127cc                _arch_isr_direct_pm
 .text.z_SysNmiOnReset
                0x000127ec        0x8 zephyr/arch/arch/arm/core/aarch32/libarch__arm__core__aarch32.a(nmi_on_reset.S.obj)
                0x000127ec                z_SysNmiOnReset
 .text.z_arm_prep_c
                0x000127f4       0x48 zephyr/arch/arch/arm/core/aarch32/libarch__arm__core__aarch32.a(prep_c.c.obj)
                0x000127f4                z_arm_prep_c
 .text.arch_swap
                0x0001283c       0x38 zephyr/arch/arch/arm/core/aarch32/libarch__arm__core__aarch32.a(swap.c.obj)
                0x0001283c                arch_swap
 .text.z_arm_pendsv
                0x00012874       0x5c zephyr/arch/arch/arm/core/aarch32/libarch__arm__core__aarch32.a(swap_helper.S.obj)
                0x00012874                z_arm_pendsv
 .text.z_arm_svc
                0x000128d0       0x20 zephyr/arch/arch/arm/core/aarch32/libarch__arm__core__aarch32.a(swap_helper.S.obj)
                0x000128d0                z_arm_svc
 .text.arch_new_thread
                0x000128f0       0x40 zephyr/arch/arch/arm/core/aarch32/libarch__arm__core__aarch32.a(thread.c.obj)
                0x000128f0                arch_new_thread
 .text.arch_switch_to_main_thread
                0x00012930       0x2c zephyr/arch/arch/arm/core/aarch32/libarch__arm__core__aarch32.a(thread.c.obj)
                0x00012930                arch_switch_to_main_thread
 .text._isr_wrapper
                0x0001295c       0x40 zephyr/arch/arch/arm/core/aarch32/libarch__arm__core__aarch32.a(isr_wrapper.S.obj)
                0x0001295c                _isr_wrapper
 .text._HandlerModeExit
                0x0001299c       0x1c zephyr/arch/arch/arm/core/aarch32/cortex_m/libarch__arm__core__aarch32__cortex_m.a(exc_exit.S.obj)
                0x0001299c                z_arm_int_exit
                0x0001299c                z_arm_exc_exit
 .text.mem_manage_fault
                0x000129b8       0x58 zephyr/arch/arch/arm/core/aarch32/cortex_m/libarch__arm__core__aarch32__cortex_m.a(fault.c.obj)
 .text.bus_fault
                0x00012a10       0x54 zephyr/arch/arch/arm/core/aarch32/cortex_m/libarch__arm__core__aarch32__cortex_m.a(fault.c.obj)
 .text.usage_fault
                0x00012a64       0x30 zephyr/arch/arch/arm/core/aarch32/cortex_m/libarch__arm__core__aarch32__cortex_m.a(fault.c.obj)
 .text.hard_fault
                0x00012a94       0x84 zephyr/arch/arch/arm/core/aarch32/cortex_m/libarch__arm__core__aarch32__cortex_m.a(fault.c.obj)
 .text.z_arm_fault
                0x00012b18       0xa8 zephyr/arch/arch/arm/core/aarch32/cortex_m/libarch__arm__core__aarch32__cortex_m.a(fault.c.obj)
                0x00012b18                z_arm_fault
 .text.z_arm_fault_init
                0x00012bc0       0x18 zephyr/arch/arch/arm/core/aarch32/cortex_m/libarch__arm__core__aarch32__cortex_m.a(fault.c.obj)
                0x00012bc0                z_arm_fault_init
 .text.__fault  0x00012bd8       0x14 zephyr/arch/arch/arm/core/aarch32/cortex_m/libarch__arm__core__aarch32__cortex_m.a(fault_s.S.obj)
                0x00012bd8                z_arm_usage_fault
                0x00012bd8                z_arm_mpu_fault
                0x00012bd8                z_arm_exc_spurious
                0x00012bd8                z_arm_debug_monitor
                0x00012bd8                z_arm_hard_fault
                0x00012bd8                z_arm_bus_fault
 .text.z_arm_interrupt_init
                0x00012bec       0x34 zephyr/arch/arch/arm/core/aarch32/cortex_m/libarch__arm__core__aarch32__cortex_m.a(irq_init.c.obj)
                0x00012bec                z_arm_interrupt_init
 .text._reset_section
                0x00012c20       0x30 zephyr/arch/arch/arm/core/aarch32/cortex_m/libarch__arm__core__aarch32__cortex_m.a(reset.S.obj)
                0x00012c20                __start
                0x00012c20                z_arm_reset
 .text.sys_arch_reboot
                0x00012c50       0x24 zephyr/arch/arch/arm/core/aarch32/cortex_m/libarch__arm__core__aarch32__cortex_m.a(scb.c.obj)
                0x00012c50                sys_arch_reboot
 .text.z_impl_k_thread_abort
                0x00012c74       0x2c zephyr/arch/arch/arm/core/aarch32/cortex_m/libarch__arm__core__aarch32__cortex_m.a(thread_abort.c.obj)
                0x00012c74                z_impl_k_thread_abort
 .text.z_arm_configure_static_mpu_regions
                0x00012ca0       0x3c zephyr/arch/arch/arm/core/aarch32/mpu/libarch__arm__core__aarch32__mpu.a(arm_core_mpu.c.obj)
                0x00012ca0                z_arm_configure_static_mpu_regions
 .text.mpu_init
                0x00012cdc       0x10 zephyr/arch/arch/arm/core/aarch32/mpu/libarch__arm__core__aarch32__mpu.a(arm_mpu.c.obj)
 .text.region_init
                0x00012cec       0x30 zephyr/arch/arch/arm/core/aarch32/mpu/libarch__arm__core__aarch32__mpu.a(arm_mpu.c.obj)
 .text.mpu_configure_regions_and_partition
                0x00012d1c      0x18c zephyr/arch/arch/arm/core/aarch32/mpu/libarch__arm__core__aarch32__mpu.a(arm_mpu.c.obj)
 .text.mpu_configure_static_mpu_regions
                0x00012ea8       0x14 zephyr/arch/arch/arm/core/aarch32/mpu/libarch__arm__core__aarch32__mpu.a(arm_mpu.c.obj)
 .text.mpu_mark_areas_for_dynamic_regions
                0x00012ebc       0xac zephyr/arch/arch/arm/core/aarch32/mpu/libarch__arm__core__aarch32__mpu.a(arm_mpu.c.obj)
 .text.arm_core_mpu_enable
                0x00012f68       0x14 zephyr/arch/arch/arm/core/aarch32/mpu/libarch__arm__core__aarch32__mpu.a(arm_mpu.c.obj)
                0x00012f68                arm_core_mpu_enable
 .text.arm_core_mpu_disable
                0x00012f7c       0x10 zephyr/arch/arch/arm/core/aarch32/mpu/libarch__arm__core__aarch32__mpu.a(arm_mpu.c.obj)
                0x00012f7c                arm_core_mpu_disable
 .text.z_arm_mpu_init
                0x00012f8c       0x44 zephyr/arch/arch/arm/core/aarch32/mpu/libarch__arm__core__aarch32__mpu.a(arm_mpu.c.obj)
                0x00012f8c                z_arm_mpu_init
 .text.__stdout_hook_install
                0x00012fd0        0xc zephyr/lib/libc/minimal/liblib__libc__minimal.a(stdout_console.c.obj)
                0x00012fd0                __stdout_hook_install
 .text.z_impl_zephyr_fputc
                0x00012fdc       0x1c zephyr/lib/libc/minimal/liblib__libc__minimal.a(stdout_console.c.obj)
                0x00012fdc                z_impl_zephyr_fputc
 .text.printf   0x00012ff8       0x24 zephyr/lib/libc/minimal/liblib__libc__minimal.a(fprintf.c.obj)
                0x00012ff8                printf
 .text.get_hf_flags
                0x0001301c        0x8 zephyr/drivers/clock_control/libdrivers__clock_control.a(clock_control_nrf.c.obj)
 .text.get_subsys
                0x00013024       0x18 zephyr/drivers/clock_control/libdrivers__clock_control.a(clock_control_nrf.c.obj)
 .text.onoff_stop
                0x0001303c       0x20 zephyr/drivers/clock_control/libdrivers__clock_control.a(clock_control_nrf.c.obj)
 .text.onoff_start
                0x0001305c       0x34 zephyr/drivers/clock_control/libdrivers__clock_control.a(clock_control_nrf.c.obj)
 .text.clock_event_handler
                0x00013090       0x34 zephyr/drivers/clock_control/libdrivers__clock_control.a(clock_control_nrf.c.obj)
 .text.generic_hfclk_start
                0x000130c4       0x6c zephyr/drivers/clock_control/libdrivers__clock_control.a(clock_control_nrf.c.obj)
 .text.generic_hfclk_stop
                0x00013130       0x28 zephyr/drivers/clock_control/libdrivers__clock_control.a(clock_control_nrf.c.obj)
 .text.api_blocking_start
                0x00013158       0x38 zephyr/drivers/clock_control/libdrivers__clock_control.a(clock_control_nrf.c.obj)
 .text.clk_init
                0x00013190       0x68 zephyr/drivers/clock_control/libdrivers__clock_control.a(clock_control_nrf.c.obj)
 .text.lfclk_spinwait
                0x000131f8       0xe8 zephyr/drivers/clock_control/libdrivers__clock_control.a(clock_control_nrf.c.obj)
 .text.z_nrf_clock_control_lf_on
                0x000132e0       0x4c zephyr/drivers/clock_control/libdrivers__clock_control.a(clock_control_nrf.c.obj)
                0x000132e0                z_nrf_clock_control_lf_on
 .text.console_out
                0x0001332c       0x2c zephyr/drivers/console/libdrivers__console.a(uart_console.c.obj)
 .text.uart_console_hook_install
                0x00013358       0x18 zephyr/drivers/console/libdrivers__console.a(uart_console.c.obj)
 .text.uart_console_init
                0x00013370       0x24 zephyr/drivers/console/libdrivers__console.a(uart_console.c.obj)
 .text.get_drive
                0x00013394       0x8c zephyr/drivers/gpio/libdrivers__gpio.a(gpio_nrfx.c.obj)
 .text.get_dev  0x00013420       0x10 zephyr/drivers/gpio/libdrivers__gpio.a(gpio_nrfx.c.obj)
 .text.gpio_nrfx_pin_interrupt_configure
                0x00013430       0xbc zephyr/drivers/gpio/libdrivers__gpio.a(gpio_nrfx.c.obj)
 .text.pin_uninit
                0x000134ec       0x48 zephyr/drivers/gpio/libdrivers__gpio.a(gpio_nrfx.c.obj)
 .text.gpio_nrfx_pin_configure
                0x00013534      0x100 zephyr/drivers/gpio/libdrivers__gpio.a(gpio_nrfx.c.obj)
 .text.gpio_nrfx_init
                0x00013634       0x3c zephyr/drivers/gpio/libdrivers__gpio.a(gpio_nrfx.c.obj)
 .text.uarte_nrfx_pins_configure
                0x00013670      0x10c zephyr/drivers/serial/libdrivers__serial.a(uart_nrfx_uarte.c.obj)
 .text.baudrate_set
                0x0001377c      0x150 zephyr/drivers/serial/libdrivers__serial.a(uart_nrfx_uarte.c.obj)
 .text.uarte_nrfx_poll_out
                0x000138cc       0x70 zephyr/drivers/serial/libdrivers__serial.a(uart_nrfx_uarte.c.obj)
 .text.endtx_stoptx_ppi_init
                0x0001393c       0x40 zephyr/drivers/serial/libdrivers__serial.a(uart_nrfx_uarte.c.obj)
 .text.set_comparator
                0x0001397c       0x14 zephyr/drivers/timer/libdrivers__timer.a(nrf_rtc_timer.c.obj)
 .text.get_comparator
                0x00013990       0x10 zephyr/drivers/timer/libdrivers__timer.a(nrf_rtc_timer.c.obj)
 .text.event_enable
                0x000139a0       0x14 zephyr/drivers/timer/libdrivers__timer.a(nrf_rtc_timer.c.obj)
 .text.event_disable
                0x000139b4       0x14 zephyr/drivers/timer/libdrivers__timer.a(nrf_rtc_timer.c.obj)
 .text.counter  0x000139c8        0xc zephyr/drivers/timer/libdrivers__timer.a(nrf_rtc_timer.c.obj)
 .text.compare_int_lock
                0x000139d4       0x44 zephyr/drivers/timer/libdrivers__timer.a(nrf_rtc_timer.c.obj)
 .text.channel_processing_check_and_clear
                0x00013a18       0x70 zephyr/drivers/timer/libdrivers__timer.a(nrf_rtc_timer.c.obj)
 .text.compare_int_unlock
                0x00013a88       0x54 zephyr/drivers/timer/libdrivers__timer.a(nrf_rtc_timer.c.obj)
 .text.sys_clock_timeout_handler
                0x00013adc       0x74 zephyr/drivers/timer/libdrivers__timer.a(nrf_rtc_timer.c.obj)
 .text.z_nrf_rtc_timer_read
                0x00013b50       0x40 zephyr/drivers/timer/libdrivers__timer.a(nrf_rtc_timer.c.obj)
                0x00013b50                z_nrf_rtc_timer_read
 .text.compare_set_nolocks
                0x00013b90       0x9c zephyr/drivers/timer/libdrivers__timer.a(nrf_rtc_timer.c.obj)
 .text.sys_clock_driver_init
                0x00013c2c       0x9c zephyr/drivers/timer/libdrivers__timer.a(nrf_rtc_timer.c.obj)
 .text.process_channel
                0x00013cc8       0x74 zephyr/drivers/timer/libdrivers__timer.a(nrf_rtc_timer.c.obj)
 .text.rtc_nrf_isr
                0x00013d3c       0x44 zephyr/drivers/timer/libdrivers__timer.a(nrf_rtc_timer.c.obj)
                0x00013d3c                rtc_nrf_isr
 .text.sys_clock_set_timeout
                0x00013d80       0x68 zephyr/drivers/timer/libdrivers__timer.a(nrf_rtc_timer.c.obj)
                0x00013d80                sys_clock_set_timeout
 .text.sys_clock_elapsed
                0x00013de8       0x14 zephyr/drivers/timer/libdrivers__timer.a(nrf_rtc_timer.c.obj)
                0x00013de8                sys_clock_elapsed
 .text._nrf_modem_lib_init
                0x00013dfc       0x8c modules/nrf/lib/nrf_modem_lib/lib..__nrf__lib__nrf_modem_lib.a(nrf_modem_lib.c.obj)
 .text.thread_monitor_entry_get
                0x00013e88       0x54 modules/nrf/lib/nrf_modem_lib/lib..__nrf__lib__nrf_modem_lib.a(nrf_modem_os.c.obj)
 .text.thread_monitor_entry_update
                0x00013edc        0xc modules/nrf/lib/nrf_modem_lib/lib..__nrf__lib__nrf_modem_lib.a(nrf_modem_os.c.obj)
 .text.can_thread_sleep
                0x00013ee8       0x1c modules/nrf/lib/nrf_modem_lib/lib..__nrf__lib__nrf_modem_lib.a(nrf_modem_os.c.obj)
 .text.sleeping_thread_add
                0x00013f04       0x48 modules/nrf/lib/nrf_modem_lib/lib..__nrf__lib__nrf_modem_lib.a(nrf_modem_os.c.obj)
 .text.sleeping_thread_remove
                0x00013f4c       0x6c modules/nrf/lib/nrf_modem_lib/lib..__nrf__lib__nrf_modem_lib.a(nrf_modem_os.c.obj)
 .text.rpc_proxy_irq_handler
                0x00013fb8       0x54 modules/nrf/lib/nrf_modem_lib/lib..__nrf__lib__nrf_modem_lib.a(nrf_modem_os.c.obj)
                0x00013fb8                rpc_proxy_irq_handler
 .text.nrf_modem_os_sem_init
                0x0001400c       0x34 modules/nrf/lib/nrf_modem_lib/lib..__nrf__lib__nrf_modem_lib.a(nrf_modem_os.c.obj)
                0x0001400c                nrf_modem_os_sem_init
 .text.nrf_modem_os_application_irq_set
                0x00014040       0x10 modules/nrf/lib/nrf_modem_lib/lib..__nrf__lib__nrf_modem_lib.a(nrf_modem_os.c.obj)
                0x00014040                nrf_modem_os_application_irq_set
 .text.nrf_modem_os_application_irq_clear
                0x00014050       0x10 modules/nrf/lib/nrf_modem_lib/lib..__nrf__lib__nrf_modem_lib.a(nrf_modem_os.c.obj)
                0x00014050                nrf_modem_os_application_irq_clear
 .text.nrf_modem_os_trace_irq_set
                0x00014060       0x10 modules/nrf/lib/nrf_modem_lib/lib..__nrf__lib__nrf_modem_lib.a(nrf_modem_os.c.obj)
                0x00014060                nrf_modem_os_trace_irq_set
 .text.nrf_modem_os_trace_irq_clear
                0x00014070       0x10 modules/nrf/lib/nrf_modem_lib/lib..__nrf__lib__nrf_modem_lib.a(nrf_modem_os.c.obj)
                0x00014070                nrf_modem_os_trace_irq_clear
 .text.nrf_modem_os_alloc
                0x00014080       0x14 modules/nrf/lib/nrf_modem_lib/lib..__nrf__lib__nrf_modem_lib.a(nrf_modem_os.c.obj)
                0x00014080                nrf_modem_os_alloc
 .text.nrf_modem_os_free
                0x00014094       0x10 modules/nrf/lib/nrf_modem_lib/lib..__nrf__lib__nrf_modem_lib.a(nrf_modem_os.c.obj)
                0x00014094                nrf_modem_os_free
 .text.nrf_modem_os_shm_tx_alloc
                0x000140a4       0x14 modules/nrf/lib/nrf_modem_lib/lib..__nrf__lib__nrf_modem_lib.a(nrf_modem_os.c.obj)
                0x000140a4                nrf_modem_os_shm_tx_alloc
 .text.nrf_modem_os_shm_tx_free
                0x000140b8       0x10 modules/nrf/lib/nrf_modem_lib/lib..__nrf__lib__nrf_modem_lib.a(nrf_modem_os.c.obj)
                0x000140b8                nrf_modem_os_shm_tx_free
 .text.nrf_modem_os_init
                0x000140c8       0x58 modules/nrf/lib/nrf_modem_lib/lib..__nrf__lib__nrf_modem_lib.a(nrf_modem_os.c.obj)
                0x000140c8                nrf_modem_os_init
 .text.check_ext_api_requests
                0x00014120       0x8c modules/nrf/subsys/fw_info/lib..__nrf__subsys__fw_info.a(fw_info.c.obj)
 .text.SystemCoreClockUpdate
                0x000141ac       0x10 modules/hal_nordic/nrfx/libmodules__hal_nordic__nrfx.a(system_nrf9160.c.obj)
                0x000141ac                SystemCoreClockUpdate
 .text.nrfx_flag32_alloc
                0x000141bc       0x40 modules/hal_nordic/nrfx/libmodules__hal_nordic__nrfx.a(nrfx_flag32_allocator.c.obj)
                0x000141bc                nrfx_flag32_alloc
 .text.nrfx_flag32_free
                0x000141fc       0x40 modules/hal_nordic/nrfx/libmodules__hal_nordic__nrfx.a(nrfx_flag32_allocator.c.obj)
                0x000141fc                nrfx_flag32_free
 .text.nrfx_clock_init
                0x0001423c       0x24 modules/hal_nordic/nrfx/libmodules__hal_nordic__nrfx.a(nrfx_clock.c.obj)
                0x0001423c                nrfx_clock_init
 .text.nrfx_clock_start
                0x00014260       0x6c modules/hal_nordic/nrfx/libmodules__hal_nordic__nrfx.a(nrfx_clock.c.obj)
                0x00014260                nrfx_clock_start
 .text.nrfx_clock_stop
                0x000142cc       0xf0 modules/hal_nordic/nrfx/libmodules__hal_nordic__nrfx.a(nrfx_clock.c.obj)
                0x000142cc                nrfx_clock_stop
 .text.nrfx_power_clock_irq_handler
                0x000143bc       0x70 modules/hal_nordic/nrfx/libmodules__hal_nordic__nrfx.a(nrfx_clock.c.obj)
                0x000143bc                nrfx_power_clock_irq_handler
 .text.nrfx_dppi_channel_alloc
                0x0001442c       0x10 modules/hal_nordic/nrfx/libmodules__hal_nordic__nrfx.a(nrfx_dppi.c.obj)
                0x0001442c                nrfx_dppi_channel_alloc
 .text.pin_in_use
                0x0001443c       0x14 modules/hal_nordic/nrfx/libmodules__hal_nordic__nrfx.a(nrfx_gpiote.c.obj)
 .text.pin_in_use_by_te
                0x00014450       0x14 modules/hal_nordic/nrfx/libmodules__hal_nordic__nrfx.a(nrfx_gpiote.c.obj)
 .text.pin_has_trigger
                0x00014464       0x18 modules/hal_nordic/nrfx/libmodules__hal_nordic__nrfx.a(nrfx_gpiote.c.obj)
 .text.pin_is_output
                0x0001447c       0x14 modules/hal_nordic/nrfx/libmodules__hal_nordic__nrfx.a(nrfx_gpiote.c.obj)
 .text.pin_te_get
                0x00014490       0x10 modules/hal_nordic/nrfx/libmodules__hal_nordic__nrfx.a(nrfx_gpiote.c.obj)
 .text.handler_in_use
                0x000144a0       0x34 modules/hal_nordic/nrfx/libmodules__hal_nordic__nrfx.a(nrfx_gpiote.c.obj)
 .text.find_handler
                0x000144d4       0x2c modules/hal_nordic/nrfx/libmodules__hal_nordic__nrfx.a(nrfx_gpiote.c.obj)
 .text.channel_handler_get
                0x00014500       0x20 modules/hal_nordic/nrfx/libmodules__hal_nordic__nrfx.a(nrfx_gpiote.c.obj)
 .text.call_handler
                0x00014520       0x2c modules/hal_nordic/nrfx/libmodules__hal_nordic__nrfx.a(nrfx_gpiote.c.obj)
 .text.next_sense_cond_call_handler
                0x0001454c       0x98 modules/hal_nordic/nrfx/libmodules__hal_nordic__nrfx.a(nrfx_gpiote.c.obj)
 .text.latch_pending_read_and_check
                0x000145e4       0x34 modules/hal_nordic/nrfx/libmodules__hal_nordic__nrfx.a(nrfx_gpiote.c.obj)
 .text.release_handler
                0x00014618       0x44 modules/hal_nordic/nrfx/libmodules__hal_nordic__nrfx.a(nrfx_gpiote.c.obj)
 .text.pin_handler_trigger_uninit
                0x0001465c       0x3c modules/hal_nordic/nrfx/libmodules__hal_nordic__nrfx.a(nrfx_gpiote.c.obj)
 .text.pin_handler_set
                0x00014698       0x6c modules/hal_nordic/nrfx/libmodules__hal_nordic__nrfx.a(nrfx_gpiote.c.obj)
 .text.port_event_handle
                0x00014704       0xa0 modules/hal_nordic/nrfx/libmodules__hal_nordic__nrfx.a(nrfx_gpiote.c.obj)
 .text.gpiote_evt_handle
                0x000147a4       0x40 modules/hal_nordic/nrfx/libmodules__hal_nordic__nrfx.a(nrfx_gpiote.c.obj)
 .text.nrfx_gpiote_input_configure
                0x000147e4      0x164 modules/hal_nordic/nrfx/libmodules__hal_nordic__nrfx.a(nrfx_gpiote.c.obj)
                0x000147e4                nrfx_gpiote_input_configure
 .text.nrfx_gpiote_output_configure
                0x00014948      0x170 modules/hal_nordic/nrfx/libmodules__hal_nordic__nrfx.a(nrfx_gpiote.c.obj)
                0x00014948                nrfx_gpiote_output_configure
 .text.nrfx_gpiote_global_callback_set
                0x00014ab8        0xc modules/hal_nordic/nrfx/libmodules__hal_nordic__nrfx.a(nrfx_gpiote.c.obj)
                0x00014ab8                nrfx_gpiote_global_callback_set
 .text.nrfx_gpiote_channel_get
                0x00014ac4       0x30 modules/hal_nordic/nrfx/libmodules__hal_nordic__nrfx.a(nrfx_gpiote.c.obj)
                0x00014ac4                nrfx_gpiote_channel_get
 .text.nrfx_gpiote_init
                0x00014af4       0x54 modules/hal_nordic/nrfx/libmodules__hal_nordic__nrfx.a(nrfx_gpiote.c.obj)
                0x00014af4                nrfx_gpiote_init
 .text.nrfx_gpiote_is_init
                0x00014b48       0x14 modules/hal_nordic/nrfx/libmodules__hal_nordic__nrfx.a(nrfx_gpiote.c.obj)
                0x00014b48                nrfx_gpiote_is_init
 .text.nrfx_gpiote_channel_free
                0x00014b5c       0x10 modules/hal_nordic/nrfx/libmodules__hal_nordic__nrfx.a(nrfx_gpiote.c.obj)
                0x00014b5c                nrfx_gpiote_channel_free
 .text.nrfx_gpiote_channel_alloc
                0x00014b6c       0x10 modules/hal_nordic/nrfx/libmodules__hal_nordic__nrfx.a(nrfx_gpiote.c.obj)
                0x00014b6c                nrfx_gpiote_channel_alloc
 .text.nrfx_gpiote_trigger_enable
                0x00014b7c       0xb0 modules/hal_nordic/nrfx/libmodules__hal_nordic__nrfx.a(nrfx_gpiote.c.obj)
                0x00014b7c                nrfx_gpiote_trigger_enable
 .text.nrfx_gpiote_trigger_disable
                0x00014c2c       0x54 modules/hal_nordic/nrfx/libmodules__hal_nordic__nrfx.a(nrfx_gpiote.c.obj)
                0x00014c2c                nrfx_gpiote_trigger_disable
 .text.nrfx_gpiote_pin_uninit
                0x00014c80       0x38 modules/hal_nordic/nrfx/libmodules__hal_nordic__nrfx.a(nrfx_gpiote.c.obj)
                0x00014c80                nrfx_gpiote_pin_uninit
 .text.nrfx_gpiote_irq_handler
                0x00014cb8       0x60 modules/hal_nordic/nrfx/libmodules__hal_nordic__nrfx.a(nrfx_gpiote.c.obj)
                0x00014cb8                nrfx_gpiote_irq_handler
 .text.nrfx_ipc_init
                0x00014d18       0x30 modules/hal_nordic/nrfx/libmodules__hal_nordic__nrfx.a(nrfx_ipc.c.obj)
                0x00014d18                nrfx_ipc_init
 .text.nrfx_ipc_config_load
                0x00014d48       0x4c modules/hal_nordic/nrfx/libmodules__hal_nordic__nrfx.a(nrfx_ipc.c.obj)
                0x00014d48                nrfx_ipc_config_load
 .text.nrfx_ipc_uninit
                0x00014d94       0x4c modules/hal_nordic/nrfx/libmodules__hal_nordic__nrfx.a(nrfx_ipc.c.obj)
                0x00014d94                nrfx_ipc_uninit
 .text.nrfx_ipc_irq_handler
                0x00014de0       0x40 modules/hal_nordic/nrfx/libmodules__hal_nordic__nrfx.a(nrfx_ipc.c.obj)
                0x00014de0                nrfx_ipc_irq_handler
 .text.rpc_handle_data_message
                0x00014e20       0x44 C:/NordicSDK/v1.9.1/nrfxlib/nrf_modem/lib/cortex-m33/soft-float/libmodem.a(rpc_framework.c.obj)
                0x00014e20                rpc_handle_data_message
 .text.trace_write
                0x00014e64      0x164 C:/NordicSDK/v1.9.1/nrfxlib/nrf_modem/lib/cortex-m33/soft-float/libmodem.a(ipc_trace.c.obj)
 .text.ipc_trace_init
                0x00014fc8       0x38 C:/NordicSDK/v1.9.1/nrfxlib/nrf_modem/lib/cortex-m33/soft-float/libmodem.a(ipc_trace.c.obj)
                0x00014fc8                ipc_trace_init
 .text.nrf_modem_trace_irq_handler
                0x00015000       0x54 C:/NordicSDK/v1.9.1/nrfxlib/nrf_modem/lib/cortex-m33/soft-float/libmodem.a(ipc_trace.c.obj)
                0x00015000                nrf_modem_trace_irq_handler
 .text.ipc_trace_handle
                0x00015054      0x128 C:/NordicSDK/v1.9.1/nrfxlib/nrf_modem/lib/cortex-m33/soft-float/libmodem.a(ipc_trace.c.obj)
                0x00015054                ipc_trace_handle
 .text.rpc_trace_coredump_in_progress
                0x0001517c        0xc C:/NordicSDK/v1.9.1/nrfxlib/nrf_modem/lib/cortex-m33/soft-float/libmodem.a(ipc_trace.c.obj)
                0x0001517c                rpc_trace_coredump_in_progress
 .text.handle_modem_rpc_msg
                0x00015188       0x84 C:/NordicSDK/v1.9.1/nrfxlib/nrf_modem/lib/cortex-m33/soft-float/libmodem.a(rpc_transport_ipc.c.obj)
 .text.rpc_transport_ipc_msg_alloc
                0x0001520c       0x60 C:/NordicSDK/v1.9.1/nrfxlib/nrf_modem/lib/cortex-m33/soft-float/libmodem.a(rpc_transport_ipc.c.obj)
 .text.rpc_transport_ipc_data_msg_send
                0x0001526c       0x3c C:/NordicSDK/v1.9.1/nrfxlib/nrf_modem/lib/cortex-m33/soft-float/libmodem.a(rpc_transport_ipc.c.obj)
                0x0001526c                rpc_transport_ipc_data_msg_send
 .text.rpc_transport_ipc_ctrl_msg_send
                0x000152a8       0x3c C:/NordicSDK/v1.9.1/nrfxlib/nrf_modem/lib/cortex-m33/soft-float/libmodem.a(rpc_transport_ipc.c.obj)
                0x000152a8                rpc_transport_ipc_ctrl_msg_send
 .text.rpc_transport_ipc_data_msg_alloc
                0x000152e4       0x24 C:/NordicSDK/v1.9.1/nrfxlib/nrf_modem/lib/cortex-m33/soft-float/libmodem.a(rpc_transport_ipc.c.obj)
                0x000152e4                rpc_transport_ipc_data_msg_alloc
 .text.rpc_transport_ipc_ctrl_msg_alloc
                0x00015308       0x40 C:/NordicSDK/v1.9.1/nrfxlib/nrf_modem/lib/cortex-m33/soft-float/libmodem.a(rpc_transport_ipc.c.obj)
                0x00015308                rpc_transport_ipc_ctrl_msg_alloc
 .text.rpc_transport_ipc_data_alloc
                0x00015348       0x14 C:/NordicSDK/v1.9.1/nrfxlib/nrf_modem/lib/cortex-m33/soft-float/libmodem.a(rpc_transport_ipc.c.obj)
                0x00015348                rpc_transport_ipc_data_alloc
 .text.nrf_modem_application_irq_handler
                0x0001535c       0x20 C:/NordicSDK/v1.9.1/nrfxlib/nrf_modem/lib/cortex-m33/soft-float/libmodem.a(rpc_transport_ipc.c.obj)
                0x0001535c                nrf_modem_application_irq_handler
 .text.rpc_transport_ipc_msg_free
                0x0001537c       0x4c C:/NordicSDK/v1.9.1/nrfxlib/nrf_modem/lib/cortex-m33/soft-float/libmodem.a(rpc_transport_ipc.c.obj)
                0x0001537c                rpc_transport_ipc_msg_free
 .text.rpc_transport_ipc_init
                0x000153c8      0x178 C:/NordicSDK/v1.9.1/nrfxlib/nrf_modem/lib/cortex-m33/soft-float/libmodem.a(rpc_transport_ipc.c.obj)
                0x000153c8                rpc_transport_ipc_init
 .text.ipc_irq_handler
                0x00015540      0x130 C:/NordicSDK/v1.9.1/nrfxlib/nrf_modem/lib/cortex-m33/soft-float/libmodem.a(rpc_transport_ipc.c.obj)
                0x00015540                ipc_irq_handler
 .text.interface_init
                0x00015670       0x18 C:/NordicSDK/v1.9.1/nrfxlib/nrf_modem/lib/cortex-m33/soft-float/libmodem.a(interface.c.obj)
                0x00015670                interface_init
 .text.interface_socket_wait
                0x00015688       0x4c C:/NordicSDK/v1.9.1/nrfxlib/nrf_modem/lib/cortex-m33/soft-float/libmodem.a(interface.c.obj)
                0x00015688                interface_socket_wait
 .text.interface_sockets_aux_state_set
                0x000156d4       0x3c C:/NordicSDK/v1.9.1/nrfxlib/nrf_modem/lib/cortex-m33/soft-float/libmodem.a(interface.c.obj)
                0x000156d4                interface_sockets_aux_state_set
 .text.interface_sockets_aux_state_clear
                0x00015710       0x3c C:/NordicSDK/v1.9.1/nrfxlib/nrf_modem/lib/cortex-m33/soft-float/libmodem.a(interface.c.obj)
                0x00015710                interface_sockets_aux_state_clear
 .text.interface_from_internal_id_search
                0x0001574c       0x30 C:/NordicSDK/v1.9.1/nrfxlib/nrf_modem/lib/cortex-m33/soft-float/libmodem.a(interface.c.obj)
                0x0001574c                interface_from_internal_id_search
 .text.interface_socket_from_handle_get
                0x0001577c       0x20 C:/NordicSDK/v1.9.1/nrfxlib/nrf_modem/lib/cortex-m33/soft-float/libmodem.a(interface.c.obj)
                0x0001577c                interface_socket_from_handle_get
 .text.rpc_error_to_nrf_errno
                0x0001579c       0x10 C:/NordicSDK/v1.9.1/nrfxlib/nrf_modem/lib/cortex-m33/soft-float/libmodem.a(ip_interface.c.obj)
                0x0001579c                rpc_error_to_nrf_errno
 .text.rpc_error_to_nrf_gai_errno
                0x000157ac       0x40 C:/NordicSDK/v1.9.1/nrfxlib/nrf_modem/lib/cortex-m33/soft-float/libmodem.a(ip_interface.c.obj)
                0x000157ac                rpc_error_to_nrf_gai_errno
 .text.ip_interface_init
                0x000157ec       0x30 C:/NordicSDK/v1.9.1/nrfxlib/nrf_modem/lib/cortex-m33/soft-float/libmodem.a(ip_interface.c.obj)
                0x000157ec                ip_interface_init
 .text.rpc_ip_event_handler
                0x0001581c      0x4d4 C:/NordicSDK/v1.9.1/nrfxlib/nrf_modem/lib/cortex-m33/soft-float/libmodem.a(ip_interface.c.obj)
                0x0001581c                rpc_ip_event_handler
 .text.hostname_free
                0x00015cf0       0x24 C:/NordicSDK/v1.9.1/nrfxlib/nrf_modem/lib/cortex-m33/soft-float/libmodem.a(tls_interface.c.obj)
 .text.secure_socket_attach_initiate
                0x00015d14       0xa4 C:/NordicSDK/v1.9.1/nrfxlib/nrf_modem/lib/cortex-m33/soft-float/libmodem.a(tls_interface.c.obj)
 .text.tls_interface_init
                0x00015db8       0x10 C:/NordicSDK/v1.9.1/nrfxlib/nrf_modem/lib/cortex-m33/soft-float/libmodem.a(tls_interface.c.obj)
                0x00015db8                tls_interface_init
 .text.tls_rpc_ip_event_handler
                0x00015dc8       0xec C:/NordicSDK/v1.9.1/nrfxlib/nrf_modem/lib/cortex-m33/soft-float/libmodem.a(tls_interface.c.obj)
                0x00015dc8                tls_rpc_ip_event_handler
 .text.at_cmd_send
                0x00015eb4       0x48 C:/NordicSDK/v1.9.1/nrfxlib/nrf_modem/lib/cortex-m33/soft-float/libmodem.a(nrf_modem_at.c.obj)
 .text.nrf_modem_at_init
                0x00015efc       0x2c C:/NordicSDK/v1.9.1/nrfxlib/nrf_modem/lib/cortex-m33/soft-float/libmodem.a(nrf_modem_at.c.obj)
                0x00015efc                nrf_modem_at_init
 .text.rpc_at_event_handler
                0x00015f28       0x6c C:/NordicSDK/v1.9.1/nrfxlib/nrf_modem/lib/cortex-m33/soft-float/libmodem.a(nrf_modem_at.c.obj)
                0x00015f28                rpc_at_event_handler
 .text.rpc_dfu_event_handler
                0x00015f94       0x30 C:/NordicSDK/v1.9.1/nrfxlib/nrf_modem/lib/cortex-m33/soft-float/libmodem.a(nrf_modem_delta_dfu.c.obj)
                0x00015f94                rpc_dfu_event_handler
 .text.rpc_gnss_event_handler
                0x00015fc4      0x1bc C:/NordicSDK/v1.9.1/nrfxlib/nrf_modem/lib/cortex-m33/soft-float/libmodem.a(nrf_modem_gnss.c.obj)
                0x00015fc4                rpc_gnss_event_handler
 .text.full_dfu_ipc_irq_handler
                0x00016180       0x18 C:/NordicSDK/v1.9.1/nrfxlib/nrf_modem/lib/cortex-m33/soft-float/libmodem.a(full_dfu_interface.c.obj)
                0x00016180                full_dfu_ipc_irq_handler
 .text.modem_ipc_wait_for_event
                0x00016198       0x40 C:/NordicSDK/v1.9.1/nrfxlib/nrf_modem/lib/cortex-m33/soft-float/libmodem.a(full_dfu_interface.c.obj)
                0x00016198                modem_ipc_wait_for_event
 .text.nrf_modem_full_dfu_setup
                0x000161d8       0xd4 C:/NordicSDK/v1.9.1/nrfxlib/nrf_modem/lib/cortex-m33/soft-float/libmodem.a(full_dfu_interface.c.obj)
                0x000161d8                nrf_modem_full_dfu_setup
 .text.modem_off
                0x000162ac       0x28 C:/NordicSDK/v1.9.1/nrfxlib/nrf_modem/lib/cortex-m33/soft-float/libmodem.a(nrf_modem.c.obj)
 .text.nrf_modem_init
                0x000162d4       0x64 C:/NordicSDK/v1.9.1/nrfxlib/nrf_modem/lib/cortex-m33/soft-float/libmodem.a(nrf_modem.c.obj)
                0x000162d4                nrf_modem_init
 .text.z_device_state_init
                0x00016338       0x18 zephyr/kernel/libkernel.a(device.c.obj)
                0x00016338                z_device_state_init
 .text.z_sys_init_run_level
                0x00016350       0x50 zephyr/kernel/libkernel.a(device.c.obj)
                0x00016350                z_sys_init_run_level
 .text.z_impl_device_get_binding
                0x000163a0       0x64 zephyr/kernel/libkernel.a(device.c.obj)
                0x000163a0                z_impl_device_get_binding
 .text.init_idle_thread
                0x00016404       0x70 zephyr/kernel/libkernel.a(init.c.obj)
 .text.prepare_multithreading
                0x00016474       0x90 zephyr/kernel/libkernel.a(init.c.obj)
 .text.bg_thread_main
                0x00016504       0x34 zephyr/kernel/libkernel.a(init.c.obj)
 .text.switch_to_main_thread
                0x00016538       0x14 zephyr/kernel/libkernel.a(init.c.obj)
 .text.z_bss_zero
                0x0001654c       0x18 zephyr/kernel/libkernel.a(init.c.obj)
                0x0001654c                z_bss_zero
 .text.z_cstart
                0x00016564       0x84 zephyr/kernel/libkernel.a(init.c.obj)
                0x00016564                z_cstart
 .text.statics_init
                0x000165e8       0x24 zephyr/kernel/libkernel.a(kheap.c.obj)
 .text.z_thread_monitor_exit
                0x0001660c       0x40 zephyr/kernel/libkernel.a(thread.c.obj)
                0x0001660c                z_thread_monitor_exit
 .text.schedule_new_thread
                0x0001664c       0x24 zephyr/kernel/libkernel.a(thread.c.obj)
 .text.z_setup_new_thread
                0x00016670       0xc8 zephyr/kernel/libkernel.a(thread.c.obj)
                0x00016670                z_setup_new_thread
 .text.z_init_static_threads
                0x00016738       0x9c zephyr/kernel/libkernel.a(thread.c.obj)
                0x00016738                z_init_static_threads
 .text.idle     0x000167d4       0x30 zephyr/kernel/libkernel.a(idle.c.obj)
                0x000167d4                idle
 .text.z_impl_k_mutex_lock
                0x00016804      0x114 zephyr/kernel/libkernel.a(mutex.c.obj)
                0x00016804                z_impl_k_mutex_lock
 .text.z_impl_k_mutex_unlock
                0x00016918       0x88 zephyr/kernel/libkernel.a(mutex.c.obj)
                0x00016918                z_impl_k_mutex_unlock
 .text.z_impl_k_sem_give
                0x000169a0       0x48 zephyr/kernel/libkernel.a(sem.c.obj)
                0x000169a0                z_impl_k_sem_give
 .text.z_impl_k_sem_take
                0x000169e8       0x54 zephyr/kernel/libkernel.a(sem.c.obj)
                0x000169e8                z_impl_k_sem_take
 .text.add_thread_timeout
                0x00016a3c       0x20 zephyr/kernel/libkernel.a(sched.c.obj)
 .text.z_reset_time_slice
                0x00016a5c       0x2c zephyr/kernel/libkernel.a(sched.c.obj)
                0x00016a5c                z_reset_time_slice
 .text.k_sched_time_slice_set
                0x00016a88       0x78 zephyr/kernel/libkernel.a(sched.c.obj)
                0x00016a88                k_sched_time_slice_set
 .text.z_reschedule
                0x00016b00       0x38 zephyr/kernel/libkernel.a(sched.c.obj)
                0x00016b00                z_reschedule
 .text.k_sched_lock
                0x00016b38       0x30 zephyr/kernel/libkernel.a(sched.c.obj)
                0x00016b38                k_sched_lock
 .text.update_cache
                0x00016b68       0x4c zephyr/kernel/libkernel.a(sched.c.obj)
 .text.move_thread_to_end_of_prio_q
                0x00016bb4       0x88 zephyr/kernel/libkernel.a(sched.c.obj)
 .text.z_time_slice
                0x00016c3c       0x98 zephyr/kernel/libkernel.a(sched.c.obj)
                0x00016c3c                z_time_slice
 .text.ready_thread
                0x00016cd4       0x80 zephyr/kernel/libkernel.a(sched.c.obj)
 .text.z_sched_start
                0x00016d54       0x3c zephyr/kernel/libkernel.a(sched.c.obj)
                0x00016d54                z_sched_start
 .text.unready_thread
                0x00016d90       0x38 zephyr/kernel/libkernel.a(sched.c.obj)
 .text.z_pend_curr
                0x00016dc8       0x28 zephyr/kernel/libkernel.a(sched.c.obj)
                0x00016dc8                z_pend_curr
 .text.z_set_prio
                0x00016df0       0xc0 zephyr/kernel/libkernel.a(sched.c.obj)
                0x00016df0                z_set_prio
 .text.z_impl_k_thread_suspend
                0x00016eb0       0x84 zephyr/kernel/libkernel.a(sched.c.obj)
                0x00016eb0                z_impl_k_thread_suspend
 .text.k_sched_unlock
                0x00016f34       0x4c zephyr/kernel/libkernel.a(sched.c.obj)
                0x00016f34                k_sched_unlock
 .text.end_thread
                0x00016f80       0x9c zephyr/kernel/libkernel.a(sched.c.obj)
 .text.z_sched_init
                0x0001701c       0x18 zephyr/kernel/libkernel.a(sched.c.obj)
                0x0001701c                z_sched_init
 .text.z_impl_k_yield
                0x00017034       0x88 zephyr/kernel/libkernel.a(sched.c.obj)
                0x00017034                z_impl_k_yield
 .text.z_tick_sleep
                0x000170bc       0xa0 zephyr/kernel/libkernel.a(sched.c.obj)
 .text.z_impl_k_sleep
                0x0001715c       0x58 zephyr/kernel/libkernel.a(sched.c.obj)
                0x0001715c                z_impl_k_sleep
 .text.z_impl_z_current_get
                0x000171b4        0xc zephyr/kernel/libkernel.a(sched.c.obj)
                0x000171b4                z_impl_z_current_get
 .text.z_thread_abort
                0x000171c0       0x50 zephyr/kernel/libkernel.a(sched.c.obj)
                0x000171c0                z_thread_abort
 .text.z_data_copy
                0x00017210       0x34 zephyr/kernel/libkernel.a(xip.c.obj)
                0x00017210                z_data_copy
 .text.first    0x00017244       0x14 zephyr/kernel/libkernel.a(timeout.c.obj)
 .text.next     0x00017258       0x18 zephyr/kernel/libkernel.a(timeout.c.obj)
 .text.elapsed  0x00017270       0x18 zephyr/kernel/libkernel.a(timeout.c.obj)
 .text.next_timeout
                0x00017288       0x4c zephyr/kernel/libkernel.a(timeout.c.obj)
 .text.z_add_timeout
                0x000172d4      0x154 zephyr/kernel/libkernel.a(timeout.c.obj)
                0x000172d4                z_add_timeout
 .text.sys_clock_announce
                0x00017428       0xc4 zephyr/kernel/libkernel.a(timeout.c.obj)
                0x00017428                sys_clock_announce
 .text.sys_clock_tick_get
                0x000174ec       0x40 zephyr/kernel/libkernel.a(timeout.c.obj)
                0x000174ec                sys_clock_tick_get
 .text.boot_banner
                0x0001752c       0x1c zephyr/kernel/libkernel.a(banner.c.obj)
                0x0001752c                boot_banner
 .text.z_impl_gpio_pin_configure
                0x00017548       0x4a app/libapp.a(main.c.obj)
 .text.sys_notify_validate
                0x00017592       0x2e zephyr/libzephyr.a(notify.c.obj)
                0x00017592                sys_notify_validate
 .text.sys_notify_finalize
                0x000175c0       0x1a zephyr/libzephyr.a(notify.c.obj)
                0x000175c0                sys_notify_finalize
 .text.arch_printk_char_out
                0x000175da        0x4 zephyr/libzephyr.a(printk.c.obj)
                0x000175da                arch_printk_char_out
 .text.str_out  0x000175de       0x30 zephyr/libzephyr.a(printk.c.obj)
 .text.printk   0x0001760e       0x1c zephyr/libzephyr.a(printk.c.obj)
                0x0001760e                printk
 .text.snprintk
                0x0001762a       0x1c zephyr/libzephyr.a(printk.c.obj)
                0x0001762a                snprintk
 .text.set_state
                0x00017646       0x10 zephyr/libzephyr.a(onoff.c.obj)
 .text.notify_monitors
                0x00017656       0x3e zephyr/libzephyr.a(onoff.c.obj)
 .text.process_recheck
                0x00017694       0x32 zephyr/libzephyr.a(onoff.c.obj)
 .text.process_complete
                0x000176c6       0x9a zephyr/libzephyr.a(onoff.c.obj)
 .text.validate_args
                0x00017760       0x2c zephyr/libzephyr.a(onoff.c.obj)
 .text.notify_one
                0x0001778c       0x26 zephyr/libzephyr.a(onoff.c.obj)
 .text.notify_all
                0x000177b2       0x2e zephyr/libzephyr.a(onoff.c.obj)
 .text.transition_complete
                0x000177e0       0x1c zephyr/libzephyr.a(onoff.c.obj)
 .text.onoff_manager_init
                0x000177fc       0x38 zephyr/libzephyr.a(onoff.c.obj)
                0x000177fc                onoff_manager_init
 .text.onoff_request
                0x00017834       0xb8 zephyr/libzephyr.a(onoff.c.obj)
                0x00017834                onoff_request
 .text.z_thread_entry
                0x000178ec       0x14 zephyr/libzephyr.a(thread_entry.c.obj)
                0x000178ec                z_thread_entry
 .text.chunk_mem
                0x00017900        0x8 zephyr/libzephyr.a(heap.c.obj)
 .text.free_list_remove_bidx
                0x00017908       0x40 zephyr/libzephyr.a(heap.c.obj)
 .text.free_list_add_bidx
                0x00017948       0x48 zephyr/libzephyr.a(heap.c.obj)
 .text.split_chunks
                0x00017990       0x2e zephyr/libzephyr.a(heap.c.obj)
 .text.merge_chunks
                0x000179be       0x26 zephyr/libzephyr.a(heap.c.obj)
 .text.mem_to_chunkid
                0x000179e4        0x8 zephyr/libzephyr.a(heap.c.obj)
 .text.free_list_remove
                0x000179ec       0x18 zephyr/libzephyr.a(heap.c.obj)
 .text.free_list_add
                0x00017a04       0x18 zephyr/libzephyr.a(heap.c.obj)
 .text.free_chunk
                0x00017a1c       0x62 zephyr/libzephyr.a(heap.c.obj)
 .text.alloc_chunk
                0x00017a7e       0x70 zephyr/libzephyr.a(heap.c.obj)
 .text.sys_heap_free
                0x00017aee       0x24 zephyr/libzephyr.a(heap.c.obj)
                0x00017aee                sys_heap_free
 .text.sys_heap_alloc
                0x00017b12       0x64 zephyr/libzephyr.a(heap.c.obj)
                0x00017b12                sys_heap_alloc
 .text.sys_heap_aligned_alloc
                0x00017b76       0xe2 zephyr/libzephyr.a(heap.c.obj)
                0x00017b76                sys_heap_aligned_alloc
 .text.sys_heap_init
                0x00017c58       0x7a zephyr/libzephyr.a(heap.c.obj)
                0x00017c58                sys_heap_init
 .text.extract_decimal
                0x00017cd2       0x26 zephyr/libzephyr.a(cbprintf_complete.c.obj)
 .text._ldiv5   0x00017cf8       0x3c zephyr/libzephyr.a(cbprintf_complete.c.obj)
 .text._ldiv10  0x00017d34       0x18 zephyr/libzephyr.a(cbprintf_complete.c.obj)
 .text._get_digit
                0x00017d4c       0x38 zephyr/libzephyr.a(cbprintf_complete.c.obj)
 .text.encode_uint
                0x00017d84       0xd4 zephyr/libzephyr.a(cbprintf_complete.c.obj)
 .text.outs     0x00017e58       0x34 zephyr/libzephyr.a(cbprintf_complete.c.obj)
 .text._ConfigAbsSyms
                0x00017e8c        0x2 zephyr/libzephyr.a(configs.c.obj)
                0x00017e8c                _ConfigAbsSyms
 .text.pm_power_state_set
                0x00017e8e       0x26 zephyr/libzephyr.a(power.c.obj)
                0x00017e8e                pm_power_state_set
 .text.pm_power_state_exit_post_ops
                0x00017eb4       0x16 zephyr/libzephyr.a(power.c.obj)
                0x00017eb4                pm_power_state_exit_post_ops
 .text.pm_policy_next_state
                0x00017eca        0xa zephyr/libzephyr.a(residency.c.obj)
                0x00017eca                pm_policy_next_state
 .text.spm_request_random_number
                0x00017ed4       0x18 zephyr/libzephyr.a(secure_services_ns.c.obj)
                0x00017ed4                spm_request_random_number
 .text.z_arm_fatal_error
                0x00017eec        0x8 zephyr/arch/arch/arm/core/aarch32/libarch__arm__core__aarch32.a(fatal.c.obj)
                0x00017eec                z_arm_fatal_error
 .text.z_do_kernel_oops
                0x00017ef4        0xc zephyr/arch/arch/arm/core/aarch32/libarch__arm__core__aarch32.a(fatal.c.obj)
                0x00017ef4                z_do_kernel_oops
 .text.z_irq_spurious
                0x00017f00        0xc zephyr/arch/arch/arm/core/aarch32/libarch__arm__core__aarch32.a(irq_manage.c.obj)
                0x00017f00                z_irq_spurious
 .text.z_arm_nmi
                0x00017f0c        0xc zephyr/arch/arch/arm/core/aarch32/libarch__arm__core__aarch32.a(nmi.c.obj)
                0x00017f0c                z_arm_nmi
 .text.configure_builtin_stack_guard
                0x00017f18        0xa zephyr/arch/arch/arm/core/aarch32/libarch__arm__core__aarch32.a(thread.c.obj)
                0x00017f18                configure_builtin_stack_guard
 .text.memory_fault_recoverable
                0x00017f22        0x4 zephyr/arch/arch/arm/core/aarch32/cortex_m/libarch__arm__core__aarch32__cortex_m.a(fault.c.obj)
 .text.debug_monitor
                0x00017f26        0x6 zephyr/arch/arch/arm/core/aarch32/cortex_m/libarch__arm__core__aarch32__cortex_m.a(fault.c.obj)
 .text.fault_handle
                0x00017f2c       0x46 zephyr/arch/arch/arm/core/aarch32/cortex_m/libarch__arm__core__aarch32__cortex_m.a(fault.c.obj)
 .text.z_arm_save_fp_context
                0x00017f72        0x2 zephyr/arch/arch/arm/core/aarch32/cortex_m/libarch__arm__core__aarch32__cortex_m.a(fpu.c.obj)
                0x00017f72                z_arm_save_fp_context
 .text.z_arm_restore_fp_context
                0x00017f74        0x2 zephyr/arch/arch/arm/core/aarch32/cortex_m/libarch__arm__core__aarch32__cortex_m.a(fpu.c.obj)
                0x00017f74                z_arm_restore_fp_context
 .text.arm_cmse_mpu_region_get
                0x00017f76       0x14 zephyr/arch/arch/arm/core/aarch32/cortex_m/cmse/libarch__arm__core__aarch32__cortex_m__cmse.a(arm_core_cmse.c.obj)
                0x00017f76                arm_cmse_mpu_region_get
 .text.mpu_partition_is_valid
                0x00017f8a       0x24 zephyr/arch/arch/arm/core/aarch32/mpu/libarch__arm__core__aarch32__mpu.a(arm_mpu.c.obj)
 .text.region_allocate_and_init
                0x00017fae       0x16 zephyr/arch/arch/arm/core/aarch32/mpu/libarch__arm__core__aarch32__mpu.a(arm_mpu.c.obj)
 .text.mpu_configure_region
                0x00017fc4       0x36 zephyr/arch/arch/arm/core/aarch32/mpu/libarch__arm__core__aarch32__mpu.a(arm_mpu.c.obj)
 .text.arm_core_mpu_configure_static_mpu_regions
                0x00017ffa        0x8 zephyr/arch/arch/arm/core/aarch32/mpu/libarch__arm__core__aarch32__mpu.a(arm_mpu.c.obj)
                0x00017ffa                arm_core_mpu_configure_static_mpu_regions
 .text.arm_core_mpu_mark_areas_for_dynamic_regions
                0x00018002        0x8 zephyr/arch/arch/arm/core/aarch32/mpu/libarch__arm__core__aarch32__mpu.a(arm_mpu.c.obj)
                0x00018002                arm_core_mpu_mark_areas_for_dynamic_regions
 .text.strncpy  0x0001800a       0x34 zephyr/lib/libc/minimal/liblib__libc__minimal.a(string.c.obj)
                0x0001800a                strncpy
 .text.strlen   0x0001803e       0x10 zephyr/lib/libc/minimal/liblib__libc__minimal.a(string.c.obj)
                0x0001803e                strlen
 .text.strnlen  0x0001804e       0x14 zephyr/lib/libc/minimal/liblib__libc__minimal.a(string.c.obj)
                0x0001804e                strnlen
 .text.strcmp   0x00018062       0x14 zephyr/lib/libc/minimal/liblib__libc__minimal.a(string.c.obj)
                0x00018062                strcmp
 .text.memcmp   0x00018076       0x2e zephyr/lib/libc/minimal/liblib__libc__minimal.a(string.c.obj)
                0x00018076                memcmp
 .text.memcpy   0x000180a4       0x48 zephyr/lib/libc/minimal/liblib__libc__minimal.a(string.c.obj)
                0x000180a4                memcpy
 .text.memset   0x000180ec       0x3a zephyr/lib/libc/minimal/liblib__libc__minimal.a(string.c.obj)
                0x000180ec                memset
 .text._stdout_hook_default
                0x00018126        0x6 zephyr/lib/libc/minimal/liblib__libc__minimal.a(stdout_console.c.obj)
 .text.fputc    0x0001812c        0x8 zephyr/lib/libc/minimal/liblib__libc__minimal.a(stdout_console.c.obj)
                0x0001812c                fputc
 .text.get_sub_data
                0x00018134        0xe zephyr/drivers/clock_control/libdrivers__clock_control.a(clock_control_nrf.c.obj)
 .text.get_sub_config
                0x00018142        0x8 zephyr/drivers/clock_control/libdrivers__clock_control.a(clock_control_nrf.c.obj)
 .text.get_onoff_manager
                0x0001814a        0xc zephyr/drivers/clock_control/libdrivers__clock_control.a(clock_control_nrf.c.obj)
 .text.get_status
                0x00018156       0x10 zephyr/drivers/clock_control/libdrivers__clock_control.a(clock_control_nrf.c.obj)
 .text.set_off_state
                0x00018166       0x32 zephyr/drivers/clock_control/libdrivers__clock_control.a(clock_control_nrf.c.obj)
 .text.set_starting_state
                0x00018198       0x40 zephyr/drivers/clock_control/libdrivers__clock_control.a(clock_control_nrf.c.obj)
 .text.set_on_state
                0x000181d8       0x26 zephyr/drivers/clock_control/libdrivers__clock_control.a(clock_control_nrf.c.obj)
 .text.clkstarted_handle
                0x000181fe       0x24 zephyr/drivers/clock_control/libdrivers__clock_control.a(clock_control_nrf.c.obj)
 .text.stop     0x00018222       0x2a zephyr/drivers/clock_control/libdrivers__clock_control.a(clock_control_nrf.c.obj)
 .text.api_stop
                0x0001824c        0xa zephyr/drivers/clock_control/libdrivers__clock_control.a(clock_control_nrf.c.obj)
 .text.async_start
                0x00018256       0x38 zephyr/drivers/clock_control/libdrivers__clock_control.a(clock_control_nrf.c.obj)
 .text.api_start
                0x0001828e       0x10 zephyr/drivers/clock_control/libdrivers__clock_control.a(clock_control_nrf.c.obj)
 .text.onoff_started_callback
                0x0001829e       0x10 zephyr/drivers/clock_control/libdrivers__clock_control.a(clock_control_nrf.c.obj)
 .text.hfclk_start
                0x000182ae        0xa zephyr/drivers/clock_control/libdrivers__clock_control.a(clock_control_nrf.c.obj)
 .text.lfclk_start
                0x000182b8        0xa zephyr/drivers/clock_control/libdrivers__clock_control.a(clock_control_nrf.c.obj)
 .text.hfclk_stop
                0x000182c2        0xa zephyr/drivers/clock_control/libdrivers__clock_control.a(clock_control_nrf.c.obj)
 .text.lfclk_stop
                0x000182cc        0xa zephyr/drivers/clock_control/libdrivers__clock_control.a(clock_control_nrf.c.obj)
 .text.blocking_start_callback
                0x000182d6        0xa zephyr/drivers/clock_control/libdrivers__clock_control.a(clock_control_nrf.c.obj)
 .text.get_pull
                0x000182e0       0x18 zephyr/drivers/gpio/libdrivers__gpio.a(gpio_nrfx.c.obj)
 .text.gpio_nrfx_port_get_raw
                0x000182f8        0xc zephyr/drivers/gpio/libdrivers__gpio.a(gpio_nrfx.c.obj)
 .text.gpio_nrfx_port_set_masked_raw
                0x00018304       0x12 zephyr/drivers/gpio/libdrivers__gpio.a(gpio_nrfx.c.obj)
 .text.gpio_nrfx_port_set_bits_raw
                0x00018316        0xa zephyr/drivers/gpio/libdrivers__gpio.a(gpio_nrfx.c.obj)
 .text.gpio_nrfx_port_clear_bits_raw
                0x00018320        0xa zephyr/drivers/gpio/libdrivers__gpio.a(gpio_nrfx.c.obj)
 .text.gpio_nrfx_port_toggle_bits
                0x0001832a        0xe zephyr/drivers/gpio/libdrivers__gpio.a(gpio_nrfx.c.obj)
 .text.get_trigger
                0x00018338       0x2c zephyr/drivers/gpio/libdrivers__gpio.a(gpio_nrfx.c.obj)
 .text.gpio_nrfx_manage_callback
                0x00018364       0x64 zephyr/drivers/gpio/libdrivers__gpio.a(gpio_nrfx.c.obj)
 .text.nrfx_gpio_handler
                0x000183c8       0x48 zephyr/drivers/gpio/libdrivers__gpio.a(gpio_nrfx.c.obj)
 .text.endtx_isr
                0x00018410       0x32 zephyr/drivers/serial/libdrivers__serial.a(uart_nrfx_uarte.c.obj)
 .text.uarte_nrfx_isr_int
                0x00018442       0x56 zephyr/drivers/serial/libdrivers__serial.a(uart_nrfx_uarte.c.obj)
 .text.uarte_nrfx_configure
                0x00018498       0xa6 zephyr/drivers/serial/libdrivers__serial.a(uart_nrfx_uarte.c.obj)
 .text.uarte_nrfx_config_get
                0x0001853e       0x10 zephyr/drivers/serial/libdrivers__serial.a(uart_nrfx_uarte.c.obj)
 .text.uarte_nrfx_err_check
                0x0001854e        0xe zephyr/drivers/serial/libdrivers__serial.a(uart_nrfx_uarte.c.obj)
 .text.is_tx_ready
                0x0001855c       0x28 zephyr/drivers/serial/libdrivers__serial.a(uart_nrfx_uarte.c.obj)
 .text.uarte_enable
                0x00018584        0xc zephyr/drivers/serial/libdrivers__serial.a(uart_nrfx_uarte.c.obj)
 .text.tx_start
                0x00018590       0x40 zephyr/drivers/serial/libdrivers__serial.a(uart_nrfx_uarte.c.obj)
 .text.uarte_nrfx_poll_in
                0x000185d0       0x2a zephyr/drivers/serial/libdrivers__serial.a(uart_nrfx_uarte.c.obj)
 .text.wait_tx_ready
                0x000185fa       0x4e zephyr/drivers/serial/libdrivers__serial.a(uart_nrfx_uarte.c.obj)
 .text.uarte_instance_init
                0x00018648       0x94 zephyr/drivers/serial/libdrivers__serial.a(uart_nrfx_uarte.c.obj)
 .text.uarte_0_init
                0x000186dc       0x1e zephyr/drivers/serial/libdrivers__serial.a(uart_nrfx_uarte.c.obj)
 .text.entropy_cc3xx_rng_init
                0x000186fa        0x4 zephyr/drivers/entropy/libdrivers__entropy.a(entropy_cc310.c.obj)
 .text.entropy_cc3xx_rng_get_entropy
                0x000186fe       0x40 zephyr/drivers/entropy/libdrivers__entropy.a(entropy_cc310.c.obj)
 .text.sys_clock_idle_exit
                0x0001873e        0x2 zephyr/drivers/timer/libdrivers__timer.a(sys_clock_init.c.obj)
                0x0001873e                sys_clock_idle_exit
 .text.counter_sub
                0x00018740        0x8 zephyr/drivers/timer/libdrivers__timer.a(nrf_rtc_timer.c.obj)
 .text.event_clear
                0x00018748       0x18 zephyr/drivers/timer/libdrivers__timer.a(nrf_rtc_timer.c.obj)
 .text.absolute_time_to_cc
                0x00018760        0x6 zephyr/drivers/timer/libdrivers__timer.a(nrf_rtc_timer.c.obj)
 .text.full_int_lock
                0x00018766       0x12 zephyr/drivers/timer/libdrivers__timer.a(nrf_rtc_timer.c.obj)
 .text.full_int_unlock
                0x00018778        0xa zephyr/drivers/timer/libdrivers__timer.a(nrf_rtc_timer.c.obj)
 .text.set_absolute_alarm
                0x00018782       0x76 zephyr/drivers/timer/libdrivers__timer.a(nrf_rtc_timer.c.obj)
 .text.compare_set
                0x000187f8       0x32 zephyr/drivers/timer/libdrivers__timer.a(nrf_rtc_timer.c.obj)
 .text.sleeping_thread_init
                0x0001882a        0xe modules/nrf/lib/nrf_modem_lib/lib..__nrf__lib__nrf_modem_lib.a(nrf_modem_os.c.obj)
 .text.nrf_modem_os_busywait
                0x00018838        0x8 modules/nrf/lib/nrf_modem_lib/lib..__nrf__lib__nrf_modem_lib.a(nrf_modem_os.c.obj)
                0x00018838                nrf_modem_os_busywait
 .text.nrf_modem_os_timedwait
                0x00018840      0x130 modules/nrf/lib/nrf_modem_lib/lib..__nrf__lib__nrf_modem_lib.a(nrf_modem_os.c.obj)
                0x00018840                nrf_modem_os_timedwait
 .text.nrf_modem_os_is_in_isr
                0x00018970        0x8 modules/nrf/lib/nrf_modem_lib/lib..__nrf__lib__nrf_modem_lib.a(nrf_modem_os.c.obj)
                0x00018970                nrf_modem_os_is_in_isr
 .text.nrf_modem_os_sem_give
                0x00018978        0x8 modules/nrf/lib/nrf_modem_lib/lib..__nrf__lib__nrf_modem_lib.a(nrf_modem_os.c.obj)
                0x00018978                nrf_modem_os_sem_give
 .text.nrf_modem_os_sem_take
                0x00018980       0x50 modules/nrf/lib/nrf_modem_lib/lib..__nrf__lib__nrf_modem_lib.a(nrf_modem_os.c.obj)
                0x00018980                nrf_modem_os_sem_take
 .text.read_task_create
                0x000189d0       0x14 modules/nrf/lib/nrf_modem_lib/lib..__nrf__lib__nrf_modem_lib.a(nrf_modem_os.c.obj)
                0x000189d0                read_task_create
 .text.nrf_modem_os_trace_put
                0x000189e4        0x4 modules/nrf/lib/nrf_modem_lib/lib..__nrf__lib__nrf_modem_lib.a(nrf_modem_os.c.obj)
                0x000189e4                nrf_modem_os_trace_put
 .text.k_sys_fatal_error_handler
                0x000189e8        0x8 modules/nrf/lib/fatal_error/lib..__nrf__lib__fatal_error.a(fatal_error.c.obj)
                0x000189e8                k_sys_fatal_error_handler
 .text.ext_api_satisfies_req
                0x000189f0       0x38 modules/nrf/subsys/fw_info/lib..__nrf__subsys__fw_info.a(fw_info.c.obj)
 .text.skip_ext_apis
                0x00018a28       0x16 modules/nrf/subsys/fw_info/lib..__nrf__subsys__fw_info.a(fw_info.c.obj)
 .text.SystemInit
                0x00018a3e        0x8 modules/hal_nordic/nrfx/libmodules__hal_nordic__nrfx.a(system_nrf9160.c.obj)
                0x00018a3e                SystemInit
 .text.nrfx_isr
                0x00018a46        0x6 modules/hal_nordic/nrfx/libmodules__hal_nordic__nrfx.a(nrfx_glue.c.obj)
                0x00018a46                nrfx_isr
 .text.nrfx_busy_wait
                0x00018a4c        0x8 modules/hal_nordic/nrfx/libmodules__hal_nordic__nrfx.a(nrfx_glue.c.obj)
                0x00018a4c                nrfx_busy_wait
 .text.nrfx_clock_enable
                0x00018a54       0x14 modules/hal_nordic/nrfx/libmodules__hal_nordic__nrfx.a(nrfx_clock.c.obj)
                0x00018a54                nrfx_clock_enable
 .text.pin_is_task_output
                0x00018a68       0x1e modules/hal_nordic/nrfx/libmodules__hal_nordic__nrfx.a(nrfx_gpiote.c.obj)
 .text.pin_is_input
                0x00018a86        0xe modules/hal_nordic/nrfx/libmodules__hal_nordic__nrfx.a(nrfx_gpiote.c.obj)
 .text.gpiote_polarity_to_trigger
                0x00018a94        0x2 modules/hal_nordic/nrfx/libmodules__hal_nordic__nrfx.a(nrfx_gpiote.c.obj)
 .text.gpiote_trigger_to_polarity
                0x00018a96        0x2 modules/hal_nordic/nrfx/libmodules__hal_nordic__nrfx.a(nrfx_gpiote.c.obj)
 .text.is_level
                0x00018a98        0xa modules/hal_nordic/nrfx/libmodules__hal_nordic__nrfx.a(nrfx_gpiote.c.obj)
 .text.rpc_handle_ctrl_message
                0x00018aa2       0x30 C:/NordicSDK/v1.9.1/nrfxlib/nrf_modem/lib/cortex-m33/soft-float/libmodem.a(rpc_framework.c.obj)
                0x00018aa2                rpc_handle_ctrl_message
 .text.rpc_message_send
                0x00018ad2       0x10 C:/NordicSDK/v1.9.1/nrfxlib/nrf_modem/lib/cortex-m33/soft-float/libmodem.a(rpc_framework.c.obj)
                0x00018ad2                rpc_message_send
 .text.rpc_message_alloc
                0x00018ae2       0x30 C:/NordicSDK/v1.9.1/nrfxlib/nrf_modem/lib/cortex-m33/soft-float/libmodem.a(rpc_framework.c.obj)
                0x00018ae2                rpc_message_alloc
 .text.rpc_message_data_free
                0x00018b12        0x4 C:/NordicSDK/v1.9.1/nrfxlib/nrf_modem/lib/cortex-m33/soft-float/libmodem.a(rpc_framework.c.obj)
                0x00018b12                rpc_message_data_free
 .text.rpc_transport_data_msg_alloc
                0x00018b16        0x4 C:/NordicSDK/v1.9.1/nrfxlib/nrf_modem/lib/cortex-m33/soft-float/libmodem.a(rpc_transport.c.obj)
                0x00018b16                rpc_transport_data_msg_alloc
 .text.rpc_transport_msg_free
                0x00018b1a        0x4 C:/NordicSDK/v1.9.1/nrfxlib/nrf_modem/lib/cortex-m33/soft-float/libmodem.a(rpc_transport.c.obj)
                0x00018b1a                rpc_transport_msg_free
 .text.rpc_transport_data_alloc
                0x00018b1e        0x4 C:/NordicSDK/v1.9.1/nrfxlib/nrf_modem/lib/cortex-m33/soft-float/libmodem.a(rpc_transport.c.obj)
                0x00018b1e                rpc_transport_data_alloc
 .text.rpc_transport_local_data_free
                0x00018b22        0x4 C:/NordicSDK/v1.9.1/nrfxlib/nrf_modem/lib/cortex-m33/soft-float/libmodem.a(rpc_transport.c.obj)
                0x00018b22                rpc_transport_local_data_free
 .text.rpc_transport_peer_data_free
                0x00018b26        0x4 C:/NordicSDK/v1.9.1/nrfxlib/nrf_modem/lib/cortex-m33/soft-float/libmodem.a(rpc_transport.c.obj)
                0x00018b26                rpc_transport_peer_data_free
 .text.rpc_transport_data_msg_send
                0x00018b2a        0x4 C:/NordicSDK/v1.9.1/nrfxlib/nrf_modem/lib/cortex-m33/soft-float/libmodem.a(rpc_transport.c.obj)
                0x00018b2a                rpc_transport_data_msg_send
 .text.rpc_transport_ipc_local_data_free
                0x00018b2e        0xe C:/NordicSDK/v1.9.1/nrfxlib/nrf_modem/lib/cortex-m33/soft-float/libmodem.a(rpc_transport_ipc.c.obj)
                0x00018b2e                rpc_transport_ipc_local_data_free
 .text.rpc_transport_ipc_peer_data_free
                0x00018b3c       0x24 C:/NordicSDK/v1.9.1/nrfxlib/nrf_modem/lib/cortex-m33/soft-float/libmodem.a(rpc_transport_ipc.c.obj)
                0x00018b3c                rpc_transport_ipc_peer_data_free
 .text.rpc_client_request_alloc
                0x00018b60        0xc C:/NordicSDK/v1.9.1/nrfxlib/nrf_modem/lib/cortex-m33/soft-float/libmodem.a(rpc_client.c.obj)
                0x00018b60                rpc_client_request_alloc
 .text.rpc_client_request_send
                0x00018b6c        0xe C:/NordicSDK/v1.9.1/nrfxlib/nrf_modem/lib/cortex-m33/soft-float/libmodem.a(rpc_client.c.obj)
                0x00018b6c                rpc_client_request_send
 .text.rpc_client_data_free
                0x00018b7a        0x4 C:/NordicSDK/v1.9.1/nrfxlib/nrf_modem/lib/cortex-m33/soft-float/libmodem.a(rpc_client.c.obj)
                0x00018b7a                rpc_client_data_free
 .text.ip_interface_request_create
                0x00018b7e       0x26 C:/NordicSDK/v1.9.1/nrfxlib/nrf_modem/lib/cortex-m33/soft-float/libmodem.a(ip_interface.c.obj)
                0x00018b7e                ip_interface_request_create
 .text.ip_interface_wait
                0x00018ba4       0x20 C:/NordicSDK/v1.9.1/nrfxlib/nrf_modem/lib/cortex-m33/soft-float/libmodem.a(ip_interface.c.obj)
                0x00018ba4                ip_interface_wait
 .text.secure_client_socket
                0x00018bc4       0x70 C:/NordicSDK/v1.9.1/nrfxlib/nrf_modem/lib/cortex-m33/soft-float/libmodem.a(tls_interface.c.obj)
 .text.nrf_modem_recoverable_error_handler
                0x00018c34        0x2 C:/NordicSDK/v1.9.1/nrfxlib/nrf_modem/lib/cortex-m33/soft-float/libmodem.a(nrf_modem.c.obj)
                0x00018c34                nrf_modem_recoverable_error_handler
 .text.nrf_modem_platform_error_handler
                0x00018c36        0x8 C:/NordicSDK/v1.9.1/nrfxlib/nrf_modem/lib/cortex-m33/soft-float/libmodem.a(nrf_modem.c.obj)
                0x00018c36                nrf_modem_platform_error_handler
 .text.rpc_transport_ipc_fault_handler
                0x00018c3e        0x4 C:/NordicSDK/v1.9.1/nrfxlib/nrf_modem/lib/cortex-m33/soft-float/libmodem.a(nrf_modem_platform.c.obj)
                0x00018c3e                rpc_transport_ipc_fault_handler
 .text.nrf_modem_platform_init
                0x00018c42       0x34 C:/NordicSDK/v1.9.1/nrfxlib/nrf_modem/lib/cortex-m33/soft-float/libmodem.a(nrf_modem_platform.c.obj)
                0x00018c42                nrf_modem_platform_init
 .text.z_device_ready
                0x00018c76       0x1a zephyr/kernel/libkernel.a(device.c.obj)
                0x00018c76                z_device_ready
 .text.z_fatal_error
                0x00018c90       0x34 zephyr/kernel/libkernel.a(fatal.c.obj)
                0x00018c90                z_fatal_error
 .text.k_heap_init
                0x00018cc4       0x10 zephyr/kernel/libkernel.a(kheap.c.obj)
                0x00018cc4                k_heap_init
 .text.k_heap_aligned_alloc
                0x00018cd4       0x96 zephyr/kernel/libkernel.a(kheap.c.obj)
                0x00018cd4                k_heap_aligned_alloc
 .text.k_heap_alloc
                0x00018d6a       0x16 zephyr/kernel/libkernel.a(kheap.c.obj)
                0x00018d6a                k_heap_alloc
 .text.k_heap_free
                0x00018d80       0x3a zephyr/kernel/libkernel.a(kheap.c.obj)
                0x00018d80                k_heap_free
 .text.setup_thread_stack
                0x00018dba       0x18 zephyr/kernel/libkernel.a(thread.c.obj)
 .text.k_is_in_isr
                0x00018dd2        0xc zephyr/kernel/libkernel.a(thread.c.obj)
                0x00018dd2                k_is_in_isr
 .text.z_impl_k_thread_start
                0x00018dde        0x8 zephyr/kernel/libkernel.a(thread.c.obj)
                0x00018dde                z_impl_k_thread_start
 .text.z_init_thread_base
                0x00018de6       0x16 zephyr/kernel/libkernel.a(thread.c.obj)
                0x00018de6                z_init_thread_base
 .text.z_pm_save_idle_exit
                0x00018dfc        0xc zephyr/kernel/libkernel.a(idle.c.obj)
                0x00018dfc                z_pm_save_idle_exit
 .text.new_prio_for_inheritance
                0x00018e08       0x16 zephyr/kernel/libkernel.a(mutex.c.obj)
 .text.adjust_owner_prio
                0x00018e1e       0x16 zephyr/kernel/libkernel.a(mutex.c.obj)
 .text.z_impl_k_mutex_init
                0x00018e34        0xe zephyr/kernel/libkernel.a(mutex.c.obj)
                0x00018e34                z_impl_k_mutex_init
 .text.z_impl_k_sem_init
                0x00018e42       0x1e zephyr/kernel/libkernel.a(sem.c.obj)
                0x00018e42                z_impl_k_sem_init
 .text.thread_active_elsewhere
                0x00018e60        0x4 zephyr/kernel/libkernel.a(sched.c.obj)
 .text.pended_on_thread
                0x00018e64        0x4 zephyr/kernel/libkernel.a(sched.c.obj)
 .text.z_sched_prio_cmp
                0x00018e68       0x14 zephyr/kernel/libkernel.a(sched.c.obj)
                0x00018e68                z_sched_prio_cmp
 .text.z_reschedule_irqlock
                0x00018e7c       0x2a zephyr/kernel/libkernel.a(sched.c.obj)
                0x00018e7c                z_reschedule_irqlock
 .text.z_priq_dumb_remove
                0x00018ea6       0x10 zephyr/kernel/libkernel.a(sched.c.obj)
                0x00018ea6                z_priq_dumb_remove
 .text.z_unpend_thread
                0x00018eb6       0x46 zephyr/kernel/libkernel.a(sched.c.obj)
                0x00018eb6                z_unpend_thread
 .text.z_priq_dumb_best
                0x00018efc        0xe zephyr/kernel/libkernel.a(sched.c.obj)
                0x00018efc                z_priq_dumb_best
 .text.z_ready_thread
                0x00018f0a       0x38 zephyr/kernel/libkernel.a(sched.c.obj)
                0x00018f0a                z_ready_thread
 .text.z_thread_timeout
                0x00018f42       0x68 zephyr/kernel/libkernel.a(sched.c.obj)
                0x00018f42                z_thread_timeout
 .text.add_to_waitq_locked
                0x00018faa       0x54 zephyr/kernel/libkernel.a(sched.c.obj)
 .text.pend     0x00018ffe       0x42 zephyr/kernel/libkernel.a(sched.c.obj)
 .text.z_unpend_first_thread
                0x00019040       0x56 zephyr/kernel/libkernel.a(sched.c.obj)
                0x00019040                z_unpend_first_thread
 .text.z_unpend_all
                0x00019096       0x22 zephyr/kernel/libkernel.a(sched.c.obj)
                0x00019096                z_unpend_all
 .text.init_ready_q
                0x000190b8        0x8 zephyr/kernel/libkernel.a(sched.c.obj)
                0x000190b8                init_ready_q
 .text.remove_timeout
                0x000190c0       0x2e zephyr/kernel/libkernel.a(timeout.c.obj)
 .text.z_abort_timeout
                0x000190ee       0x3c zephyr/kernel/libkernel.a(timeout.c.obj)
                0x000190ee                z_abort_timeout
 .text.z_get_next_timeout_expiry
                0x0001912a       0x2c zephyr/kernel/libkernel.a(timeout.c.obj)
                0x0001912a                z_get_next_timeout_expiry
 .text.z_set_timeout_expiry
                0x00019156       0x56 zephyr/kernel/libkernel.a(timeout.c.obj)
                0x00019156                z_set_timeout_expiry
 .text.sys_clock_tick_get_32
                0x000191ac        0x8 zephyr/kernel/libkernel.a(timeout.c.obj)
                0x000191ac                sys_clock_tick_get_32
 .text.z_impl_k_uptime_ticks
                0x000191b4        0x8 zephyr/kernel/libkernel.a(timeout.c.obj)
                0x000191b4                z_impl_k_uptime_ticks
 .text.z_impl_k_busy_wait
                0x000191bc        0xc zephyr/kernel/libkernel.a(timeout.c.obj)
                0x000191bc                z_impl_k_busy_wait
 .text.sys_clock_timeout_end_calc
                0x000191c8       0x60 zephyr/kernel/libkernel.a(timeout.c.obj)
                0x000191c8                sys_clock_timeout_end_calc
 .text._OffsetAbsSyms
                0x00019228        0x2 zephyr/CMakeFiles/offsets.dir/./arch/arm/core/offsets/offsets.c.obj
                0x00019228                _OffsetAbsSyms
 *(SORT_BY_ALIGNMENT(.TEXT.*))
 *fill*         0x0001922a        0x2 
 .TEXT.z_arm_platform_init
                0x0001922c        0x4 zephyr/libzephyr.a(soc_nrf_common.S.obj)
                0x0001922c                z_arm_platform_init
 *(SORT_BY_ALIGNMENT(.gnu.linkonce.t.*))
 *(SORT_BY_ALIGNMENT(.glue_7t))
 .glue_7t       0x00019230        0x0 linker stubs
 *(SORT_BY_ALIGNMENT(.glue_7))
 .glue_7        0x00019230        0x0 linker stubs
 *(SORT_BY_ALIGNMENT(.vfp11_veneer))
 .vfp11_veneer  0x00019230        0x0 linker stubs
 *(SORT_BY_ALIGNMENT(.v4_bx))
 .v4_bx         0x00019230        0x0 linker stubs
                0x00019230                __text_region_end = .

.ARM.exidx      0x00019230        0x8
                0x00019230                __exidx_start = .
 *(SORT_BY_ALIGNMENT(.ARM.exidx*) SORT_BY_ALIGNMENT(gnu.linkonce.armexidx.*))
 .ARM.exidx     0x00019230        0x8 c:/nordicsdk/v1.9.1/toolchain/opt/bin/../lib/gcc/arm-none-eabi/9.2.1/thumb/v8-m.main/nofp\libgcc.a(_udivmoddi4.o)
                0x00019238                __exidx_end = .
                0x00019238                __rodata_region_start = .

initlevel       0x00019238       0x50
                0x00019238                __init_start = .
                0x00019238                __init_PRE_KERNEL_1_start = .
 *(SORT_BY_NAME(SORT_BY_ALIGNMENT(.z_init_PRE_KERNEL_1[0-9]_*)))
 .z_init_PRE_KERNEL_10_
                0x00019238        0x8 zephyr/libzephyr.a(soc.c.obj)
 *(SORT_BY_NAME(SORT_BY_ALIGNMENT(.z_init_PRE_KERNEL_1[1-9][0-9]_*)))
 .z_init_PRE_KERNEL_130_
                0x00019240        0x8 zephyr/drivers/clock_control/libdrivers__clock_control.a(clock_control_nrf.c.obj)
 .z_init_PRE_KERNEL_130_
                0x00019248        0x8 zephyr/kernel/libkernel.a(kheap.c.obj)
 .z_init_PRE_KERNEL_140_
                0x00019250        0x8 zephyr/drivers/gpio/libdrivers__gpio.a(gpio_nrfx.c.obj)
 .z_init_PRE_KERNEL_150_
                0x00019258        0x8 zephyr/drivers/entropy/libdrivers__entropy.a(entropy_cc310.c.obj)
 .z_init_PRE_KERNEL_155_
                0x00019260        0x8 zephyr/drivers/serial/libdrivers__serial.a(uart_nrfx_uarte.c.obj)
 .z_init_PRE_KERNEL_160_
                0x00019268        0x8 zephyr/drivers/console/libdrivers__console.a(uart_console.c.obj)
                0x00019270                __init_PRE_KERNEL_2_start = .
 *(SORT_BY_NAME(SORT_BY_ALIGNMENT(.z_init_PRE_KERNEL_2[0-9]_*)))
 .z_init_PRE_KERNEL_20_
                0x00019270        0x8 zephyr/drivers/timer/libdrivers__timer.a(nrf_rtc_timer.c.obj)
 *(SORT_BY_NAME(SORT_BY_ALIGNMENT(.z_init_PRE_KERNEL_2[1-9][0-9]_*)))
                0x00019278                __init_POST_KERNEL_start = .
 *(SORT_BY_NAME(SORT_BY_ALIGNMENT(.z_init_POST_KERNEL[0-9]_*)))
 .z_init_POST_KERNEL0_
                0x00019278        0x8 modules/nrf/lib/nrf_modem_lib/lib..__nrf__lib__nrf_modem_lib.a(nrf_modem_lib.c.obj)
 *(SORT_BY_NAME(SORT_BY_ALIGNMENT(.z_init_POST_KERNEL[1-9][0-9]_*)))
 .z_init_POST_KERNEL90_
                0x00019280        0x8 modules/nrf/subsys/fw_info/lib..__nrf__subsys__fw_info.a(fw_info.c.obj)
                0x00019288                __init_APPLICATION_start = .
 *(SORT_BY_NAME(SORT_BY_ALIGNMENT(.z_init_APPLICATION[0-9]_*)))
 *(SORT_BY_NAME(SORT_BY_ALIGNMENT(.z_init_APPLICATION[1-9][0-9]_*)))
                0x00019288                __init_SMP_start = .
 *(SORT_BY_NAME(SORT_BY_ALIGNMENT(.z_init_SMP[0-9]_*)))
 *(SORT_BY_NAME(SORT_BY_ALIGNMENT(.z_init_SMP[1-9][0-9]_*)))
                0x00019288                __init_end = .

devices         0x00019288       0x60
                0x00019288                __device_start = .
                0x00019288                __device_PRE_KERNEL_1_start = .
 *(SORT_BY_NAME(SORT_BY_ALIGNMENT(.z_device_PRE_KERNEL_1[0-9]_*)))
 *(SORT_BY_NAME(SORT_BY_ALIGNMENT(.z_device_PRE_KERNEL_1[1-9][0-9]_*)))
 .z_device_PRE_KERNEL_130_
                0x00019288       0x18 zephyr/drivers/clock_control/libdrivers__clock_control.a(clock_control_nrf.c.obj)
                0x00019288                __device_dts_ord_35
 .z_device_PRE_KERNEL_140_
                0x000192a0       0x18 zephyr/drivers/gpio/libdrivers__gpio.a(gpio_nrfx.c.obj)
                0x000192a0                __device_dts_ord_9
 .z_device_PRE_KERNEL_150_
                0x000192b8       0x18 zephyr/drivers/entropy/libdrivers__entropy.a(entropy_cc310.c.obj)
                0x000192b8                __device_dts_ord_5
 .z_device_PRE_KERNEL_155_
                0x000192d0       0x18 zephyr/drivers/serial/libdrivers__serial.a(uart_nrfx_uarte.c.obj)
                0x000192d0                __device_dts_ord_64
                0x000192e8                __device_PRE_KERNEL_2_start = .
 *(SORT_BY_NAME(SORT_BY_ALIGNMENT(.z_device_PRE_KERNEL_2[0-9]_*)))
 *(SORT_BY_NAME(SORT_BY_ALIGNMENT(.z_device_PRE_KERNEL_2[1-9][0-9]_*)))
                0x000192e8                __device_POST_KERNEL_start = .
 *(SORT_BY_NAME(SORT_BY_ALIGNMENT(.z_device_POST_KERNEL[0-9]_*)))
 *(SORT_BY_NAME(SORT_BY_ALIGNMENT(.z_device_POST_KERNEL[1-9][0-9]_*)))
                0x000192e8                __device_APPLICATION_start = .
 *(SORT_BY_NAME(SORT_BY_ALIGNMENT(.z_device_APPLICATION[0-9]_*)))
 *(SORT_BY_NAME(SORT_BY_ALIGNMENT(.z_device_APPLICATION[1-9][0-9]_*)))
                0x000192e8                __device_SMP_start = .
 *(SORT_BY_NAME(SORT_BY_ALIGNMENT(.z_device_SMP[0-9]_*)))
 *(SORT_BY_NAME(SORT_BY_ALIGNMENT(.z_device_SMP[1-9][0-9]_*)))
                0x000192e8                __device_end = .

sw_isr_table    0x000192e8      0x208
                0x000192e8                . = ALIGN (0x0)
 *(SORT_BY_ALIGNMENT(.gnu.linkonce.sw_isr_table*))
 .gnu.linkonce.sw_isr_table
                0x000192e8      0x208 zephyr/arch/common/libisr_tables.a(isr_tables.c.obj)
                0x000192e8                _sw_isr_table

initlevel_error
                0x00019238        0x0
 *(SORT_BY_NAME(SORT_BY_ALIGNMENT(.z_init_[_A-Z0-9]*)))
                0x00000001                ASSERT ((SIZEOF (initlevel_error) == 0x0), Undefined initialization levels used.)

app_shmem_regions
                0x000194f0        0x0
                0x000194f0                __app_shmem_regions_start = .
 *(SORT_BY_NAME(SORT_BY_ALIGNMENT(.app_regions.*)))
                0x000194f0                __app_shmem_regions_end = .

bt_l2cap_fixed_chan_area
                0x000194f0        0x0
                0x000194f0                _bt_l2cap_fixed_chan_list_start = .
 *(SORT_BY_NAME(SORT_BY_ALIGNMENT(._bt_l2cap_fixed_chan.static.*)))
                0x000194f0                _bt_l2cap_fixed_chan_list_end = .

bt_gatt_service_static_area
                0x000194f0        0x0
                0x000194f0                _bt_gatt_service_static_list_start = .
 *(SORT_BY_NAME(SORT_BY_ALIGNMENT(._bt_gatt_service_static.static.*)))
                0x000194f0                _bt_gatt_service_static_list_end = .

k_p4wq_initparam_area
                0x000194f0        0x0
                0x000194f0                _k_p4wq_initparam_list_start = .
 *(SORT_BY_NAME(SORT_BY_ALIGNMENT(._k_p4wq_initparam.static.*)))
                0x000194f0                _k_p4wq_initparam_list_end = .

log_strings_sections
                0x000194f0        0x0
                0x000194f0                __log_strings_start = .
 *(SORT_BY_NAME(SORT_BY_ALIGNMENT(.log_strings*)))
                0x000194f0                __log_strings_end = .

log_const_sections
                0x000194f0        0x0
                0x000194f0                __log_const_start = .
 *(SORT_BY_NAME(SORT_BY_ALIGNMENT(.log_const_*)))
                0x000194f0                __log_const_end = .

log_backends_sections
                0x000194f0        0x0
                0x000194f0                __log_backends_start = .
 *(SORT_BY_ALIGNMENT(._log_backend.*))
                0x000194f0                __log_backends_end = .

shell_area      0x000194f0        0x0
                0x000194f0                _shell_list_start = .
 *(SORT_BY_NAME(SORT_BY_ALIGNMENT(._shell.static.*)))
                0x000194f0                _shell_list_end = .

shell_root_cmds_sections
                0x000194f0        0x0
                0x000194f0                __shell_root_cmds_start = .
 *(SORT_BY_NAME(SORT_BY_ALIGNMENT(.shell_root_cmd_*)))
                0x000194f0                __shell_root_cmds_end = .

font_entry_sections
                0x000194f0        0x0
                0x000194f0                __font_entry_start = .
 *(SORT_BY_NAME(SORT_BY_ALIGNMENT(._cfb_font.*)))
                0x000194f0                __font_entry_end = .

tracing_backend_area
                0x000194f0        0x0
                0x000194f0                _tracing_backend_list_start = .
 *(SORT_BY_NAME(SORT_BY_ALIGNMENT(._tracing_backend.static.*)))
                0x000194f0                _tracing_backend_list_end = .

zephyr_dbg_info
                0x000194f0       0x3c
 *(SORT_BY_ALIGNMENT(.dbg_thread_info))
 .dbg_thread_info
                0x000194f0       0x3c zephyr/libzephyr.a(thread_info.c.obj)
                0x000194f0                _kernel_openocd_size_t_size
                0x000194f0                _kernel_thread_info_size_t_size
                0x000194f4                _kernel_openocd_num_offsets
                0x000194f4                _kernel_thread_info_num_offsets
                0x000194f8                _kernel_openocd_offsets
                0x000194f8                _kernel_thread_info_offsets

device_handles  0x0001952c       0x32
                0x0001952c                __device_handles_start = .
 *(SORT_BY_NAME(SORT_BY_ALIGNMENT(.__device_handles_pass1*)))
 .__device_handles_pass1
                0x0001952c        0xa zephyr/drivers/clock_control/libdrivers__clock_control.a(clock_control_nrf.c.obj)
                0x0001952c                __devicehdl_DT_N_S_soc_S_peripheral_40000000_S_clock_5000
 .__device_handles_pass1
                0x00019536       0x16 zephyr/drivers/gpio/libdrivers__gpio.a(gpio_nrfx.c.obj)
                0x00019536                __devicehdl_DT_N_S_soc_S_peripheral_40000000_S_gpio_842500
 .__device_handles_pass1
                0x0001954c        0xa zephyr/drivers/serial/libdrivers__serial.a(uart_nrfx_uarte.c.obj)
                0x0001954c                __devicehdl_DT_N_S_soc_S_peripheral_40000000_S_uart_8000
 .__device_handles_pass1
                0x00019556        0x8 zephyr/drivers/entropy/libdrivers__entropy.a(entropy_cc310.c.obj)
                0x00019556                __devicehdl_DT_N_S_cryptocell_sw
                0x0001955e                __device_handles_end = .

rodata          0x00019560      0x344
 *(SORT_BY_ALIGNMENT(.rodata))
 .rodata        0x00019560       0x18 modules/nrf/subsys/fw_info/lib..__nrf__subsys__fw_info.a(fw_info.c.obj)
 *(SORT_BY_ALIGNMENT(.rodata.*))
 *fill*         0x00019578        0x8 
 .rodata.delay_machine_code.8824
                0x00019580        0x6 zephyr/libzephyr.a(soc.c.obj)
 *fill*         0x00019586        0x2 
 .rodata.Init_GPIO.str1.4
                0x00019588       0x27 app/libapp.a(main.c.obj)
 *fill*         0x000195af        0x1 
 .rodata.main.str1.4
                0x000195b0       0x58 app/libapp.a(main.c.obj)
 .rodata.cbvprintf.str1.4
                0x00019608        0x6 zephyr/libzephyr.a(cbprintf_complete.c.obj)
 *fill*         0x0001960e        0x2 
 .rodata.static_regions
                0x00019610        0xc zephyr/arch/arch/arm/core/aarch32/mpu/libarch__arm__core__aarch32__mpu.a(arm_core_mpu.c.obj)
 .rodata.str1.4
                0x0001961c        0xf zephyr/soc/arm/common/cortex_m/libsoc__arm__common__cortex_m.a(arm_mpu_regions.c.obj)
 *fill*         0x0001962b        0x1 
 .rodata.mpu_config
                0x0001962c        0x8 zephyr/soc/arm/common/cortex_m/libsoc__arm__common__cortex_m.a(arm_mpu_regions.c.obj)
                0x0001962c                mpu_config
 .rodata.mpu_regions
                0x00019634       0x20 zephyr/soc/arm/common/cortex_m/libsoc__arm__common__cortex_m.a(arm_mpu_regions.c.obj)
 .rodata.str1.4
                0x00019654        0x6 zephyr/drivers/clock_control/libdrivers__clock_control.a(clock_control_nrf.c.obj)
 *fill*         0x0001965a        0x2 
 .rodata.clock_control_api
                0x0001965c       0x18 zephyr/drivers/clock_control/libdrivers__clock_control.a(clock_control_nrf.c.obj)
 .rodata.config
                0x00019674       0x10 zephyr/drivers/clock_control/libdrivers__clock_control.a(clock_control_nrf.c.obj)
 .rodata.transitions.10919
                0x00019684        0xc zephyr/drivers/clock_control/libdrivers__clock_control.a(clock_control_nrf.c.obj)
 .rodata.str1.4
                0x00019690        0x7 zephyr/drivers/gpio/libdrivers__gpio.a(gpio_nrfx.c.obj)
 .rodata.gpio_nrfx_drv_api_funcs
                0x00019690       0x24 zephyr/drivers/gpio/libdrivers__gpio.a(gpio_nrfx.c.obj)
 .rodata.gpio_nrfx_p0_cfg
                0x000196b4       0x10 zephyr/drivers/gpio/libdrivers__gpio.a(gpio_nrfx.c.obj)
 .rodata.str1.4
                0x000196c4        0x7 zephyr/drivers/serial/libdrivers__serial.a(uart_nrfx_uarte.c.obj)
 *fill*         0x000196cb        0x1 
 .rodata.uart_nrfx_uarte_driver_api
                0x000196cc       0x14 zephyr/drivers/serial/libdrivers__serial.a(uart_nrfx_uarte.c.obj)
 .rodata.uarte_0z_config
                0x000196e0       0x20 zephyr/drivers/serial/libdrivers__serial.a(uart_nrfx_uarte.c.obj)
 .rodata.str1.4
                0x00019700        0xe zephyr/drivers/entropy/libdrivers__entropy.a(entropy_cc310.c.obj)
 *fill*         0x0001970e        0x2 
 .rodata.entropy_cc3xx_rng_api
                0x00019710        0x8 zephyr/drivers/entropy/libdrivers__entropy.a(entropy_cc310.c.obj)
 .rodata.init_params
                0x00019718       0x24 modules/nrf/lib/nrf_modem_lib/lib..__nrf__lib__nrf_modem_lib.a(nrf_modem_lib.c.obj)
 .rodata.check_ext_api_requests.str1.4
                0x0001973c       0x5f modules/nrf/subsys/fw_info/lib..__nrf__subsys__fw_info.a(fw_info.c.obj)
 *fill*         0x0001979b        0x1 
 .rodata.m_rpc_client_list
                0x0001979c       0x30 C:/NordicSDK/v1.9.1/nrfxlib/nrf_modem/lib/cortex-m33/soft-float/libmodem.a(rpc_framework.c.obj)
 .rodata.levels.9174
                0x000197cc       0x14 zephyr/kernel/libkernel.a(device.c.obj)
 .rodata._k_neg_eagain
                0x000197e0        0x4 zephyr/kernel/libkernel.a(errno.c.obj)
                0x000197e0                _k_neg_eagain
 .rodata.init_idle_thread.str1.4
                0x000197e4        0xa zephyr/kernel/libkernel.a(init.c.obj)
 *fill*         0x000197ee        0x2 
 .rodata.prepare_multithreading.str1.4
                0x000197f0        0x5 zephyr/kernel/libkernel.a(init.c.obj)
 *fill*         0x000197f5        0x3 
 .rodata.boot_banner.str1.4
                0x000197f8       0x37 zephyr/kernel/libkernel.a(banner.c.obj)
                                 0x3b (size before relaxing)
 .rodata.CSWTCH.108
                0x0001982f        0x5 C:/NordicSDK/v1.9.1/nrfxlib/nrf_modem/lib/cortex-m33/soft-float/libmodem.a(ip_interface.c.obj)
 .rodata.CSWTCH.117
                0x00019834       0x6b C:/NordicSDK/v1.9.1/nrfxlib/nrf_modem/lib/cortex-m33/soft-float/libmodem.a(ip_interface.c.obj)
 *(SORT_BY_ALIGNMENT(.gnu.linkonce.r.*))
                0x000198a0                . = ALIGN (0x4)
 *fill*         0x0001989f        0x1 
                0x000198a0                _fw_info_images_start = .
 *(SORT_BY_ALIGNMENT(.fw_info_images))
 .fw_info_images
                0x000198a0        0x4 modules/nrf/subsys/fw_info/lib..__nrf__subsys__fw_info.a(fw_info.c.obj)
                0x000198a0                self_image
                0x00000001                _fw_info_images_size = ABSOLUTE (((. - _fw_info_images_start) / 0x4))
                0x000198a4                _ext_apis_start = .
 *(SORT_BY_ALIGNMENT(.ext_apis))